Archive member included to satisfy reference by file (symbol)

/mnt/785C9EBA5C9E729C/FACULTAD/ED3-Panel-Solar/CMSISv2p00_LPC17xx/Debug/libCMSISv2p00_LPC17xx.a(system_LPC17xx.o)
                              ./src/cr_startup_lpc175x_6x.o (SystemInit)
/mnt/785C9EBA5C9E729C/FACULTAD/ED3-Panel-Solar/CMSISv2p00_LPC17xx/Debug/libCMSISv2p00_LPC17xx.a(lpc17xx_adc.o)
                              ./src/ldr.o (ADC_Init)
/mnt/785C9EBA5C9E729C/FACULTAD/ED3-Panel-Solar/CMSISv2p00_LPC17xx/Debug/libCMSISv2p00_LPC17xx.a(lpc17xx_clkpwr.o)
                              /mnt/785C9EBA5C9E729C/FACULTAD/ED3-Panel-Solar/CMSISv2p00_LPC17xx/Debug/libCMSISv2p00_LPC17xx.a(lpc17xx_adc.o) (CLKPWR_GetPCLK)
/mnt/785C9EBA5C9E729C/FACULTAD/ED3-Panel-Solar/CMSISv2p00_LPC17xx/Debug/libCMSISv2p00_LPC17xx.a(lpc17xx_gpdma.o)
                              ./src/bluetooh.o (GPDMA_Init)
/mnt/785C9EBA5C9E729C/FACULTAD/ED3-Panel-Solar/CMSISv2p00_LPC17xx/Debug/libCMSISv2p00_LPC17xx.a(lpc17xx_gpio.o)
                              ./src/keyboard.o (GPIO_SetDir)
/mnt/785C9EBA5C9E729C/FACULTAD/ED3-Panel-Solar/CMSISv2p00_LPC17xx/Debug/libCMSISv2p00_LPC17xx.a(lpc17xx_libcfg_default.o)
                              /mnt/785C9EBA5C9E729C/FACULTAD/ED3-Panel-Solar/CMSISv2p00_LPC17xx/Debug/libCMSISv2p00_LPC17xx.a(lpc17xx_adc.o) (check_failed)
/mnt/785C9EBA5C9E729C/FACULTAD/ED3-Panel-Solar/CMSISv2p00_LPC17xx/Debug/libCMSISv2p00_LPC17xx.a(lpc17xx_pinsel.o)
                              ./src/bluetooh.o (PINSEL_ConfigPin)
/mnt/785C9EBA5C9E729C/FACULTAD/ED3-Panel-Solar/CMSISv2p00_LPC17xx/Debug/libCMSISv2p00_LPC17xx.a(lpc17xx_timer.o)
                              ./src/keyboard.o (TIM_ClearIntPending)
/mnt/785C9EBA5C9E729C/FACULTAD/ED3-Panel-Solar/CMSISv2p00_LPC17xx/Debug/libCMSISv2p00_LPC17xx.a(lpc17xx_uart.o)
                              ./src/bluetooh.o (UART_Init)
/usr/local/mcuxpressoide-11.6.0_8187/ide/plugins/com.nxp.mcuxpresso.tools.linux_11.6.0.202112161359/tools/bin/../lib/gcc/arm-none-eabi/10.3.1/../../../../arm-none-eabi/lib/thumb/v7-m/nofp/libcr_semihost.a(_cr__main.o)
                              ./src/cr_startup_lpc175x_6x.o (__main)
/usr/local/mcuxpressoide-11.6.0_8187/ide/plugins/com.nxp.mcuxpresso.tools.linux_11.6.0.202112161359/tools/bin/../lib/gcc/arm-none-eabi/10.3.1/../../../../arm-none-eabi/lib/thumb/v7-m/nofp/libcr_c.a(initio.o)
                              /usr/local/mcuxpressoide-11.6.0_8187/ide/plugins/com.nxp.mcuxpresso.tools.linux_11.6.0.202112161359/tools/bin/../lib/gcc/arm-none-eabi/10.3.1/../../../../arm-none-eabi/lib/thumb/v7-m/nofp/libcr_semihost.a(_cr__main.o) (_initio)
/usr/local/mcuxpressoide-11.6.0_8187/ide/plugins/com.nxp.mcuxpresso.tools.linux_11.6.0.202112161359/tools/bin/../lib/gcc/arm-none-eabi/10.3.1/../../../../arm-none-eabi/lib/thumb/v7-m/nofp/libcr_c.a(setvbuf.o)
                              /usr/local/mcuxpressoide-11.6.0_8187/ide/plugins/com.nxp.mcuxpresso.tools.linux_11.6.0.202112161359/tools/bin/../lib/gcc/arm-none-eabi/10.3.1/../../../../arm-none-eabi/lib/thumb/v7-m/nofp/libcr_c.a(initio.o) (setvbuf)
/usr/local/mcuxpressoide-11.6.0_8187/ide/plugins/com.nxp.mcuxpresso.tools.linux_11.6.0.202112161359/tools/bin/../lib/gcc/arm-none-eabi/10.3.1/../../../../arm-none-eabi/lib/thumb/v7-m/nofp/libcr_c.a(strcat.o)
                              ./src/bluetooh.o (strcat)
/usr/local/mcuxpressoide-11.6.0_8187/ide/plugins/com.nxp.mcuxpresso.tools.linux_11.6.0.202112161359/tools/bin/../lib/gcc/arm-none-eabi/10.3.1/../../../../arm-none-eabi/lib/thumb/v7-m/nofp/libcr_c.a(_fdopen.o)
                              /usr/local/mcuxpressoide-11.6.0_8187/ide/plugins/com.nxp.mcuxpresso.tools.linux_11.6.0.202112161359/tools/bin/../lib/gcc/arm-none-eabi/10.3.1/../../../../arm-none-eabi/lib/thumb/v7-m/nofp/libcr_c.a(initio.o) (_fdopen)
/usr/local/mcuxpressoide-11.6.0_8187/ide/plugins/com.nxp.mcuxpresso.tools.linux_11.6.0.202112161359/tools/bin/../lib/gcc/arm-none-eabi/10.3.1/../../../../arm-none-eabi/lib/thumb/v7-m/nofp/libcr_c.a(fclose.o)
                              /usr/local/mcuxpressoide-11.6.0_8187/ide/plugins/com.nxp.mcuxpresso.tools.linux_11.6.0.202112161359/tools/bin/../lib/gcc/arm-none-eabi/10.3.1/../../../../arm-none-eabi/lib/thumb/v7-m/nofp/libcr_c.a(initio.o) (fclose)
/usr/local/mcuxpressoide-11.6.0_8187/ide/plugins/com.nxp.mcuxpresso.tools.linux_11.6.0.202112161359/tools/bin/../lib/gcc/arm-none-eabi/10.3.1/../../../../arm-none-eabi/lib/thumb/v7-m/nofp/libcr_c.a(fflush.o)
                              /usr/local/mcuxpressoide-11.6.0_8187/ide/plugins/com.nxp.mcuxpresso.tools.linux_11.6.0.202112161359/tools/bin/../lib/gcc/arm-none-eabi/10.3.1/../../../../arm-none-eabi/lib/thumb/v7-m/nofp/libcr_c.a(fclose.o) (fflush)
/usr/local/mcuxpressoide-11.6.0_8187/ide/plugins/com.nxp.mcuxpresso.tools.linux_11.6.0.202112161359/tools/bin/../lib/gcc/arm-none-eabi/10.3.1/../../../../arm-none-eabi/lib/thumb/v7-m/nofp/libcr_c.a(fseek.o)
[...]
Memory Configuration

Name             Origin             Length             Attributes
MFlash512        0x0000000000000000 0x0000000000080000 xr
RamLoc32         0x0000000010000000 0x0000000000008000 xrw
RamAHB32         0x000000002007c000 0x0000000000008000 xrw
*default*        0x0000000000000000 0xffffffffffffffff

Linker script and memory map

LOAD ./src/Panel-Solar.o
LOAD ./src/bluetooh.o
LOAD ./src/cr_startup_lpc175x_6x.o
LOAD ./src/crp.o
LOAD ./src/keyboard.o
LOAD ./src/ldr.o
LOAD ./src/stepper_motor.o
LOAD /mnt/785C9EBA5C9E729C/FACULTAD/ED3-Panel-Solar/CMSISv2p00_LPC17xx/Debug/libCMSISv2p00_LPC17xx.a
START GROUP
LOAD /usr/local/mcuxpressoide-11.6.0_8187/ide/plugins/com.nxp.mcuxpresso.tools.linux_11.6.0.202112161359/tools/bin/../lib/gcc/arm-none-eabi/10.3.1/../../../../arm-none-eabi/lib/thumb/v7-m/nofp/libcr_semihost.a
LOAD /usr/local/mcuxpressoide-11.6.0_8187/ide/plugins/com.nxp.mcuxpresso.tools.linux_11.6.0.202112161359/tools/bin/../lib/gcc/arm-none-eabi/10.3.1/../../../../arm-none-eabi/lib/thumb/v7-m/nofp/libcr_c.a
LOAD /usr/local/mcuxpressoide-11.6.0_8187/ide/plugins/com.nxp.mcuxpresso.tools.linux_11.6.0.202112161359/tools/bin/../lib/gcc/arm-none-eabi/10.3.1/thumb/v7-m/nofp/libcr_eabihelpers.a
LOAD /usr/local/mcuxpressoide-11.6.0_8187/ide/plugins/com.nxp.mcuxpresso.tools.linux_11.6.0.202112161359/tools/bin/../lib/gcc/arm-none-eabi/10.3.1/thumb/v7-m/nofp/libgcc.a
END GROUP
                0x0000000000000000                __base_MFlash512 = 0x0
                0x0000000000000000                __base_Flash = 0x0
                0x0000000000080000                __top_MFlash512 = 0x80000
                0x0000000000080000                __top_Flash = 0x80000
                0x0000000010000000                __base_RamLoc32 = 0x10000000
                0x0000000010000000                __base_RAM = 0x10000000
                0x0000000010008000                __top_RamLoc32 = 0x10008000
                0x0000000010008000                __top_RAM = 0x10008000
                0x000000002007c000                __base_RamAHB32 = 0x2007c000
                0x000000002007c000                __base_RAM2 = 0x2007c000
                0x0000000020084000                __top_RamAHB32 = 0x20084000
                0x0000000020084000                __top_RAM2 = 0x20084000

.text           0x0000000000000000     0x28f8
 FILL mask 0xff
                0x0000000000000000                __vectors_start__ = ABSOLUTE (.)
 *(.isr_vector)
 .isr_vector    0x0000000000000000       0xcc ./src/cr_startup_lpc175x_6x.o
                0x0000000000000000                g_pfnVectors
                0x00000000000000cc                . = ALIGN (0x4)
                0x00000000000000cc                __section_table_start = .
                0x00000000000000cc                __data_section_table = .
                0x00000000000000cc        0x4 LONG 0x28f8 LOADADDR (.data)
                0x00000000000000d0        0x4 LONG 0x10000000 ADDR (.data)
                0x00000000000000d4        0x4 LONG 0x80 SIZEOF (.data)
                0x00000000000000d8        0x4 LONG 0x28f8 LOADADDR (.data_RAM2)
                0x00000000000000dc        0x4 LONG 0x2007c000 ADDR (.data_RAM2)
                0x00000000000000e0        0x4 LONG 0x0 SIZEOF (.data_RAM2)
                0x00000000000000e4                __data_section_table_end = .
                0x00000000000000e4                __bss_section_table = .
                0x00000000000000e4        0x4 LONG 0x10000080 ADDR (.bss)
                0x00000000000000e8        0x4 LONG 0x438 SIZEOF (.bss)
                0x00000000000000ec        0x4 LONG 0x2007c000 ADDR (.bss_RAM2)
                0x00000000000000f0        0x4 LONG 0x0 SIZEOF (.bss_RAM2)
                0x00000000000000f4                __bss_section_table_end = .
                0x00000000000000f4                __section_table_end = .
 *(.after_vectors*)
 .after_vectors
                0x00000000000000f4      0x130 ./src/cr_startup_lpc175x_6x.o
                0x00000000000000f4                data_init
                0x0000000000000138                bss_init
                0x0000000000000170                ResetISR
                0x00000000000001e8                NMI_Handler
                0x00000000000001ee                HardFault_Handler
                0x00000000000001f4                MemManage_Handler
                0x00000000000001fa                BusFault_Handler
                0x0000000000000200                UsageFault_Handler
                0x0000000000000206                SVC_Handler
                0x000000000000020c                DebugMon_Handler
                0x0000000000000212                PendSV_Handler
                0x0000000000000218                SysTick_Handler
                0x000000000000021e                RIT_IRQHandler
                0x000000000000021e                I2C0_IRQHandler
                0x000000000000021e                USBActivity_IRQHandler
                0x000000000000021e                PWM1_IRQHandler
                0x000000000000021e                I2C1_IRQHandler
                0x000000000000021e                EINT2_IRQHandler
                0x000000000000021e                UART1_IRQHandler
                0x000000000000021e                CANActivity_IRQHandler
                0x000000000000021e                TIMER3_IRQHandler
                0x000000000000021e                UART0_IRQHandler
                0x000000000000021e                IntDefaultHandler
                0x000000000000021e                PLL0_IRQHandler
                0x000000000000021e                CAN_IRQHandler
                0x000000000000021e                PLL1_IRQHandler
                0x000000000000021e                SSP0_IRQHandler
                0x000000000000021e                I2S_IRQHandler
                0x000000000000021e                I2C2_IRQHandler
                0x000000000000021e                RTC_IRQHandler
                0x000000000000021e                SPI_IRQHandler
                0x000000000000021e                EINT1_IRQHandler
                0x000000000000021e                UART2_IRQHandler
                0x000000000000021e                SSP1_IRQHandler
                0x000000000000021e                USB_IRQHandler
                0x000000000000021e                BOD_IRQHandler
                0x000000000000021e                WDT_IRQHandler
                0x000000000000021e                QEI_IRQHandler
                0x000000000000021e                EINT0_IRQHandler
                0x000000000000021e                UART3_IRQHandler
                0x000000000000021e                MCPWM_IRQHandler
                0x000000000000021e                ENET_IRQHandler
                0x00000000000002fc                . = 0x2fc
 *fill*         0x0000000000000224       0xd8 ff
                0x00000000000002fc                PROVIDE (__CRP_WORD_START__ = .)
 *(.crp)
 .crp           0x00000000000002fc        0x4 ./src/crp.o
                0x00000000000002fc                CRP_WORD
                0x0000000000000300                PROVIDE (__CRP_WORD_END__ = .)
                0x0000000000000001                ASSERT (! ((__CRP_WORD_START__ == __CRP_WORD_END__)), Linker CRP Enabled, but no CRP_WORD provided within application)
 *(.text*)
 .text.main     0x0000000000000300       0x16 ./src/Panel-Solar.o
                0x0000000000000300                main
 *fill*         0x0000000000000316        0x2 ff
 .text.NVIC_EnableIRQ
                0x0000000000000318       0x30 ./src/bluetooh.o
 .text.NVIC_DisableIRQ
                0x0000000000000348       0x34 ./src/bluetooh.o
 .text.initUART
                0x000000000000037c       0x28 ./src/bluetooh.o
                0x000000000000037c                initUART
 .text.config_pin_uart
                0x00000000000003a4       0x36 ./src/bluetooh.o
                0x00000000000003a4                config_pin_uart
 *fill*         0x00000000000003da        0x2 ff
 .text.config_uart
                0x00000000000003dc       0x44 ./src/bluetooh.o
                0x00000000000003dc                config_uart
 .text.config_gpdma
                0x0000000000000420       0x6c ./src/bluetooh.o
                0x0000000000000420                config_gpdma
 .text.DMA_IRQHandler
                0x000000000000048c       0x30 ./src/bluetooh.o
                0x000000000000048c                DMA_IRQHandler
 .text.print_msg
                0x00000000000004bc       0x34 ./src/bluetooh.o
                0x00000000000004bc                print_msg
 .text.NVIC_EnableIRQ
                0x00000000000004f0       0x30 ./src/keyboard.o
 .text.NVIC_DisableIRQ
                0x0000000000000520       0x34 ./src/keyboard.o
 .text.init_keyboard
                0x0000000000000554       0x20 ./src/keyboard.o
                0x0000000000000554                init_keyboard
 .text.config_pinsel
                0x0000000000000574       0x3e ./src/keyboard.o
                0x0000000000000574                config_pinsel
 .text.config_gpio_keyboard
                0x00000000000005b2       0x50 ./src/keyboard.o
                0x00000000000005b2                config_gpio_keyboard
 *fill*         0x0000000000000602        0x2 ff
 .text.config_timer2
                0x0000000000000604       0x5c ./src/keyboard.o
                0x0000000000000604                config_timer2
 .text.TIMER2_IRQHandler
                0x0000000000000660       0xe0 ./src/keyboard.o
                0x0000000000000660                TIMER2_IRQHandler
 .text.EINT3_IRQHandler
                0x0000000000000740      0x104 ./src/keyboard.o
                0x0000000000000740                EINT3_IRQHandler
 .text.read_keyboard
                0x0000000000000844       0xc0 ./src/keyboard.o
                0x0000000000000844                read_keyboard
 .text.menu     0x0000000000000904       0x28 ./src/keyboard.o
                0x0000000000000904                menu
 .text.manual_mode
                0x000000000000092c       0xe0 ./src/keyboard.o
                0x000000000000092c                manual_mode
 .text.automatic_mode
                0x0000000000000a0c       0x24 ./src/keyboard.o
                0x0000000000000a0c                automatic_mode
 .text.calibrate
                0x0000000000000a30        0xe ./src/keyboard.o
                0x0000000000000a30                calibrate
 *fill*         0x0000000000000a3e        0x2 ff
 .text.NVIC_EnableIRQ
                0x0000000000000a40       0x30 ./src/ldr.o
 .text.NVIC_DisableIRQ
                0x0000000000000a70       0x34 ./src/ldr.o
 .text.init_ldr
                0x0000000000000aa4       0x10 ./src/ldr.o
                0x0000000000000aa4                init_ldr
 .text.config_pin
                0x0000000000000ab4       0x36 ./src/ldr.o
                0x0000000000000ab4                config_pin
 *fill*         0x0000000000000aea        0x2 ff
 .text.config_adc
                0x0000000000000aec       0x58 ./src/ldr.o
                0x0000000000000aec                config_adc
 .text.ADC_IRQHandler
                0x0000000000000b44      0x110 ./src/ldr.o
                0x0000000000000b44                ADC_IRQHandler
 .text.TIMER1_IRQHandler
                0x0000000000000c54       0x24 ./src/ldr.o
                0x0000000000000c54                TIMER1_IRQHandler
 .text.enable_ldr
                0x0000000000000c78       0x20 ./src/ldr.o
                0x0000000000000c78                enable_ldr
 .text.disable_ldr
                0x0000000000000c98       0x20 ./src/ldr.o
                0x0000000000000c98                disable_ldr
 .text.NVIC_EnableIRQ
                0x0000000000000cb8       0x30 ./src/stepper_motor.o
 .text.NVIC_DisableIRQ
                0x0000000000000ce8       0x34 ./src/stepper_motor.o
 .text.initStepper
                0x0000000000000d1c       0x10 ./src/stepper_motor.o
                0x0000000000000d1c                initStepper
 .text.config_gpio_motor
                0x0000000000000d2c       0x9e ./src/stepper_motor.o
                0x0000000000000d2c                config_gpio_motor
 *fill*         0x0000000000000dca        0x2 ff
 .text.config_timer0
                0x0000000000000dcc       0x6c ./src/stepper_motor.o
                0x0000000000000dcc                config_timer0
 .text.TIMER0_IRQHandler
                0x0000000000000e38       0x60 ./src/stepper_motor.o
                0x0000000000000e38                TIMER0_IRQHandler
 .text.set_mode
                0x0000000000000e98       0x50 ./src/stepper_motor.o
                0x0000000000000e98                set_mode
 .text.turnRight
                0x0000000000000ee8       0x8c ./src/stepper_motor.o
                0x0000000000000ee8                turnRight
 .text.turnLeft
                0x0000000000000f74       0x8c ./src/stepper_motor.o
                0x0000000000000f74                turnLeft
 .text.stopMotor
                0x0000000000001000       0x38 ./src/stepper_motor.o
                0x0000000000001000                stopMotor
 .text.turnAngle
                0x0000000000001038       0x48 ./src/stepper_motor.o
                0x0000000000001038                turnAngle
 .text.start_motor
                0x0000000000001080       0x18 ./src/stepper_motor.o
                0x0000000000001080                start_motor
 .text.SystemInit
                0x0000000000001098       0xd8 /mnt/785C9EBA5C9E729C/FACULTAD/ED3-Panel-Solar/CMSISv2p00_LPC17xx/Debug/libCMSISv2p00_LPC17xx.a(system_LPC17xx.o)
                0x0000000000001098                SystemInit
 .text.ADC_Init
                0x0000000000001170       0x58 /mnt/785C9EBA5C9E729C/FACULTAD/ED3-Panel-Solar/CMSISv2p00_LPC17xx/Debug/libCMSISv2p00_LPC17xx.a(lpc17xx_adc.o)
                0x0000000000001170                ADC_Init
 .text.ADC_StartCmd
                0x00000000000011c8       0x3c /mnt/785C9EBA5C9E729C/FACULTAD/ED3-Panel-Solar/CMSISv2p00_LPC17xx/Debug/libCMSISv2p00_LPC17xx.a(lpc17xx_adc.o)
                0x00000000000011c8                ADC_StartCmd
 .text.ADC_BurstCmd
                0x0000000000001204       0x30 /mnt/785C9EBA5C9E729C/FACULTAD/ED3-Panel-Solar/CMSISv2p00_LPC17xx/Debug/libCMSISv2p00_LPC17xx.a(lpc17xx_adc.o)
                0x0000000000001204                ADC_BurstCmd
 .text.ADC_IntConfig
                0x0000000000001234       0x44 /mnt/785C9EBA5C9E729C/FACULTAD/ED3-Panel-Solar/CMSISv2p00_LPC17xx/Debug/libCMSISv2p00_LPC17xx.a(lpc17xx_adc.o)
                0x0000000000001234                ADC_IntConfig
 .text.ADC_ChannelCmd
                0x0000000000001278       0x34 /mnt/785C9EBA5C9E729C/FACULTAD/ED3-Panel-Solar/CMSISv2p00_LPC17xx/Debug/libCMSISv2p00_LPC17xx.a(lpc17xx_adc.o)
                0x0000000000001278                ADC_ChannelCmd
 .text.ADC_ChannelGetData
                0x00000000000012ac       0x28 /mnt/785C9EBA5C9E729C/FACULTAD/ED3-Panel-Solar/CMSISv2p00_LPC17xx/Debug/libCMSISv2p00_LPC17xx.a(lpc17xx_adc.o)
                0x00000000000012ac                ADC_ChannelGetData
 .text.ADC_ChannelGetStatus
                0x00000000000012d4       0x48 /mnt/785C9EBA5C9E729C/FACULTAD/ED3-Panel-Solar/CMSISv2p00_LPC17xx/Debug/libCMSISv2p00_LPC17xx.a(lpc17xx_adc.o)
                0x00000000000012d4                ADC_ChannelGetStatus
 .text.CLKPWR_SetPCLKDiv
                0x000000000000131c       0x4c /mnt/785C9EBA5C9E729C/FACULTAD/ED3-Panel-Solar/CMSISv2p00_LPC17xx/Debug/libCMSISv2p00_LPC17xx.a(lpc17xx_clkpwr.o)
                0x000000000000131c                CLKPWR_SetPCLKDiv
 .text.CLKPWR_GetPCLKSEL
                0x0000000000001368       0x20 /mnt/785C9EBA5C9E729C/FACULTAD/ED3-Panel-Solar/CMSISv2p00_LPC17xx/Debug/libCMSISv2p00_LPC17xx.a(lpc17xx_clkpwr.o)
                0x0000000000001368                CLKPWR_GetPCLKSEL
 .text.CLKPWR_GetPCLK
                0x0000000000001388       0x20 /mnt/785C9EBA5C9E729C/FACULTAD/ED3-Panel-Solar/CMSISv2p00_LPC17xx/Debug/libCMSISv2p00_LPC17xx.a(lpc17xx_clkpwr.o)
                0x0000000000001388                CLKPWR_GetPCLK
 .text.CLKPWR_ConfigPPWR
                0x00000000000013a8       0x34 /mnt/785C9EBA5C9E729C/FACULTAD/ED3-Panel-Solar/CMSISv2p00_LPC17xx/Debug/libCMSISv2p00_LPC17xx.a(lpc17xx_clkpwr.o)
                0x00000000000013a8                CLKPWR_ConfigPPWR
 .text.GPDMA_Init
                0x00000000000013dc       0x38 /mnt/785C9EBA5C9E729C/FACULTAD/ED3-Panel-Solar/CMSISv2p00_LPC17xx/Debug/libCMSISv2p00_LPC17xx.a(lpc17xx_gpdma.o)
                0x00000000000013dc                GPDMA_Init
 .text.GPDMA_Setup
                0x0000000000001414      0x1d8 /mnt/785C9EBA5C9E729C/FACULTAD/ED3-Panel-Solar/CMSISv2p00_LPC17xx/Debug/libCMSISv2p00_LPC17xx.a(lpc17xx_gpdma.o)
                0x0000000000001414                GPDMA_Setup
 .text.GPDMA_ChannelCmd
                0x00000000000015ec       0x1c /mnt/785C9EBA5C9E729C/FACULTAD/ED3-Panel-Solar/CMSISv2p00_LPC17xx/Debug/libCMSISv2p00_LPC17xx.a(lpc17xx_gpdma.o)
                0x00000000000015ec                GPDMA_ChannelCmd
 .text.GPDMA_ClearIntPending
                0x0000000000001608       0x50 /mnt/785C9EBA5C9E729C/FACULTAD/ED3-Panel-Solar/CMSISv2p00_LPC17xx/Debug/libCMSISv2p00_LPC17xx.a(lpc17xx_gpdma.o)
                0x0000000000001608                GPDMA_ClearIntPending
 .text.GPIO_GetPointer
                0x0000000000001658       0x12 /mnt/785C9EBA5C9E729C/FACULTAD/ED3-Panel-Solar/CMSISv2p00_LPC17xx/Debug/libCMSISv2p00_LPC17xx.a(lpc17xx_gpio.o)
 .text.GPIO_SetDir
                0x000000000000166a       0x18 /mnt/785C9EBA5C9E729C/FACULTAD/ED3-Panel-Solar/CMSISv2p00_LPC17xx/Debug/libCMSISv2p00_LPC17xx.a(lpc17xx_gpio.o)
                0x000000000000166a                GPIO_SetDir
 .text.GPIO_SetValue
                0x0000000000001682        0xc /mnt/785C9EBA5C9E729C/FACULTAD/ED3-Panel-Solar/CMSISv2p00_LPC17xx/Debug/libCMSISv2p00_LPC17xx.a(lpc17xx_gpio.o)
                0x0000000000001682                GPIO_SetValue
 .text.GPIO_ClearValue
                0x000000000000168e        0xc /mnt/785C9EBA5C9E729C/FACULTAD/ED3-Panel-Solar/CMSISv2p00_LPC17xx/Debug/libCMSISv2p00_LPC17xx.a(lpc17xx_gpio.o)
                0x000000000000168e                GPIO_ClearValue
 *fill*         0x000000000000169a        0x2 ff
 .text.GPIO_IntCmd
                0x000000000000169c       0x38 /mnt/785C9EBA5C9E729C/FACULTAD/ED3-Panel-Solar/CMSISv2p00_LPC17xx/Debug/libCMSISv2p00_LPC17xx.a(lpc17xx_gpio.o)
                0x000000000000169c                GPIO_IntCmd
 .text.GPIO_GetIntStatus
                0x00000000000016d4       0x40 /mnt/785C9EBA5C9E729C/FACULTAD/ED3-Panel-Solar/CMSISv2p00_LPC17xx/Debug/libCMSISv2p00_LPC17xx.a(lpc17xx_gpio.o)
                0x00000000000016d4                GPIO_GetIntStatus
 .text.GPIO_ClearInt
                0x0000000000001714       0x1c /mnt/785C9EBA5C9E729C/FACULTAD/ED3-Panel-Solar/CMSISv2p00_LPC17xx/Debug/libCMSISv2p00_LPC17xx.a(lpc17xx_gpio.o)
                0x0000000000001714                GPIO_ClearInt
 .text.check_failed
                0x0000000000001730        0x2 /mnt/785C9EBA5C9E729C/FACULTAD/ED3-Panel-Solar/CMSISv2p00_LPC17xx/Debug/libCMSISv2p00_LPC17xx.a(lpc17xx_libcfg_default.o)
                0x0000000000001730                check_failed
 *fill*         0x0000000000001732        0x2 ff
 .text.PINSEL_ConfigPin
                0x0000000000001734       0x7c /mnt/785C9EBA5C9E729C/FACULTAD/ED3-Panel-Solar/CMSISv2p00_LPC17xx/Debug/libCMSISv2p00_LPC17xx.a(lpc17xx_pinsel.o)
                0x0000000000001734                PINSEL_ConfigPin
 .text.TIM_ClearIntPending
                0x00000000000017b0       0x4c /mnt/785C9EBA5C9E729C/FACULTAD/ED3-Panel-Solar/CMSISv2p00_LPC17xx/Debug/libCMSISv2p00_LPC17xx.a(lpc17xx_timer.o)
                0x00000000000017b0                TIM_ClearIntPending
 .text.TIM_Init
                0x00000000000017fc      0x15c /mnt/785C9EBA5C9E729C/FACULTAD/ED3-Panel-Solar/CMSISv2p00_LPC17xx/Debug/libCMSISv2p00_LPC17xx.a(lpc17xx_timer.o)
                0x00000000000017fc                TIM_Init
 .text.TIM_Cmd  0x0000000000001958       0x48 /mnt/785C9EBA5C9E729C/FACULTAD/ED3-Panel-Solar/CMSISv2p00_LPC17xx/Debug/libCMSISv2p00_LPC17xx.a(lpc17xx_timer.o)
                0x0000000000001958                TIM_Cmd
 .text.TIM_ConfigMatch
                0x00000000000019a0       0xcc /mnt/785C9EBA5C9E729C/FACULTAD/ED3-Panel-Solar/CMSISv2p00_LPC17xx/Debug/libCMSISv2p00_LPC17xx.a(lpc17xx_timer.o)
                0x00000000000019a0                TIM_ConfigMatch
 .text.UART_Init
                0x0000000000001a6c      0x28c /mnt/785C9EBA5C9E729C/FACULTAD/ED3-Panel-Solar/CMSISv2p00_LPC17xx/Debug/libCMSISv2p00_LPC17xx.a(lpc17xx_uart.o)
                0x0000000000001a6c                UART_Init
 .text.UART_ConfigStructInit
                0x0000000000001cf8       0x12 /mnt/785C9EBA5C9E729C/FACULTAD/ED3-Panel-Solar/CMSISv2p00_LPC17xx/Debug/libCMSISv2p00_LPC17xx.a(lpc17xx_uart.o)
                0x0000000000001cf8                UART_ConfigStructInit
 *fill*         0x0000000000001d0a        0x2 ff
 .text.UART_FIFOConfig
                0x0000000000001d0c       0xa8 /mnt/785C9EBA5C9E729C/FACULTAD/ED3-Panel-Solar/CMSISv2p00_LPC17xx/Debug/libCMSISv2p00_LPC17xx.a(lpc17xx_uart.o)
                0x0000000000001d0c                UART_FIFOConfig
 .text.UART_FIFOConfigStructInit
                0x0000000000001db4        0xe /mnt/785C9EBA5C9E729C/FACULTAD/ED3-Panel-Solar/CMSISv2p00_LPC17xx/Debug/libCMSISv2p00_LPC17xx.a(lpc17xx_uart.o)
                0x0000000000001db4                UART_FIFOConfigStructInit
 *fill*         0x0000000000001dc2        0x2 ff
 .text.UART_TxCmd
                0x0000000000001dc4       0x60 /mnt/785C9EBA5C9E729C/FACULTAD/ED3-Panel-Solar/CMSISv2p00_LPC17xx/Debug/libCMSISv2p00_LPC17xx.a(lpc17xx_uart.o)
                0x0000000000001dc4                UART_TxCmd
 .text.__main   0x0000000000001e24        0xe /usr/local/mcuxpressoide-11.6.0_8187/ide/plugins/com.nxp.mcuxpresso.tools.linux_11.6.0.202112161359/tools/bin/../lib/gcc/arm-none-eabi/10.3.1/../../../../arm-none-eabi/lib/thumb/v7-m/nofp/libcr_semihost.a(_cr__main.o)
                0x0000000000001e24                __main
                0x0000000000001e24                __CR_SEMIHOST
 *fill*         0x0000000000001e32        0x2 ff
 .text._initio  0x0000000000001e34       0x78 /usr/local/mcuxpressoide-11.6.0_8187/ide/plugins/com.nxp.mcuxpresso.tools.linux_11.6.0.202112161359/tools/bin/../lib/gcc/arm-none-eabi/10.3.1/../../../../arm-none-eabi/lib/thumb/v7-m/nofp/libcr_c.a(initio.o)
                0x0000000000001e34                _initio
 .text.setvbuf  0x0000000000001eac       0x3e /usr/local/mcuxpressoide-11.6.0_8187/ide/plugins/com.nxp.mcuxpresso.tools.linux_11.6.0.202112161359/tools/bin/../lib/gcc/arm-none-eabi/10.3.1/../../../../arm-none-eabi/lib/thumb/v7-m/nofp/libcr_c.a(setvbuf.o)
                0x0000000000001eac                setvbuf
 .text.strcat   0x0000000000001eea       0x1e /usr/local/mcuxpressoide-11.6.0_8187/ide/plugins/com.nxp.mcuxpresso.tools.linux_11.6.0.202112161359/tools/bin/../lib/gcc/arm-none-eabi/10.3.1/../../../../arm-none-eabi/lib/thumb/v7-m/nofp/libcr_c.a(strcat.o)
                0x0000000000001eea                strcat
 .text._fdopen  0x0000000000001f08       0x68 /usr/local/mcuxpressoide-11.6.0_8187/ide/plugins/com.nxp.mcuxpresso.tools.linux_11.6.0.202112161359/tools/bin/../lib/gcc/arm-none-eabi/10.3.1/../../../../arm-none-eabi/lib/thumb/v7-m/nofp/libcr_c.a(_fdopen.o)
                0x0000000000001f08                _fdopen
 .text.fclose   0x0000000000001f70       0x58 /usr/local/mcuxpressoide-11.6.0_8187/ide/plugins/com.nxp.mcuxpresso.tools.linux_11.6.0.202112161359/tools/bin/../lib/gcc/arm-none-eabi/10.3.1/../../../../arm-none-eabi/lib/thumb/v7-m/nofp/libcr_c.a(fclose.o)
                0x0000000000001f70                fclose
 .text.fflush   0x0000000000001fc8       0x3c /usr/local/mcuxpressoide-11.6.0_8187/ide/plugins/com.nxp.mcuxpresso.tools.linux_11.6.0.202112161359/tools/bin/../lib/gcc/arm-none-eabi/10.3.1/../../../../arm-none-eabi/lib/thumb/v7-m/nofp/libcr_c.a(fflush.o)
                0x0000000000001fc8                fflush
 .text.fseek    0x0000000000002004       0xfc /usr/local/mcuxpressoide-11.6.0_8187/ide/plugins/com.nxp.mcuxpresso.tools.linux_11.6.0.202112161359/tools/bin/../lib/gcc/arm-none-eabi/10.3.1/../../../../arm-none-eabi/lib/thumb/v7-m/nofp/libcr_c.a(fseek.o)
                0x0000000000002004                fseek
 .text.ftell    0x0000000000002100       0x44 /usr/local/mcuxpressoide-11.6.0_8187/ide/plugins/com.nxp.mcuxpresso.tools.linux_11.6.0.202112161359/tools/bin/../lib/gcc/arm-none-eabi/10.3.1/../../../../arm-none-eabi/lib/thumb/v7-m/nofp/libcr_c.a(ftell.o)
                0x0000000000002100                ftell
 .text.remove   0x0000000000002144       0x14 /usr/local/mcuxpressoide-11.6.0_8187/ide/plugins/com.nxp.mcuxpresso.tools.linux_11.6.0.202112161359/tools/bin/../lib/gcc/arm-none-eabi/10.3.1/../../../../arm-none-eabi/lib/thumb/v7-m/nofp/libcr_c.a(remove.o)
                0x0000000000002144                remove
 .text.strlen   0x0000000000002158       0x48 /usr/local/mcuxpressoide-11.6.0_8187/ide/plugins/com.nxp.mcuxpresso.tools.linux_11.6.0.202112161359/tools/bin/../lib/gcc/arm-none-eabi/10.3.1/../../../../arm-none-eabi/lib/thumb/v7-m/nofp/libcr_c.a(strlen.o)
                0x0000000000002158                strlen
 .text.memset   0x00000000000021a0        0x4 /usr/local/mcuxpressoide-11.6.0_8187/ide/plugins/com.nxp.mcuxpresso.tools.linux_11.6.0.202112161359/tools/bin/../lib/gcc/arm-none-eabi/10.3.1/../../../../arm-none-eabi/lib/thumb/v7-m/nofp/libcr_c.a(memset.o)
                0x00000000000021a0                memset
 .text._do_fflush
                0x00000000000021a4       0x40 /usr/local/mcuxpressoide-11.6.0_8187/ide/plugins/com.nxp.mcuxpresso.tools.linux_11.6.0.202112161359/tools/bin/../lib/gcc/arm-none-eabi/10.3.1/../../../../arm-none-eabi/lib/thumb/v7-m/nofp/libcr_c.a(_do_fflush.o)
                0x00000000000021a4                _do_fflush
 .text._fflush  0x00000000000021e4       0x52 /usr/local/mcuxpressoide-11.6.0_8187/ide/plugins/com.nxp.mcuxpresso.tools.linux_11.6.0.202112161359/tools/bin/../lib/gcc/arm-none-eabi/10.3.1/../../../../arm-none-eabi/lib/thumb/v7-m/nofp/libcr_c.a(_fflush.o)
                0x00000000000021e4                _fflush
 *fill*         0x0000000000002236        0x2 ff
 .text._Cwritebuf
                0x0000000000002238       0x6c /usr/local/mcuxpressoide-11.6.0_8187/ide/plugins/com.nxp.mcuxpresso.tools.linux_11.6.0.202112161359/tools/bin/../lib/gcc/arm-none-eabi/10.3.1/../../../../arm-none-eabi/lib/thumb/v7-m/nofp/libcr_c.a(_writebuf.o)
                0x0000000000002238                _Cwritebuf
 .text.free     0x00000000000022a4       0x30 /usr/local/mcuxpressoide-11.6.0_8187/ide/plugins/com.nxp.mcuxpresso.tools.linux_11.6.0.202112161359/tools/bin/../lib/gcc/arm-none-eabi/10.3.1/../../../../arm-none-eabi/lib/thumb/v7-m/nofp/libcr_c.a(alloc.o)
                0x00000000000022a4                free
 .text._deferredlazyseek
                0x00000000000022d4       0x40 /usr/local/mcuxpressoide-11.6.0_8187/ide/plugins/com.nxp.mcuxpresso.tools.linux_11.6.0.202112161359/tools/bin/../lib/gcc/arm-none-eabi/10.3.1/../../../../arm-none-eabi/lib/thumb/v7-m/nofp/libcr_c.a(_deferredlazyseek.o)
                0x00000000000022d4                _deferredlazyseek
 .text.__aeabi_division_uldivmod
                0x0000000000002314      0x174 /usr/local/mcuxpressoide-11.6.0_8187/ide/plugins/com.nxp.mcuxpresso.tools.linux_11.6.0.202112161359/tools/bin/../lib/gcc/arm-none-eabi/10.3.1/thumb/v7-m/nofp/libcr_eabihelpers.a(division_64.o)
                0x0000000000002314                __aeabi_uldivmod
                0x0000000000002318                __bhs_ldivmod1
 .text.__aeabi_division_idiv0
                0x0000000000002488        0x2 /usr/local/mcuxpressoide-11.6.0_8187/ide/plugins/com.nxp.mcuxpresso.tools.linux_11.6.0.202112161359/tools/bin/../lib/gcc/arm-none-eabi/10.3.1/thumb/v7-m/nofp/libcr_eabihelpers.a(division_idiv0.o)
                0x0000000000002488                __aeabi_idiv0
 *fill*         0x000000000000248a        0x2 ff
 .text.__aeabi_fmul
                0x000000000000248c       0xac /usr/local/mcuxpressoide-11.6.0_8187/ide/plugins/com.nxp.mcuxpresso.tools.linux_11.6.0.202112161359/tools/bin/../lib/gcc/arm-none-eabi/10.3.1/thumb/v7-m/nofp/libcr_eabihelpers.a(float.o)
                0x000000000000248c                __aeabi_fmul
 .text.__aeabi_fdiv
                0x0000000000002538       0xbc /usr/local/mcuxpressoide-11.6.0_8187/ide/plugins/com.nxp.mcuxpresso.tools.linux_11.6.0.202112161359/tools/bin/../lib/gcc/arm-none-eabi/10.3.1/thumb/v7-m/nofp/libcr_eabihelpers.a(float.o)
                0x0000000000002538                __aeabi_fdiv
 .text.__bhs_ui2f
                0x00000000000025f4       0x26 /usr/local/mcuxpressoide-11.6.0_8187/ide/plugins/com.nxp.mcuxpresso.tools.linux_11.6.0.202112161359/tools/bin/../lib/gcc/arm-none-eabi/10.3.1/thumb/v7-m/nofp/libcr_eabihelpers.a(float.o)
                0x00000000000025f4                __bhs_ui2f
 .text.__aeabi_ui2f
                0x000000000000261a        0x8 /usr/local/mcuxpressoide-11.6.0_8187/ide/plugins/com.nxp.mcuxpresso.tools.linux_11.6.0.202112161359/tools/bin/../lib/gcc/arm-none-eabi/10.3.1/thumb/v7-m/nofp/libcr_eabihelpers.a(float.o)
                0x000000000000261a                __aeabi_ui2f
 .text.__aeabi_fcmpge
                0x0000000000002622       0x3e /usr/local/mcuxpressoide-11.6.0_8187/ide/plugins/com.nxp.mcuxpresso.tools.linux_11.6.0.202112161359/tools/bin/../lib/gcc/arm-none-eabi/10.3.1/thumb/v7-m/nofp/libcr_eabihelpers.a(float.o)
                0x0000000000002622                __aeabi_fcmpge
 .text.__aeabi_memset_lowlevel
                0x0000000000002660       0x32 /usr/local/mcuxpressoide-11.6.0_8187/ide/plugins/com.nxp.mcuxpresso.tools.linux_11.6.0.202112161359/tools/bin/../lib/gcc/arm-none-eabi/10.3.1/thumb/v7-m/nofp/libcr_eabihelpers.a(memcpy.o)
                0x0000000000002660                __aeabi_lowlevel_memset
 .text.__sys_close
                0x0000000000002692        0xc /usr/local/mcuxpressoide-11.6.0_8187/ide/plugins/com.nxp.mcuxpresso.tools.linux_11.6.0.202112161359/tools/bin/../lib/gcc/arm-none-eabi/10.3.1/../../../../arm-none-eabi/lib/thumb/v7-m/nofp/libcr_semihost.a(__sys_close.o)
                0x0000000000002692                __sys_close
 .text.__sys_flen
                0x000000000000269e        0xc /usr/local/mcuxpressoide-11.6.0_8187/ide/plugins/com.nxp.mcuxpresso.tools.linux_11.6.0.202112161359/tools/bin/../lib/gcc/arm-none-eabi/10.3.1/../../../../arm-none-eabi/lib/thumb/v7-m/nofp/libcr_semihost.a(__sys_flen.o)
                0x000000000000269e                __sys_flen
 .text.__sys_istty
                0x00000000000026aa        0xc /usr/local/mcuxpressoide-11.6.0_8187/ide/plugins/com.nxp.mcuxpresso.tools.linux_11.6.0.202112161359/tools/bin/../lib/gcc/arm-none-eabi/10.3.1/../../../../arm-none-eabi/lib/thumb/v7-m/nofp/libcr_semihost.a(__sys_istty.o)
                0x00000000000026aa                __sys_istty
 .text.__sys_remove
                0x00000000000026b6        0xc /usr/local/mcuxpressoide-11.6.0_8187/ide/plugins/com.nxp.mcuxpresso.tools.linux_11.6.0.202112161359/tools/bin/../lib/gcc/arm-none-eabi/10.3.1/../../../../arm-none-eabi/lib/thumb/v7-m/nofp/libcr_semihost.a(__sys_remove.o)
                0x00000000000026b6                __sys_remove
 .text.__sys_seek
                0x00000000000026c2        0xc /usr/local/mcuxpressoide-11.6.0_8187/ide/plugins/com.nxp.mcuxpresso.tools.linux_11.6.0.202112161359/tools/bin/../lib/gcc/arm-none-eabi/10.3.1/../../../../arm-none-eabi/lib/thumb/v7-m/nofp/libcr_semihost.a(__sys_seek.o)
                0x00000000000026c2                __sys_seek
 .text.__sys_tmpnam
                0x00000000000026ce        0xc /usr/local/mcuxpressoide-11.6.0_8187/ide/plugins/com.nxp.mcuxpresso.tools.linux_11.6.0.202112161359/tools/bin/../lib/gcc/arm-none-eabi/10.3.1/../../../../arm-none-eabi/lib/thumb/v7-m/nofp/libcr_semihost.a(__sys_tmpnam.o)
                0x00000000000026ce                __sys_tmpnam
 .text.__sys_write
                0x00000000000026da        0xc /usr/local/mcuxpressoide-11.6.0_8187/ide/plugins/com.nxp.mcuxpresso.tools.linux_11.6.0.202112161359/tools/bin/../lib/gcc/arm-none-eabi/10.3.1/../../../../arm-none-eabi/lib/thumb/v7-m/nofp/libcr_semihost.a(__sys_write.o)
                0x00000000000026da                __sys_write
 *(.rodata .rodata.* .constdata .constdata.*)
 *fill*         0x00000000000026e6        0x2 ff
 .rodata.initUART.str1.4
                0x00000000000026e8       0x4c ./src/bluetooh.o
 .rodata.menu.str1.4
                0x0000000000002734       0x46 ./src/keyboard.o
 *fill*         0x000000000000277a        0x2 ff
 .rodata.manual_mode.str1.4
                0x000000000000277c       0x7e ./src/keyboard.o
 *fill*         0x00000000000027fa        0x2 ff
 .rodata.automatic_mode.str1.4
                0x00000000000027fc       0x21 ./src/keyboard.o
 .rodata.ADC_Init.str1.1
                0x000000000000281d        0xe /mnt/785C9EBA5C9E729C/FACULTAD/ED3-Panel-Solar/CMSISv2p00_LPC17xx/Debug/libCMSISv2p00_LPC17xx.a(lpc17xx_adc.o)
 .rodata.CSWTCH.5
                0x000000000000282b        0x4 /mnt/785C9EBA5C9E729C/FACULTAD/ED3-Panel-Solar/CMSISv2p00_LPC17xx/Debug/libCMSISv2p00_LPC17xx.a(lpc17xx_clkpwr.o)
 .rodata.GPDMA_IntGetStatus.str1.1
                0x000000000000282f       0x10 /mnt/785C9EBA5C9E729C/FACULTAD/ED3-Panel-Solar/CMSISv2p00_LPC17xx/Debug/libCMSISv2p00_LPC17xx.a(lpc17xx_gpdma.o)
 *fill*         0x000000000000283f        0x1 ff
 .rodata.GPDMA_LUTPerAddr
                0x0000000000002840       0x60 /mnt/785C9EBA5C9E729C/FACULTAD/ED3-Panel-Solar/CMSISv2p00_LPC17xx/Debug/libCMSISv2p00_LPC17xx.a(lpc17xx_gpdma.o)
                0x0000000000002840                GPDMA_LUTPerAddr
 .rodata.GPDMA_LUTPerBurst
                0x00000000000028a0       0x18 /mnt/785C9EBA5C9E729C/FACULTAD/ED3-Panel-Solar/CMSISv2p00_LPC17xx/Debug/libCMSISv2p00_LPC17xx.a(lpc17xx_gpdma.o)
                0x00000000000028a0                GPDMA_LUTPerBurst
 .rodata.GPDMA_LUTPerWid
                0x00000000000028b8       0x18 /mnt/785C9EBA5C9E729C/FACULTAD/ED3-Panel-Solar/CMSISv2p00_LPC17xx/Debug/libCMSISv2p00_LPC17xx.a(lpc17xx_gpdma.o)
                0x00000000000028b8                GPDMA_LUTPerWid
 .rodata.TIM_GetIntStatus.str1.1
                0x00000000000028d0       0x10 /mnt/785C9EBA5C9E729C/FACULTAD/ED3-Panel-Solar/CMSISv2p00_LPC17xx/Debug/libCMSISv2p00_LPC17xx.a(lpc17xx_timer.o)
 .rodata.UART_Init.str1.1
                0x00000000000028e0        0xf /mnt/785C9EBA5C9E729C/FACULTAD/ED3-Panel-Solar/CMSISv2p00_LPC17xx/Debug/libCMSISv2p00_LPC17xx.a(lpc17xx_uart.o)
 .rodata._initio.str1.1
                0x00000000000028ef        0x4 /usr/local/mcuxpressoide-11.6.0_8187/ide/plugins/com.nxp.mcuxpresso.tools.linux_11.6.0.202112161359/tools/bin/../lib/gcc/arm-none-eabi/10.3.1/../../../../arm-none-eabi/lib/thumb/v7-m/nofp/libcr_c.a(initio.o)
 *fill*         0x00000000000028f3        0x1 ff
 .rodata.__num_Ciob_streams
                0x00000000000028f4        0x4 /usr/local/mcuxpressoide-11.6.0_8187/ide/plugins/com.nxp.mcuxpresso.tools.linux_11.6.0.202112161359/tools/bin/../lib/gcc/arm-none-eabi/10.3.1/../../../../arm-none-eabi/lib/thumb/v7-m/nofp/libcr_semihost.a(__ciob.o)
                0x00000000000028f4                __num_Ciob_streams
                0x00000000000028f8                . = ALIGN (0x4)

.glue_7         0x00000000000028f8        0x0
 .glue_7        0x00000000000028f8        0x0 linker stubs

.glue_7t        0x00000000000028f8        0x0
 .glue_7t       0x00000000000028f8        0x0 linker stubs

.vfp11_veneer   0x00000000000028f8        0x0
 .vfp11_veneer  0x00000000000028f8        0x0 linker stubs

.v4_bx          0x00000000000028f8        0x0
 .v4_bx         0x00000000000028f8        0x0 linker stubs

.iplt           0x00000000000028f8        0x0
 .iplt          0x00000000000028f8        0x0 ./src/Panel-Solar.o

.rel.dyn        0x00000000000028f8        0x0
 .rel.iplt      0x00000000000028f8        0x0 ./src/Panel-Solar.o

.ARM.extab
 *(.ARM.extab* .gnu.linkonce.armextab.*)

.ARM.exidx      0x00000000000028f8        0x0
                0x00000000000028f8                __exidx_start = .
 *(.ARM.exidx* .gnu.linkonce.armexidx.*)
                0x00000000000028f8                __exidx_end = .
                0x00000000000028f8                _etext = .

.data_RAM2      0x000000002007c000        0x0 load address 0x00000000000028f8
 FILL mask 0xff
                [!provide]                        PROVIDE (__start_data_RAM2 = .)
                [!provide]                        PROVIDE (__start_data_RamAHB32 = .)
 *(.ramfunc.$RAM2)
 *(.ramfunc.$RamAHB32)
 *(.data.$RAM2)
 *(.data.$RamAHB32)
 *(.data.$RAM2.*)
 *(.data.$RamAHB32.*)
                0x000000002007c000                . = ALIGN (0x4)
                [!provide]                        PROVIDE (__end_data_RAM2 = .)
                [!provide]                        PROVIDE (__end_data_RamAHB32 = .)

.uninit_RESERVED
                0x0000000010000000        0x0
                0x0000000010000000                _start_uninit_RESERVED = .
 *(.bss.$RESERVED*)
                0x0000000010000000                . = ALIGN (0x4)
                0x0000000010000000                _end_uninit_RESERVED = .

.data           0x0000000010000000       0x80 load address 0x00000000000028f8
 FILL mask 0xff
                0x0000000010000000                _data = .
                [!provide]                        PROVIDE (__start_data_RAM = .)
                [!provide]                        PROVIDE (__start_data_RamLoc32 = .)
 *(vtable)
 *(.ramfunc*)
 *(CodeQuickAccess)
 *(DataQuickAccess)
 *(RamFunction)
 *(.data*)
 .data.keyboard
                0x0000000010000000       0x10 ./src/keyboard.o
                0x0000000010000000                keyboard
 .data.operating
                0x0000000010000010        0x4 ./src/ldr.o
                0x0000000010000010                operating
 .data.match_val
                0x0000000010000014        0x4 ./src/stepper_motor.o
                0x0000000010000014                match_val
 .data.clockwise
                0x0000000010000018        0x1 ./src/stepper_motor.o
                0x0000000010000018                clockwise
 *fill*         0x0000000010000019        0x3 ff
 .data.seq_half_step_right
                0x000000001000001c       0x20 ./src/stepper_motor.o
                0x000000001000001c                seq_half_step_right
 .data.seq_half_step_left
                0x000000001000003c       0x20 ./src/stepper_motor.o
                0x000000001000003c                seq_half_step_left
 .data.SystemCoreClock
                0x000000001000005c        0x4 /mnt/785C9EBA5C9E729C/FACULTAD/ED3-Panel-Solar/CMSISv2p00_LPC17xx/Debug/libCMSISv2p00_LPC17xx.a(system_LPC17xx.o)
                0x000000001000005c                SystemCoreClock
 .data.pGPDMACh
                0x0000000010000060       0x20 /mnt/785C9EBA5C9E729C/FACULTAD/ED3-Panel-Solar/CMSISv2p00_LPC17xx/Debug/libCMSISv2p00_LPC17xx.a(lpc17xx_gpdma.o)
                0x0000000010000060                pGPDMACh
                0x0000000010000080                . = ALIGN (0x4)
                0x0000000010000080                _edata = .
                [!provide]                        PROVIDE (__end_data_RAM = .)
                [!provide]                        PROVIDE (__end_data_RamLoc32 = .)

.igot.plt       0x0000000010000080        0x0 load address 0x0000000000002978
 .igot.plt      0x0000000010000080        0x0 ./src/Panel-Solar.o

.bss_RAM2       0x000000002007c000        0x0
                [!provide]                        PROVIDE (__start_bss_RAM2 = .)
                [!provide]                        PROVIDE (__start_bss_RamAHB32 = .)
 *(.bss.$RAM2)
 *(.bss.$RamAHB32)
 *(.bss.$RAM2.*)
 *(.bss.$RamAHB32.*)
                0x000000002007c000                . = ALIGN ((. != 0x0)?0x4:0x1)
                [!provide]                        PROVIDE (__end_bss_RAM2 = .)
                [!provide]                        PROVIDE (__end_bss_RamAHB32 = .)

.bss            0x0000000010000080      0x438
                0x0000000010000080                _bss = .
                [!provide]                        PROVIDE (__start_bss_RAM = .)
                [!provide]                        PROVIDE (__start_bss_RamLoc32 = .)
 *(.bss*)
 .bss.GPDMA_Struct
                0x0000000010000080       0x24 ./src/bluetooh.o
                0x0000000010000080                GPDMA_Struct
 .bss.str_send_package
                0x00000000100000a4      0x200 ./src/bluetooh.o
                0x00000000100000a4                str_send_package
 .bss.col_val   0x00000000100002a4        0x1 ./src/keyboard.o
                0x00000000100002a4                col_val
 .bss.interrupted
                0x00000000100002a5        0x1 ./src/keyboard.o
                0x00000000100002a5                interrupted
 .bss.key       0x00000000100002a6        0x1 ./src/keyboard.o
                0x00000000100002a6                key
 .bss.global_state
                0x00000000100002a7        0x1 ./src/keyboard.o
                0x00000000100002a7                global_state
 .bss.angle_n   0x00000000100002a8        0x4 ./src/keyboard.o
                0x00000000100002a8                angle_n
 .bss.manual    0x00000000100002ac        0x1 ./src/keyboard.o
                0x00000000100002ac                manual
 .bss.calibrated
                0x00000000100002ad        0x1 ./src/keyboard.o
                0x00000000100002ad                calibrated
 .bss.conta.1   0x00000000100002ae        0x1 ./src/keyboard.o
 .bss.cont.0    0x00000000100002af        0x1 ./src/keyboard.o
 .bss.ldr_1_val
                0x00000000100002b0        0x4 ./src/ldr.o
                0x00000000100002b0                ldr_1_val
 .bss.ldr_2_val
                0x00000000100002b4        0x4 ./src/ldr.o
                0x00000000100002b4                ldr_2_val
 .bss.operating_time
                0x00000000100002b8        0x4 ./src/ldr.o
                0x00000000100002b8                operating_time
 .bss.total_op_time
                0x00000000100002bc        0x4 ./src/ldr.o
                0x00000000100002bc                total_op_time
 .bss.cont      0x00000000100002c0        0x4 ./src/ldr.o
                0x00000000100002c0                cont
 .bss.error     0x00000000100002c4        0x4 ./src/ldr.o
                0x00000000100002c4                error
 .bss.steps_to_turn
                0x00000000100002c8        0x4 ./src/stepper_motor.o
                0x00000000100002c8                steps_to_turn
 .bss.steps     0x00000000100002cc        0x4 ./src/stepper_motor.o
                0x00000000100002cc                steps
 .bss.flag      0x00000000100002d0        0x1 ./src/stepper_motor.o
                0x00000000100002d0                flag
 .bss.state     0x00000000100002d1        0x1 ./src/stepper_motor.o
                0x00000000100002d1                state
 .bss.manual_mod
                0x00000000100002d2        0x1 ./src/stepper_motor.o
                0x00000000100002d2                manual_mod
 *fill*         0x00000000100002d3        0x1 
 .bss.errno     0x00000000100002d4        0x4 /usr/local/mcuxpressoide-11.6.0_8187/ide/plugins/com.nxp.mcuxpresso.tools.linux_11.6.0.202112161359/tools/bin/../lib/gcc/arm-none-eabi/10.3.1/../../../../arm-none-eabi/lib/thumb/v7-m/nofp/libcr_c.a(errno.o)
                0x00000000100002d4                errno
 .bss.__Ciob    0x00000000100002d8      0x1e0 /usr/local/mcuxpressoide-11.6.0_8187/ide/plugins/com.nxp.mcuxpresso.tools.linux_11.6.0.202112161359/tools/bin/../lib/gcc/arm-none-eabi/10.3.1/../../../../arm-none-eabi/lib/thumb/v7-m/nofp/libcr_semihost.a(__ciob.o)
                0x00000000100002d8                __Ciob
 *(COMMON)
                0x00000000100004b8                . = ALIGN (0x4)
                0x00000000100004b8                _ebss = .
                [!provide]                        PROVIDE (__end_bss_RAM = .)
                [!provide]                        PROVIDE (__end_bss_RamLoc32 = .)
                [!provide]                        PROVIDE (end = .)

.noinit_RAM2    0x000000002007c000        0x0
                [!provide]                        PROVIDE (__start_noinit_RAM2 = .)
                [!provide]                        PROVIDE (__start_noinit_RamAHB32 = .)
 *(.noinit.$RAM2)
 *(.noinit.$RamAHB32)
 *(.noinit.$RAM2.*)
 *(.noinit.$RamAHB32.*)
                0x000000002007c000                . = ALIGN (0x4)
                [!provide]                        PROVIDE (__end_noinit_RAM2 = .)
                [!provide]                        PROVIDE (__end_noinit_RamAHB32 = .)

.noinit         0x00000000100004b8        0x0
                0x00000000100004b8                _noinit = .
                [!provide]                        PROVIDE (__start_noinit_RAM = .)
                [!provide]                        PROVIDE (__start_noinit_RamLoc32 = .)
 *(.noinit*)
                0x00000000100004b8                . = ALIGN (0x4)
                0x00000000100004b8                _end_noinit = .
                [!provide]                        PROVIDE (__end_noinit_RAM = .)
                [!provide]                        PROVIDE (__end_noinit_RamLoc32 = .)
                0x00000000100004b8                PROVIDE (_pvHeapStart = DEFINED (__user_heap_base)?__user_heap_base:.)
                0x0000000010008000                PROVIDE (_vStackTop = DEFINED (__user_stack_top)?__user_stack_top:(__top_RamLoc32 - 0x0))
                0xffffffffefff74c6                PROVIDE (__valid_user_code_checksum = (0x0 - ((((((_vStackTop + (ResetISR + 0x1)) + (NMI_Handler + 0x1)) + (HardFault_Handler + 0x1)) + (DEFINED (MemManage_Handler)?MemManage_Handler:0x0 + 0x1)) + (DEFINED (BusFault_Handler)?BusFault_Handler:0x0 + 0x1)) + (DEFINED (UsageFault_Handler)?UsageFault_Handler:0x0 + 0x1))))
                0x0000000000000000                _image_start = LOADADDR (.text)
                0x0000000000002978                _image_end = (LOADADDR (.data) + SIZEOF (.data))
                0x0000000000002978                _image_size = (_image_end - _image_start)
OUTPUT(Panel-Solar.axf elf32-littlearm)
LOAD linker stubs

.debug_info     0x0000000000000000     0x9071
 .debug_info    0x0000000000000000       0x94 ./src/Panel-Solar.o
 .debug_info    0x0000000000000094      0x9d1 ./src/bluetooh.o
 .debug_info    0x0000000000000a65      0x27f ./src/cr_startup_lpc175x_6x.o
 .debug_info    0x0000000000000ce4       0x40 ./src/crp.o
 .debug_info    0x0000000000000d24      0xc06 ./src/keyboard.o
 .debug_info    0x000000000000192a      0x944 ./src/ldr.o
 .debug_info    0x000000000000226e      0xb1c ./src/stepper_motor.o
 .debug_info    0x0000000000002d8a      0x347 /mnt/785C9EBA5C9E729C/FACULTAD/ED3-Panel-Solar/CMSISv2p00_LPC17xx/Debug/libCMSISv2p00_LPC17xx.a(system_LPC17xx.o)
 .debug_info    0x00000000000030d1      0x8f0 /mnt/785C9EBA5C9E729C/FACULTAD/ED3-Panel-Solar/CMSISv2p00_LPC17xx/Debug/libCMSISv2p00_LPC17xx.a(lpc17xx_adc.o)
 .debug_info    0x00000000000039c1      0x6ca /mnt/785C9EBA5C9E729C/FACULTAD/ED3-Panel-Solar/CMSISv2p00_LPC17xx/Debug/libCMSISv2p00_LPC17xx.a(lpc17xx_clkpwr.o)
 .debug_info    0x000000000000408b     0x112b /mnt/785C9EBA5C9E729C/FACULTAD/ED3-Panel-Solar/CMSISv2p00_LPC17xx/Debug/libCMSISv2p00_LPC17xx.a(lpc17xx_gpdma.o)
 .debug_info    0x00000000000051b6      0xfb3 /mnt/785C9EBA5C9E729C/FACULTAD/ED3-Panel-Solar/CMSISv2p00_LPC17xx/Debug/libCMSISv2p00_LPC17xx.a(lpc17xx_gpio.o)
 .debug_info    0x0000000000006169       0xd4 /mnt/785C9EBA5C9E729C/FACULTAD/ED3-Panel-Solar/CMSISv2p00_LPC17xx/Debug/libCMSISv2p00_LPC17xx.a(lpc17xx_libcfg_default.o)
 .debug_info    0x000000000000623d      0x544 /mnt/785C9EBA5C9E729C/FACULTAD/ED3-Panel-Solar/CMSISv2p00_LPC17xx/Debug/libCMSISv2p00_LPC17xx.a(lpc17xx_pinsel.o)
 .debug_info    0x0000000000006781      0xc54 /mnt/785C9EBA5C9E729C/FACULTAD/ED3-Panel-Solar/CMSISv2p00_LPC17xx/Debug/libCMSISv2p00_LPC17xx.a(lpc17xx_timer.o)
 .debug_info    0x00000000000073d5     0x1c9c /mnt/785C9EBA5C9E729C/FACULTAD/ED3-Panel-Solar/CMSISv2p00_LPC17xx/Debug/libCMSISv2p00_LPC17xx.a(lpc17xx_uart.o)

.debug_abbrev   0x0000000000000000     0x1d50
 .debug_abbrev  0x0000000000000000       0x49 ./src/Panel-Solar.o
 .debug_abbrev  0x0000000000000049      0x25b ./src/bluetooh.o
 .debug_abbrev  0x00000000000002a4      0x122 ./src/cr_startup_lpc175x_6x.o
 .debug_abbrev  0x00000000000003c6       0x38 ./src/crp.o
 .debug_abbrev  0x00000000000003fe      0x2ad ./src/keyboard.o
 .debug_abbrev  0x00000000000006ab      0x1d2 ./src/ldr.o
 .debug_abbrev  0x000000000000087d      0x235 ./src/stepper_motor.o
 .debug_abbrev  0x0000000000000ab2      0x10e /mnt/785C9EBA5C9E729C/FACULTAD/ED3-Panel-Solar/CMSISv2p00_LPC17xx/Debug/libCMSISv2p00_LPC17xx.a(system_LPC17xx.o)
 .debug_abbrev  0x0000000000000bc0      0x1bb /mnt/785C9EBA5C9E729C/FACULTAD/ED3-Panel-Solar/CMSISv2p00_LPC17xx/Debug/libCMSISv2p00_LPC17xx.a(lpc17xx_adc.o)
 .debug_abbrev  0x0000000000000d7b      0x1f1 /mnt/785C9EBA5C9E729C/FACULTAD/ED3-Panel-Solar/CMSISv2p00_LPC17xx/Debug/libCMSISv2p00_LPC17xx.a(lpc17xx_clkpwr.o)
 .debug_abbrev  0x0000000000000f6c      0x287 /mnt/785C9EBA5C9E729C/FACULTAD/ED3-Panel-Solar/CMSISv2p00_LPC17xx/Debug/libCMSISv2p00_LPC17xx.a(lpc17xx_gpdma.o)
 .debug_abbrev  0x00000000000011f3      0x303 /mnt/785C9EBA5C9E729C/FACULTAD/ED3-Panel-Solar/CMSISv2p00_LPC17xx/Debug/libCMSISv2p00_LPC17xx.a(lpc17xx_gpio.o)
 .debug_abbrev  0x00000000000014f6       0x75 /mnt/785C9EBA5C9E729C/FACULTAD/ED3-Panel-Solar/CMSISv2p00_LPC17xx/Debug/libCMSISv2p00_LPC17xx.a(lpc17xx_libcfg_default.o)
 .debug_abbrev  0x000000000000156b      0x1b9 /mnt/785C9EBA5C9E729C/FACULTAD/ED3-Panel-Solar/CMSISv2p00_LPC17xx/Debug/libCMSISv2p00_LPC17xx.a(lpc17xx_pinsel.o)
 .debug_abbrev  0x0000000000001724      0x2c8 /mnt/785C9EBA5C9E729C/FACULTAD/ED3-Panel-Solar/CMSISv2p00_LPC17xx/Debug/libCMSISv2p00_LPC17xx.a(lpc17xx_timer.o)
 .debug_abbrev  0x00000000000019ec      0x364 /mnt/785C9EBA5C9E729C/FACULTAD/ED3-Panel-Solar/CMSISv2p00_LPC17xx/Debug/libCMSISv2p00_LPC17xx.a(lpc17xx_uart.o)

.debug_aranges  0x0000000000000000      0x678
 .debug_aranges
                0x0000000000000000       0x20 ./src/Panel-Solar.o
 .debug_aranges
                0x0000000000000020       0x60 ./src/bluetooh.o
 .debug_aranges
                0x0000000000000080       0x80 ./src/cr_startup_lpc175x_6x.o
 .debug_aranges
                0x0000000000000100       0x18 ./src/crp.o
 .debug_aranges
                0x0000000000000118       0x90 ./src/keyboard.o
 .debug_aranges
                0x00000000000001a8       0x68 ./src/ldr.o
 .debug_aranges
                0x0000000000000210       0x78 ./src/stepper_motor.o
 .debug_aranges
                0x0000000000000288       0x28 /mnt/785C9EBA5C9E729C/FACULTAD/ED3-Panel-Solar/CMSISv2p00_LPC17xx/Debug/libCMSISv2p00_LPC17xx.a(system_LPC17xx.o)
 .debug_aranges
                0x00000000000002b0       0x80 /mnt/785C9EBA5C9E729C/FACULTAD/ED3-Panel-Solar/CMSISv2p00_LPC17xx/Debug/libCMSISv2p00_LPC17xx.a(lpc17xx_adc.o)
 .debug_aranges
                0x0000000000000330       0x58 /mnt/785C9EBA5C9E729C/FACULTAD/ED3-Panel-Solar/CMSISv2p00_LPC17xx/Debug/libCMSISv2p00_LPC17xx.a(lpc17xx_clkpwr.o)
 .debug_aranges
                0x0000000000000388       0x40 /mnt/785C9EBA5C9E729C/FACULTAD/ED3-Panel-Solar/CMSISv2p00_LPC17xx/Debug/libCMSISv2p00_LPC17xx.a(lpc17xx_gpdma.o)
 .debug_aranges
                0x00000000000003c8       0xe8 /mnt/785C9EBA5C9E729C/FACULTAD/ED3-Panel-Solar/CMSISv2p00_LPC17xx/Debug/libCMSISv2p00_LPC17xx.a(lpc17xx_gpio.o)
 .debug_aranges
                0x00000000000004b0       0x20 /mnt/785C9EBA5C9E729C/FACULTAD/ED3-Panel-Solar/CMSISv2p00_LPC17xx/Debug/libCMSISv2p00_LPC17xx.a(lpc17xx_libcfg_default.o)
 .debug_aranges
                0x00000000000004d0       0x30 /mnt/785C9EBA5C9E729C/FACULTAD/ED3-Panel-Solar/CMSISv2p00_LPC17xx/Debug/libCMSISv2p00_LPC17xx.a(lpc17xx_pinsel.o)
 .debug_aranges
                0x0000000000000500       0x80 /mnt/785C9EBA5C9E729C/FACULTAD/ED3-Panel-Solar/CMSISv2p00_LPC17xx/Debug/libCMSISv2p00_LPC17xx.a(lpc17xx_timer.o)
 .debug_aranges
                0x0000000000000580       0xf8 /mnt/785C9EBA5C9E729C/FACULTAD/ED3-Panel-Solar/CMSISv2p00_LPC17xx/Debug/libCMSISv2p00_LPC17xx.a(lpc17xx_uart.o)

.debug_ranges   0x0000000000000000      0x688
 .debug_ranges  0x0000000000000000       0x10 ./src/Panel-Solar.o
 .debug_ranges  0x0000000000000010       0x50 ./src/bluetooh.o
 .debug_ranges  0x0000000000000060       0x70 ./src/cr_startup_lpc175x_6x.o
 .debug_ranges  0x00000000000000d0       0x80 ./src/keyboard.o
 .debug_ranges  0x0000000000000150       0x58 ./src/ldr.o
 .debug_ranges  0x00000000000001a8       0x68 ./src/stepper_motor.o
 .debug_ranges  0x0000000000000210       0x18 /mnt/785C9EBA5C9E729C/FACULTAD/ED3-Panel-Solar/CMSISv2p00_LPC17xx/Debug/libCMSISv2p00_LPC17xx.a(system_LPC17xx.o)
 .debug_ranges  0x0000000000000228       0x70 /mnt/785C9EBA5C9E729C/FACULTAD/ED3-Panel-Solar/CMSISv2p00_LPC17xx/Debug/libCMSISv2p00_LPC17xx.a(lpc17xx_adc.o)
 .debug_ranges  0x0000000000000298       0x48 /mnt/785C9EBA5C9E729C/FACULTAD/ED3-Panel-Solar/CMSISv2p00_LPC17xx/Debug/libCMSISv2p00_LPC17xx.a(lpc17xx_clkpwr.o)
 .debug_ranges  0x00000000000002e0       0x30 /mnt/785C9EBA5C9E729C/FACULTAD/ED3-Panel-Solar/CMSISv2p00_LPC17xx/Debug/libCMSISv2p00_LPC17xx.a(lpc17xx_gpdma.o)
 .debug_ranges  0x0000000000000310       0xf0 /mnt/785C9EBA5C9E729C/FACULTAD/ED3-Panel-Solar/CMSISv2p00_LPC17xx/Debug/libCMSISv2p00_LPC17xx.a(lpc17xx_gpio.o)
 .debug_ranges  0x0000000000000400       0x10 /mnt/785C9EBA5C9E729C/FACULTAD/ED3-Panel-Solar/CMSISv2p00_LPC17xx/Debug/libCMSISv2p00_LPC17xx.a(lpc17xx_libcfg_default.o)
 .debug_ranges  0x0000000000000410       0x60 /mnt/785C9EBA5C9E729C/FACULTAD/ED3-Panel-Solar/CMSISv2p00_LPC17xx/Debug/libCMSISv2p00_LPC17xx.a(lpc17xx_pinsel.o)
 .debug_ranges  0x0000000000000470       0xe8 /mnt/785C9EBA5C9E729C/FACULTAD/ED3-Panel-Solar/CMSISv2p00_LPC17xx/Debug/libCMSISv2p00_LPC17xx.a(lpc17xx_timer.o)
 .debug_ranges  0x0000000000000558      0x130 /mnt/785C9EBA5C9E729C/FACULTAD/ED3-Panel-Solar/CMSISv2p00_LPC17xx/Debug/libCMSISv2p00_LPC17xx.a(lpc17xx_uart.o)

.debug_macro    0x0000000000000000     0x4da9
 .debug_macro   0x0000000000000000      0x131 ./src/Panel-Solar.o
 .debug_macro   0x0000000000000131      0xa7e ./src/Panel-Solar.o
 .debug_macro   0x0000000000000baf       0x1c ./src/Panel-Solar.o
 .debug_macro   0x0000000000000bcb       0x2e ./src/Panel-Solar.o
 .debug_macro   0x0000000000000bf9       0x10 ./src/Panel-Solar.o
 .debug_macro   0x0000000000000c09      0x12e ./src/Panel-Solar.o
 .debug_macro   0x0000000000000d37      0x5b3 ./src/Panel-Solar.o
 .debug_macro   0x00000000000012ea       0x18 ./src/Panel-Solar.o
 .debug_macro   0x0000000000001302      0x7af ./src/Panel-Solar.o
 .debug_macro   0x0000000000001ab1      0x2c7 ./src/Panel-Solar.o
 .debug_macro   0x0000000000001d78       0x63 ./src/Panel-Solar.o
 .debug_macro   0x0000000000001ddb      0x13f ./src/Panel-Solar.o
 .debug_macro   0x0000000000001f1a       0xeb ./src/Panel-Solar.o
 .debug_macro   0x0000000000002005       0x46 ./src/Panel-Solar.o
 .debug_macro   0x000000000000204b       0xea ./src/Panel-Solar.o
 .debug_macro   0x0000000000002135       0x2e ./src/Panel-Solar.o
 .debug_macro   0x0000000000002163       0x16 ./src/Panel-Solar.o
 .debug_macro   0x0000000000002179      0x33a ./src/Panel-Solar.o
 .debug_macro   0x00000000000024b3      0x2ae ./src/Panel-Solar.o
 .debug_macro   0x0000000000002761       0x22 ./src/Panel-Solar.o
 .debug_macro   0x0000000000002783       0x9a ./src/Panel-Solar.o
 .debug_macro   0x000000000000281d       0x2e ./src/Panel-Solar.o
 .debug_macro   0x000000000000284b       0xe3 ./src/bluetooh.o
 .debug_macro   0x000000000000292e      0x334 ./src/bluetooh.o
 .debug_macro   0x0000000000002c62      0x145 ./src/bluetooh.o
 .debug_macro   0x0000000000002da7       0x1d ./src/cr_startup_lpc175x_6x.o
 .debug_macro   0x0000000000002dc4       0x1a ./src/crp.o
 .debug_macro   0x0000000000002dde       0x34 ./src/crp.o
 .debug_macro   0x0000000000002e12      0x125 ./src/keyboard.o
 .debug_macro   0x0000000000002f37       0x40 ./src/keyboard.o
 .debug_macro   0x0000000000002f77       0xc0 ./src/ldr.o
 .debug_macro   0x0000000000003037       0xae ./src/stepper_motor.o
 .debug_macro   0x00000000000030e5       0x28 ./src/stepper_motor.o
 .debug_macro   0x000000000000310d      0x12b /mnt/785C9EBA5C9E729C/FACULTAD/ED3-Panel-Solar/CMSISv2p00_LPC17xx/Debug/libCMSISv2p00_LPC17xx.a(system_LPC17xx.o)
 .debug_macro   0x0000000000003238      0xa78 /mnt/785C9EBA5C9E729C/FACULTAD/ED3-Panel-Solar/CMSISv2p00_LPC17xx/Debug/libCMSISv2p00_LPC17xx.a(system_LPC17xx.o)
 .debug_macro   0x0000000000003cb0       0x9f /mnt/785C9EBA5C9E729C/FACULTAD/ED3-Panel-Solar/CMSISv2p00_LPC17xx/Debug/libCMSISv2p00_LPC17xx.a(lpc17xx_adc.o)
 .debug_macro   0x0000000000003d4f       0xe5 /mnt/785C9EBA5C9E729C/FACULTAD/ED3-Panel-Solar/CMSISv2p00_LPC17xx/Debug/libCMSISv2p00_LPC17xx.a(lpc17xx_adc.o)
 .debug_macro   0x0000000000003e34      0x2f7 /mnt/785C9EBA5C9E729C/FACULTAD/ED3-Panel-Solar/CMSISv2p00_LPC17xx/Debug/libCMSISv2p00_LPC17xx.a(lpc17xx_adc.o)
 .debug_macro   0x000000000000412b       0xdd /mnt/785C9EBA5C9E729C/FACULTAD/ED3-Panel-Solar/CMSISv2p00_LPC17xx/Debug/libCMSISv2p00_LPC17xx.a(lpc17xx_adc.o)
 .debug_macro   0x0000000000004208       0x8d /mnt/785C9EBA5C9E729C/FACULTAD/ED3-Panel-Solar/CMSISv2p00_LPC17xx/Debug/libCMSISv2p00_LPC17xx.a(lpc17xx_clkpwr.o)
 .debug_macro   0x0000000000004295      0x2f1 /mnt/785C9EBA5C9E729C/FACULTAD/ED3-Panel-Solar/CMSISv2p00_LPC17xx/Debug/libCMSISv2p00_LPC17xx.a(lpc17xx_clkpwr.o)
 .debug_macro   0x0000000000004586       0x9f /mnt/785C9EBA5C9E729C/FACULTAD/ED3-Panel-Solar/CMSISv2p00_LPC17xx/Debug/libCMSISv2p00_LPC17xx.a(lpc17xx_gpdma.o)
 .debug_macro   0x0000000000004625      0x2a8 /mnt/785C9EBA5C9E729C/FACULTAD/ED3-Panel-Solar/CMSISv2p00_LPC17xx/Debug/libCMSISv2p00_LPC17xx.a(lpc17xx_gpdma.o)
 .debug_macro   0x00000000000048cd       0x96 /mnt/785C9EBA5C9E729C/FACULTAD/ED3-Panel-Solar/CMSISv2p00_LPC17xx/Debug/libCMSISv2p00_LPC17xx.a(lpc17xx_gpio.o)
 .debug_macro   0x0000000000004963       0x5a /mnt/785C9EBA5C9E729C/FACULTAD/ED3-Panel-Solar/CMSISv2p00_LPC17xx/Debug/libCMSISv2p00_LPC17xx.a(lpc17xx_libcfg_default.o)
 .debug_macro   0x00000000000049bd       0x5d /mnt/785C9EBA5C9E729C/FACULTAD/ED3-Panel-Solar/CMSISv2p00_LPC17xx/Debug/libCMSISv2p00_LPC17xx.a(lpc17xx_libcfg_default.o)
 .debug_macro   0x0000000000004a1a       0xd7 /mnt/785C9EBA5C9E729C/FACULTAD/ED3-Panel-Solar/CMSISv2p00_LPC17xx/Debug/libCMSISv2p00_LPC17xx.a(lpc17xx_libcfg_default.o)
 .debug_macro   0x0000000000004af1       0x8d /mnt/785C9EBA5C9E729C/FACULTAD/ED3-Panel-Solar/CMSISv2p00_LPC17xx/Debug/libCMSISv2p00_LPC17xx.a(lpc17xx_pinsel.o)
 .debug_macro   0x0000000000004b7e       0xa8 /mnt/785C9EBA5C9E729C/FACULTAD/ED3-Panel-Solar/CMSISv2p00_LPC17xx/Debug/libCMSISv2p00_LPC17xx.a(lpc17xx_timer.o)
 .debug_macro   0x0000000000004c26       0xe4 /mnt/785C9EBA5C9E729C/FACULTAD/ED3-Panel-Solar/CMSISv2p00_LPC17xx/Debug/libCMSISv2p00_LPC17xx.a(lpc17xx_timer.o)
 .debug_macro   0x0000000000004d0a       0x9f /mnt/785C9EBA5C9E729C/FACULTAD/ED3-Panel-Solar/CMSISv2p00_LPC17xx/Debug/libCMSISv2p00_LPC17xx.a(lpc17xx_uart.o)

.debug_line     0x0000000000000000     0x59b2
 .debug_line    0x0000000000000000      0x389 ./src/Panel-Solar.o
 .debug_line    0x0000000000000389      0x465 ./src/bluetooh.o
 .debug_line    0x00000000000007ee      0x160 ./src/cr_startup_lpc175x_6x.o
 .debug_line    0x000000000000094e       0xb5 ./src/crp.o
 .debug_line    0x0000000000000a03      0x6f7 ./src/keyboard.o
 .debug_line    0x00000000000010fa      0x4ce ./src/ldr.o
 .debug_line    0x00000000000015c8      0x563 ./src/stepper_motor.o
 .debug_line    0x0000000000001b2b      0x43c /mnt/785C9EBA5C9E729C/FACULTAD/ED3-Panel-Solar/CMSISv2p00_LPC17xx/Debug/libCMSISv2p00_LPC17xx.a(system_LPC17xx.o)
 .debug_line    0x0000000000001f67      0x694 /mnt/785C9EBA5C9E729C/FACULTAD/ED3-Panel-Solar/CMSISv2p00_LPC17xx/Debug/libCMSISv2p00_LPC17xx.a(lpc17xx_adc.o)
 .debug_line    0x00000000000025fb      0x465 /mnt/785C9EBA5C9E729C/FACULTAD/ED3-Panel-Solar/CMSISv2p00_LPC17xx/Debug/libCMSISv2p00_LPC17xx.a(lpc17xx_clkpwr.o)
 .debug_line    0x0000000000002a60      0x631 /mnt/785C9EBA5C9E729C/FACULTAD/ED3-Panel-Solar/CMSISv2p00_LPC17xx/Debug/libCMSISv2p00_LPC17xx.a(lpc17xx_gpdma.o)
 .debug_line    0x0000000000003091      0x858 /mnt/785C9EBA5C9E729C/FACULTAD/ED3-Panel-Solar/CMSISv2p00_LPC17xx/Debug/libCMSISv2p00_LPC17xx.a(lpc17xx_gpio.o)
 .debug_line    0x00000000000038e9      0x21f /mnt/785C9EBA5C9E729C/FACULTAD/ED3-Panel-Solar/CMSISv2p00_LPC17xx/Debug/libCMSISv2p00_LPC17xx.a(lpc17xx_libcfg_default.o)
 .debug_line    0x0000000000003b08      0x37b /mnt/785C9EBA5C9E729C/FACULTAD/ED3-Panel-Solar/CMSISv2p00_LPC17xx/Debug/libCMSISv2p00_LPC17xx.a(lpc17xx_pinsel.o)
 .debug_line    0x0000000000003e83      0x945 /mnt/785C9EBA5C9E729C/FACULTAD/ED3-Panel-Solar/CMSISv2p00_LPC17xx/Debug/libCMSISv2p00_LPC17xx.a(lpc17xx_timer.o)
 .debug_line    0x00000000000047c8     0x11ea /mnt/785C9EBA5C9E729C/FACULTAD/ED3-Panel-Solar/CMSISv2p00_LPC17xx/Debug/libCMSISv2p00_LPC17xx.a(lpc17xx_uart.o)

.debug_str      0x0000000000000000    0x10992
 .debug_str     0x0000000000000000     0xc9e6 ./src/Panel-Solar.o
                                       0xca76 (size before relaxing)
 .debug_str     0x000000000000c9e6      0x6da ./src/bluetooh.o
                                       0xbeb3 (size before relaxing)
 .debug_str     0x000000000000d0c0      0x1c2 ./src/cr_startup_lpc175x_6x.o
                                       0x2ec0 (size before relaxing)
 .debug_str     0x000000000000d282       0xe9 ./src/crp.o
                                       0x2de1 (size before relaxing)
 .debug_str     0x000000000000d36b      0x434 ./src/keyboard.o
                                       0xd197 (size before relaxing)
 .debug_str     0x000000000000d79f      0x2c9 ./src/ldr.o
                                       0xa438 (size before relaxing)
 .debug_str     0x000000000000da68      0x124 ./src/stepper_motor.o
                                       0x9c6d (size before relaxing)
 .debug_str     0x000000000000db8c      0x53a /mnt/785C9EBA5C9E729C/FACULTAD/ED3-Panel-Solar/CMSISv2p00_LPC17xx/Debug/libCMSISv2p00_LPC17xx.a(system_LPC17xx.o)
                                       0x88ae (size before relaxing)
 .debug_str     0x000000000000e0c6     0x1526 /mnt/785C9EBA5C9E729C/FACULTAD/ED3-Panel-Solar/CMSISv2p00_LPC17xx/Debug/libCMSISv2p00_LPC17xx.a(lpc17xx_adc.o)
                                       0xa495 (size before relaxing)
 .debug_str     0x000000000000f5ec      0x100 /mnt/785C9EBA5C9E729C/FACULTAD/ED3-Panel-Solar/CMSISv2p00_LPC17xx/Debug/libCMSISv2p00_LPC17xx.a(lpc17xx_clkpwr.o)
                                       0x9aa8 (size before relaxing)
 .debug_str     0x000000000000f6ec      0x38d /mnt/785C9EBA5C9E729C/FACULTAD/ED3-Panel-Solar/CMSISv2p00_LPC17xx/Debug/libCMSISv2p00_LPC17xx.a(lpc17xx_gpdma.o)
                                       0xb2f9 (size before relaxing)
 .debug_str     0x000000000000fa79      0x301 /mnt/785C9EBA5C9E729C/FACULTAD/ED3-Panel-Solar/CMSISv2p00_LPC17xx/Debug/libCMSISv2p00_LPC17xx.a(lpc17xx_gpio.o)
                                       0x8e07 (size before relaxing)
 .debug_str     0x000000000000fd7a       0x2d /mnt/785C9EBA5C9E729C/FACULTAD/ED3-Panel-Solar/CMSISv2p00_LPC17xx/Debug/libCMSISv2p00_LPC17xx.a(lpc17xx_libcfg_default.o)
                                       0x46d5 (size before relaxing)
 .debug_str     0x000000000000fda7      0x211 /mnt/785C9EBA5C9E729C/FACULTAD/ED3-Panel-Solar/CMSISv2p00_LPC17xx/Debug/libCMSISv2p00_LPC17xx.a(lpc17xx_pinsel.o)
                                       0x8d20 (size before relaxing)
 .debug_str     0x000000000000ffb8      0x294 /mnt/785C9EBA5C9E729C/FACULTAD/ED3-Panel-Solar/CMSISv2p00_LPC17xx/Debug/libCMSISv2p00_LPC17xx.a(lpc17xx_timer.o)
                                       0xaacd (size before relaxing)
 .debug_str     0x000000000001024c      0x746 /mnt/785C9EBA5C9E729C/FACULTAD/ED3-Panel-Solar/CMSISv2p00_LPC17xx/Debug/libCMSISv2p00_LPC17xx.a(lpc17xx_uart.o)
                                       0xbb5d (size before relaxing)

.comment        0x0000000000000000       0x49
 .comment       0x0000000000000000       0x49 ./src/Panel-Solar.o
                                         0x4a (size before relaxing)
 .comment       0x0000000000000049       0x4a ./src/bluetooh.o
 .comment       0x0000000000000049       0x4a ./src/cr_startup_lpc175x_6x.o
 .comment       0x0000000000000049       0x4a ./src/crp.o
 .comment       0x0000000000000049       0x4a ./src/keyboard.o
 .comment       0x0000000000000049       0x4a ./src/ldr.o
 .comment       0x0000000000000049       0x4a ./src/stepper_motor.o
 .comment       0x0000000000000049       0x4a /mnt/785C9EBA5C9E729C/FACULTAD/ED3-Panel-Solar/CMSISv2p00_LPC17xx/Debug/libCMSISv2p00_LPC17xx.a(system_LPC17xx.o)
 .comment       0x0000000000000049       0x4a /mnt/785C9EBA5C9E729C/FACULTAD/ED3-Panel-Solar/CMSISv2p00_LPC17xx/Debug/libCMSISv2p00_LPC17xx.a(lpc17xx_adc.o)
 .comment       0x0000000000000049       0x4a /mnt/785C9EBA5C9E729C/FACULTAD/ED3-Panel-Solar/CMSISv2p00_LPC17xx/Debug/libCMSISv2p00_LPC17xx.a(lpc17xx_clkpwr.o)
 .comment       0x0000000000000049       0x4a /mnt/785C9EBA5C9E729C/FACULTAD/ED3-Panel-Solar/CMSISv2p00_LPC17xx/Debug/libCMSISv2p00_LPC17xx.a(lpc17xx_gpdma.o)
 .comment       0x0000000000000049       0x4a /mnt/785C9EBA5C9E729C/FACULTAD/ED3-Panel-Solar/CMSISv2p00_LPC17xx/Debug/libCMSISv2p00_LPC17xx.a(lpc17xx_gpio.o)
 .comment       0x0000000000000049       0x4a /mnt/785C9EBA5C9E729C/FACULTAD/ED3-Panel-Solar/CMSISv2p00_LPC17xx/Debug/libCMSISv2p00_LPC17xx.a(lpc17xx_libcfg_default.o)
 .comment       0x0000000000000049       0x4a /mnt/785C9EBA5C9E729C/FACULTAD/ED3-Panel-Solar/CMSISv2p00_LPC17xx/Debug/libCMSISv2p00_LPC17xx.a(lpc17xx_pinsel.o)
 .comment       0x0000000000000049       0x4a /mnt/785C9EBA5C9E729C/FACULTAD/ED3-Panel-Solar/CMSISv2p00_LPC17xx/Debug/libCMSISv2p00_LPC17xx.a(lpc17xx_timer.o)
 .comment       0x0000000000000049       0x4a /mnt/785C9EBA5C9E729C/FACULTAD/ED3-Panel-Solar/CMSISv2p00_LPC17xx/Debug/libCMSISv2p00_LPC17xx.a(lpc17xx_uart.o)
 .comment       0x0000000000000049       0x4a /usr/local/mcuxpressoide-11.6.0_8187/ide/plugins/com.nxp.mcuxpresso.tools.linux_11.6.0.202112161359/tools/bin/../lib/gcc/arm-none-eabi/10.3.1/../../../../arm-none-eabi/lib/thumb/v7-m/nofp/libcr_semihost.a(_cr__main.o)
 .comment       0x0000000000000049       0x4a /usr/local/mcuxpressoide-11.6.0_8187/ide/plugins/com.nxp.mcuxpresso.tools.linux_11.6.0.202112161359/tools/bin/../lib/gcc/arm-none-eabi/10.3.1/../../../../arm-none-eabi/lib/thumb/v7-m/nofp/libcr_c.a(initio.o)
 .comment       0x0000000000000049       0x4a /usr/local/mcuxpressoide-11.6.0_8187/ide/plugins/com.nxp.mcuxpresso.tools.linux_11.6.0.202112161359/tools/bin/../lib/gcc/arm-none-eabi/10.3.1/../../../../arm-none-eabi/lib/thumb/v7-m/nofp/libcr_c.a(setvbuf.o)
 .comment       0x0000000000000049       0x4a /usr/local/mcuxpressoide-11.6.0_8187/ide/plugins/com.nxp.mcuxpresso.tools.linux_11.6.0.202112161359/tools/bin/../lib/gcc/arm-none-eabi/10.3.1/../../../../arm-none-eabi/lib/thumb/v7-m/nofp/libcr_c.a(strcat.o)
 .comment       0x0000000000000049       0x4a /usr/local/mcuxpressoide-11.6.0_8187/ide/plugins/com.nxp.mcuxpresso.tools.linux_11.6.0.202112161359/tools/bin/../lib/gcc/arm-none-eabi/10.3.1/../../../../arm-none-eabi/lib/thumb/v7-m/nofp/libcr_c.a(_fdopen.o)
 .comment       0x0000000000000049       0x4a /usr/local/mcuxpressoide-11.6.0_8187/ide/plugins/com.nxp.mcuxpresso.tools.linux_11.6.0.202112161359/tools/bin/../lib/gcc/arm-none-eabi/10.3.1/../../../../arm-none-eabi/lib/thumb/v7-m/nofp/libcr_c.a(fclose.o)
 .comment       0x0000000000000049       0x4a /usr/local/mcuxpressoide-11.6.0_8187/ide/plugins/com.nxp.mcuxpresso.tools.linux_11.6.0.202112161359/tools/bin/../lib/gcc/arm-none-eabi/10.3.1/../../../../arm-none-eabi/lib/thumb/v7-m/nofp/libcr_c.a(fflush.o)
 .comment       0x0000000000000049       0x4a /usr/local/mcuxpressoide-11.6.0_8187/ide/plugins/com.nxp.mcuxpresso.tools.linux_11.6.0.202112161359/tools/bin/../lib/gcc/arm-none-eabi/10.3.1/../../../../arm-none-eabi/lib/thumb/v7-m/nofp/libcr_c.a(fseek.o)
 .comment       0x0000000000000049       0x4a /usr/local/mcuxpressoide-11.6.0_8187/ide/plugins/com.nxp.mcuxpresso.tools.linux_11.6.0.202112161359/tools/bin/../lib/gcc/arm-none-eabi/10.3.1/../../../../arm-none-eabi/lib/thumb/v7-m/nofp/libcr_c.a(ftell.o)
 .comment       0x0000000000000049       0x4a /usr/local/mcuxpressoide-11.6.0_8187/ide/plugins/com.nxp.mcuxpresso.tools.linux_11.6.0.202112161359/tools/bin/../lib/gcc/arm-none-eabi/10.3.1/../../../../arm-none-eabi/lib/thumb/v7-m/nofp/libcr_c.a(remove.o)
 .comment       0x0000000000000049       0x4a /usr/local/mcuxpressoide-11.6.0_8187/ide/plugins/com.nxp.mcuxpresso.tools.linux_11.6.0.202112161359/tools/bin/../lib/gcc/arm-none-eabi/10.3.1/../../../../arm-none-eabi/lib/thumb/v7-m/nofp/libcr_c.a(strlen.o)
 .comment       0x0000000000000049       0x4a /usr/local/mcuxpressoide-11.6.0_8187/ide/plugins/com.nxp.mcuxpresso.tools.linux_11.6.0.202112161359/tools/bin/../lib/gcc/arm-none-eabi/10.3.1/../../../../arm-none-eabi/lib/thumb/v7-m/nofp/libcr_c.a(memset.o)
 .comment       0x0000000000000049       0x4a /usr/local/mcuxpressoide-11.6.0_8187/ide/plugins/com.nxp.mcuxpresso.tools.linux_11.6.0.202112161359/tools/bin/../lib/gcc/arm-none-eabi/10.3.1/../../../../arm-none-eabi/lib/thumb/v7-m/nofp/libcr_c.a(_do_fflush.o)
 .comment       0x0000000000000049       0x4a /usr/local/mcuxpressoide-11.6.0_8187/ide/plugins/com.nxp.mcuxpresso.tools.linux_11.6.0.202112161359/tools/bin/../lib/gcc/arm-none-eabi/10.3.1/../../../../arm-none-eabi/lib/thumb/v7-m/nofp/libcr_c.a(_fflush.o)
 .comment       0x0000000000000049       0x4a /usr/local/mcuxpressoide-11.6.0_8187/ide/plugins/com.nxp.mcuxpresso.tools.linux_11.6.0.202112161359/tools/bin/../lib/gcc/arm-none-eabi/10.3.1/../../../../arm-none-eabi/lib/thumb/v7-m/nofp/libcr_c.a(_writebuf.o)
 .comment       0x0000000000000049       0x4a /usr/local/mcuxpressoide-11.6.0_8187/ide/plugins/com.nxp.mcuxpresso.tools.linux_11.6.0.202112161359/tools/bin/../lib/gcc/arm-none-eabi/10.3.1/../../../../arm-none-eabi/lib/thumb/v7-m/nofp/libcr_c.a(alloc.o)
 .comment       0x0000000000000049       0x4a /usr/local/mcuxpressoide-11.6.0_8187/ide/plugins/com.nxp.mcuxpresso.tools.linux_11.6.0.202112161359/tools/bin/../lib/gcc/arm-none-eabi/10.3.1/../../../../arm-none-eabi/lib/thumb/v7-m/nofp/libcr_c.a(errno.o)
 .comment       0x0000000000000049       0x4a /usr/local/mcuxpressoide-11.6.0_8187/ide/plugins/com.nxp.mcuxpresso.tools.linux_11.6.0.202112161359/tools/bin/../lib/gcc/arm-none-eabi/10.3.1/../../../../arm-none-eabi/lib/thumb/v7-m/nofp/libcr_c.a(_deferredlazyseek.o)
 .comment       0x0000000000000049       0x4a /usr/local/mcuxpressoide-11.6.0_8187/ide/plugins/com.nxp.mcuxpresso.tools.linux_11.6.0.202112161359/tools/bin/../lib/gcc/arm-none-eabi/10.3.1/thumb/v7-m/nofp/libcr_eabihelpers.a(float.o)
 .comment       0x0000000000000049       0x4a /usr/local/mcuxpressoide-11.6.0_8187/ide/plugins/com.nxp.mcuxpresso.tools.linux_11.6.0.202112161359/tools/bin/../lib/gcc/arm-none-eabi/10.3.1/../../../../arm-none-eabi/lib/thumb/v7-m/nofp/libcr_semihost.a(__ciob.o)

.ARM.attributes
                0x0000000000000000       0x2b
 .ARM.attributes
                0x0000000000000000       0x2d ./src/Panel-Solar.o
 .ARM.attributes
                0x000000000000002d       0x2d ./src/bluetooh.o
 .ARM.attributes
                0x000000000000005a       0x2d ./src/cr_startup_lpc175x_6x.o
 .ARM.attributes
                0x0000000000000087       0x2d ./src/crp.o
 .ARM.attributes
                0x00000000000000b4       0x2d ./src/keyboard.o
 .ARM.attributes
                0x00000000000000e1       0x2d ./src/ldr.o
 .ARM.attributes
                0x000000000000010e       0x2d ./src/stepper_motor.o
 .ARM.attributes
                0x000000000000013b       0x2d /mnt/785C9EBA5C9E729C/FACULTAD/ED3-Panel-Solar/CMSISv2p00_LPC17xx/Debug/libCMSISv2p00_LPC17xx.a(system_LPC17xx.o)
 .ARM.attributes
                0x0000000000000168       0x2d /mnt/785C9EBA5C9E729C/FACULTAD/ED3-Panel-Solar/CMSISv2p00_LPC17xx/Debug/libCMSISv2p00_LPC17xx.a(lpc17xx_adc.o)
 .ARM.attributes
                0x0000000000000195       0x2d /mnt/785C9EBA5C9E729C/FACULTAD/ED3-Panel-Solar/CMSISv2p00_LPC17xx/Debug/libCMSISv2p00_LPC17xx.a(lpc17xx_clkpwr.o)
 .ARM.attributes
                0x00000000000001c2       0x2d /mnt/785C9EBA5C9E729C/FACULTAD/ED3-Panel-Solar/CMSISv2p00_LPC17xx/Debug/libCMSISv2p00_LPC17xx.a(lpc17xx_gpdma.o)
 .ARM.attributes
                0x00000000000001ef       0x2d /mnt/785C9EBA5C9E729C/FACULTAD/ED3-Panel-Solar/CMSISv2p00_LPC17xx/Debug/libCMSISv2p00_LPC17xx.a(lpc17xx_gpio.o)
 .ARM.attributes
                0x000000000000021c       0x2d /mnt/785C9EBA5C9E729C/FACULTAD/ED3-Panel-Solar/CMSISv2p00_LPC17xx/Debug/libCMSISv2p00_LPC17xx.a(lpc17xx_libcfg_default.o)
 .ARM.attributes
                0x0000000000000249       0x2d /mnt/785C9EBA5C9E729C/FACULTAD/ED3-Panel-Solar/CMSISv2p00_LPC17xx/Debug/libCMSISv2p00_LPC17xx.a(lpc17xx_pinsel.o)
 .ARM.attributes
                0x0000000000000276       0x2d /mnt/785C9EBA5C9E729C/FACULTAD/ED3-Panel-Solar/CMSISv2p00_LPC17xx/Debug/libCMSISv2p00_LPC17xx.a(lpc17xx_timer.o)
 .ARM.attributes
                0x00000000000002a3       0x2d /mnt/785C9EBA5C9E729C/FACULTAD/ED3-Panel-Solar/CMSISv2p00_LPC17xx/Debug/libCMSISv2p00_LPC17xx.a(lpc17xx_uart.o)
 .ARM.attributes
                0x00000000000002d0       0x2d /usr/local/mcuxpressoide-11.6.0_8187/ide/plugins/com.nxp.mcuxpresso.tools.linux_11.6.0.202112161359/tools/bin/../lib/gcc/arm-none-eabi/10.3.1/../../../../arm-none-eabi/lib/thumb/v7-m/nofp/libcr_semihost.a(_cr__main.o)
 .ARM.attributes
                0x00000000000002fd       0x2d /usr/local/mcuxpressoide-11.6.0_8187/ide/plugins/com.nxp.mcuxpresso.tools.linux_11.6.0.202112161359/tools/bin/../lib/gcc/arm-none-eabi/10.3.1/../../../../arm-none-eabi/lib/thumb/v7-m/nofp/libcr_c.a(initio.o)
 .ARM.attributes
                0x000000000000032a       0x2d /usr/local/mcuxpressoide-11.6.0_8187/ide/plugins/com.nxp.mcuxpresso.tools.linux_11.6.0.202112161359/tools/bin/../lib/gcc/arm-none-eabi/10.3.1/../../../../arm-none-eabi/lib/thumb/v7-m/nofp/libcr_c.a(setvbuf.o)
 .ARM.attributes
                0x0000000000000357       0x2d /usr/local/mcuxpressoide-11.6.0_8187/ide/plugins/com.nxp.mcuxpresso.tools.linux_11.6.0.202112161359/tools/bin/../lib/gcc/arm-none-eabi/10.3.1/../../../../arm-none-eabi/lib/thumb/v7-m/nofp/libcr_c.a(strcat.o)
 .ARM.attributes
                0x0000000000000384       0x2d /usr/local/mcuxpressoide-11.6.0_8187/ide/plugins/com.nxp.mcuxpresso.tools.linux_11.6.0.202112161359/tools/bin/../lib/gcc/arm-none-eabi/10.3.1/../../../../arm-none-eabi/lib/thumb/v7-m/nofp/libcr_c.a(_fdopen.o)
 .ARM.attributes
                0x00000000000003b1       0x2d /usr/local/mcuxpressoide-11.6.0_8187/ide/plugins/com.nxp.mcuxpresso.tools.linux_11.6.0.202112161359/tools/bin/../lib/gcc/arm-none-eabi/10.3.1/../../../../arm-none-eabi/lib/thumb/v7-m/nofp/libcr_c.a(fclose.o)
 .ARM.attributes
                0x00000000000003de       0x2d /usr/local/mcuxpressoide-11.6.0_8187/ide/plugins/com.nxp.mcuxpresso.tools.linux_11.6.0.202112161359/tools/bin/../lib/gcc/arm-none-eabi/10.3.1/../../../../arm-none-eabi/lib/thumb/v7-m/nofp/libcr_c.a(fflush.o)
 .ARM.attributes
                0x000000000000040b       0x2d /usr/local/mcuxpressoide-11.6.0_8187/ide/plugins/com.nxp.mcuxpresso.tools.linux_11.6.0.202112161359/tools/bin/../lib/gcc/arm-none-eabi/10.3.1/../../../../arm-none-eabi/lib/thumb/v7-m/nofp/libcr_c.a(fseek.o)
 .ARM.attributes
                0x0000000000000438       0x2d /usr/local/mcuxpressoide-11.6.0_8187/ide/plugins/com.nxp.mcuxpresso.tools.linux_11.6.0.202112161359/tools/bin/../lib/gcc/arm-none-eabi/10.3.1/../../../../arm-none-eabi/lib/thumb/v7-m/nofp/libcr_c.a(ftell.o)
 .ARM.attributes
                0x0000000000000465       0x2d /usr/local/mcuxpressoide-11.6.0_8187/ide/plugins/com.nxp.mcuxpresso.tools.linux_11.6.0.202112161359/tools/bin/../lib/gcc/arm-none-eabi/10.3.1/../../../../arm-none-eabi/lib/thumb/v7-m/nofp/libcr_c.a(remove.o)
 .ARM.attributes
                0x0000000000000492       0x2d /usr/local/mcuxpressoide-11.6.0_8187/ide/plugins/com.nxp.mcuxpresso.tools.linux_11.6.0.202112161359/tools/bin/../lib/gcc/arm-none-eabi/10.3.1/../../../../arm-none-eabi/lib/thumb/v7-m/nofp/libcr_c.a(strlen.o)
 .ARM.attributes
                0x00000000000004bf       0x2d /usr/local/mcuxpressoide-11.6.0_8187/ide/plugins/com.nxp.mcuxpresso.tools.linux_11.6.0.202112161359/tools/bin/../lib/gcc/arm-none-eabi/10.3.1/../../../../arm-none-eabi/lib/thumb/v7-m/nofp/libcr_c.a(memset.o)
 .ARM.attributes
                0x00000000000004ec       0x2d /usr/local/mcuxpressoide-11.6.0_8187/ide/plugins/com.nxp.mcuxpresso.tools.linux_11.6.0.202112161359/tools/bin/../lib/gcc/arm-none-eabi/10.3.1/../../../../arm-none-eabi/lib/thumb/v7-m/nofp/libcr_c.a(_do_fflush.o)
 .ARM.attributes
                0x0000000000000519       0x2d /usr/local/mcuxpressoide-11.6.0_8187/ide/plugins/com.nxp.mcuxpresso.tools.linux_11.6.0.202112161359/tools/bin/../lib/gcc/arm-none-eabi/10.3.1/../../../../arm-none-eabi/lib/thumb/v7-m/nofp/libcr_c.a(_fflush.o)
 .ARM.attributes
                0x0000000000000546       0x2d /usr/local/mcuxpressoide-11.6.0_8187/ide/plugins/com.nxp.mcuxpresso.tools.linux_11.6.0.202112161359/tools/bin/../lib/gcc/arm-none-eabi/10.3.1/../../../../arm-none-eabi/lib/thumb/v7-m/nofp/libcr_c.a(_writebuf.o)
 .ARM.attributes
                0x0000000000000573       0x2d /usr/local/mcuxpressoide-11.6.0_8187/ide/plugins/com.nxp.mcuxpresso.tools.linux_11.6.0.202112161359/tools/bin/../lib/gcc/arm-none-eabi/10.3.1/../../../../arm-none-eabi/lib/thumb/v7-m/nofp/libcr_c.a(alloc.o)
 .ARM.attributes
                0x00000000000005a0       0x2d /usr/local/mcuxpressoide-11.6.0_8187/ide/plugins/com.nxp.mcuxpresso.tools.linux_11.6.0.202112161359/tools/bin/../lib/gcc/arm-none-eabi/10.3.1/../../../../arm-none-eabi/lib/thumb/v7-m/nofp/libcr_c.a(errno.o)
 .ARM.attributes
                0x00000000000005cd       0x2d /usr/local/mcuxpressoide-11.6.0_8187/ide/plugins/com.nxp.mcuxpresso.tools.linux_11.6.0.202112161359/tools/bin/../lib/gcc/arm-none-eabi/10.3.1/../../../../arm-none-eabi/lib/thumb/v7-m/nofp/libcr_c.a(_deferredlazyseek.o)
 .ARM.attributes
                0x00000000000005fa       0x1b /usr/local/mcuxpressoide-11.6.0_8187/ide/plugins/com.nxp.mcuxpresso.tools.linux_11.6.0.202112161359/tools/bin/../lib/gcc/arm-none-eabi/10.3.1/thumb/v7-m/nofp/libcr_eabihelpers.a(division_64.o)
 .ARM.attributes
                0x0000000000000615       0x1b /usr/local/mcuxpressoide-11.6.0_8187/ide/plugins/com.nxp.mcuxpresso.tools.linux_11.6.0.202112161359/tools/bin/../lib/gcc/arm-none-eabi/10.3.1/thumb/v7-m/nofp/libcr_eabihelpers.a(division_idiv0.o)
 .ARM.attributes
                0x0000000000000630       0x2d /usr/local/mcuxpressoide-11.6.0_8187/ide/plugins/com.nxp.mcuxpresso.tools.linux_11.6.0.202112161359/tools/bin/../lib/gcc/arm-none-eabi/10.3.1/thumb/v7-m/nofp/libcr_eabihelpers.a(float.o)
 .ARM.attributes
                0x000000000000065d       0x1b /usr/local/mcuxpressoide-11.6.0_8187/ide/plugins/com.nxp.mcuxpresso.tools.linux_11.6.0.202112161359/tools/bin/../lib/gcc/arm-none-eabi/10.3.1/thumb/v7-m/nofp/libcr_eabihelpers.a(memcpy.o)
 .ARM.attributes
                0x0000000000000678       0x2d /usr/local/mcuxpressoide-11.6.0_8187/ide/plugins/com.nxp.mcuxpresso.tools.linux_11.6.0.202112161359/tools/bin/../lib/gcc/arm-none-eabi/10.3.1/../../../../arm-none-eabi/lib/thumb/v7-m/nofp/libcr_semihost.a(__ciob.o)
 .ARM.attributes
                0x00000000000006a5       0x1b /usr/local/mcuxpressoide-11.6.0_8187/ide/plugins/com.nxp.mcuxpresso.tools.linux_11.6.0.202112161359/tools/bin/../lib/gcc/arm-none-eabi/10.3.1/../../../../arm-none-eabi/lib/thumb/v7-m/nofp/libcr_semihost.a(__sys_close.o)
 .ARM.attributes
                0x00000000000006c0       0x1b /usr/local/mcuxpressoide-11.6.0_8187/ide/plugins/com.nxp.mcuxpresso.tools.linux_11.6.0.202112161359/tools/bin/../lib/gcc/arm-none-eabi/10.3.1/../../../../arm-none-eabi/lib/thumb/v7-m/nofp/libcr_semihost.a(__sys_flen.o)
 .ARM.attributes
                0x00000000000006db       0x1b /usr/local/mcuxpressoide-11.6.0_8187/ide/plugins/com.nxp.mcuxpresso.tools.linux_11.6.0.202112161359/tools/bin/../lib/gcc/arm-none-eabi/10.3.1/../../../../arm-none-eabi/lib/thumb/v7-m/nofp/libcr_semihost.a(__sys_istty.o)
 .ARM.attributes
                0x00000000000006f6       0x1b /usr/local/mcuxpressoide-11.6.0_8187/ide/plugins/com.nxp.mcuxpresso.tools.linux_11.6.0.202112161359/tools/bin/../lib/gcc/arm-none-eabi/10.3.1/../../../../arm-none-eabi/lib/thumb/v7-m/nofp/libcr_semihost.a(__sys_remove.o)
 .ARM.attributes
                0x0000000000000711       0x1b /usr/local/mcuxpressoide-11.6.0_8187/ide/plugins/com.nxp.mcuxpresso.tools.linux_11.6.0.202112161359/tools/bin/../lib/gcc/arm-none-eabi/10.3.1/../../../../arm-none-eabi/lib/thumb/v7-m/nofp/libcr_semihost.a(__sys_seek.o)
 .ARM.attributes
                0x000000000000072c       0x1b /usr/local/mcuxpressoide-11.6.0_8187/ide/plugins/com.nxp.mcuxpresso.tools.linux_11.6.0.202112161359/tools/bin/../lib/gcc/arm-none-eabi/10.3.1/../../../../arm-none-eabi/lib/thumb/v7-m/nofp/libcr_semihost.a(__sys_tmpnam.o)
 .ARM.attributes
                0x0000000000000747       0x1b /usr/local/mcuxpressoide-11.6.0_8187/ide/plugins/com.nxp.mcuxpresso.tools.linux_11.6.0.202112161359/tools/bin/../lib/gcc/arm-none-eabi/10.3.1/../../../../arm-none-eabi/lib/thumb/v7-m/nofp/libcr_semihost.a(__sys_write.o)

.debug_frame    0x0000000000000000     0x11c4
 .debug_frame   0x0000000000000000       0x2c ./src/Panel-Solar.o
 .debug_frame   0x000000000000002c      0x154 ./src/bluetooh.o
 .debug_frame   0x0000000000000180      0x170 ./src/cr_startup_lpc175x_6x.o
 .debug_frame   0x00000000000002f0      0x204 ./src/keyboard.o
 .debug_frame   0x00000000000004f4      0x150 ./src/ldr.o
 .debug_frame   0x0000000000000644      0x198 ./src/stepper_motor.o
 .debug_frame   0x00000000000007dc       0x3c /mnt/785C9EBA5C9E729C/FACULTAD/ED3-Panel-Solar/CMSISv2p00_LPC17xx/Debug/libCMSISv2p00_LPC17xx.a(system_LPC17xx.o)
 .debug_frame   0x0000000000000818      0x16c /mnt/785C9EBA5C9E729C/FACULTAD/ED3-Panel-Solar/CMSISv2p00_LPC17xx/Debug/libCMSISv2p00_LPC17xx.a(lpc17xx_adc.o)
 .debug_frame   0x0000000000000984       0xa0 /mnt/785C9EBA5C9E729C/FACULTAD/ED3-Panel-Solar/CMSISv2p00_LPC17xx/Debug/libCMSISv2p00_LPC17xx.a(lpc17xx_clkpwr.o)
 .debug_frame   0x0000000000000a24       0x90 /mnt/785C9EBA5C9E729C/FACULTAD/ED3-Panel-Solar/CMSISv2p00_LPC17xx/Debug/libCMSISv2p00_LPC17xx.a(lpc17xx_gpdma.o)
 .debug_frame   0x0000000000000ab4      0x228 /mnt/785C9EBA5C9E729C/FACULTAD/ED3-Panel-Solar/CMSISv2p00_LPC17xx/Debug/libCMSISv2p00_LPC17xx.a(lpc17xx_gpio.o)
 .debug_frame   0x0000000000000cdc       0x20 /mnt/785C9EBA5C9E729C/FACULTAD/ED3-Panel-Solar/CMSISv2p00_LPC17xx/Debug/libCMSISv2p00_LPC17xx.a(lpc17xx_libcfg_default.o)
 .debug_frame   0x0000000000000cfc       0x50 /mnt/785C9EBA5C9E729C/FACULTAD/ED3-Panel-Solar/CMSISv2p00_LPC17xx/Debug/libCMSISv2p00_LPC17xx.a(lpc17xx_pinsel.o)
 .debug_frame   0x0000000000000d4c      0x174 /mnt/785C9EBA5C9E729C/FACULTAD/ED3-Panel-Solar/CMSISv2p00_LPC17xx/Debug/libCMSISv2p00_LPC17xx.a(lpc17xx_timer.o)
 .debug_frame   0x0000000000000ec0      0x304 /mnt/785C9EBA5C9E729C/FACULTAD/ED3-Panel-Solar/CMSISv2p00_LPC17xx/Debug/libCMSISv2p00_LPC17xx.a(lpc17xx_uart.o)

.debug_loc      0x0000000000000000     0x2ef9
 .debug_loc     0x0000000000000000      0x5a9 /mnt/785C9EBA5C9E729C/FACULTAD/ED3-Panel-Solar/CMSISv2p00_LPC17xx/Debug/libCMSISv2p00_LPC17xx.a(lpc17xx_adc.o)
 .debug_loc     0x00000000000005a9      0x1fa /mnt/785C9EBA5C9E729C/FACULTAD/ED3-Panel-Solar/CMSISv2p00_LPC17xx/Debug/libCMSISv2p00_LPC17xx.a(lpc17xx_clkpwr.o)
 .debug_loc     0x00000000000007a3      0x1ab /mnt/785C9EBA5C9E729C/FACULTAD/ED3-Panel-Solar/CMSISv2p00_LPC17xx/Debug/libCMSISv2p00_LPC17xx.a(lpc17xx_gpdma.o)
 .debug_loc     0x000000000000094e      0x88e /mnt/785C9EBA5C9E729C/FACULTAD/ED3-Panel-Solar/CMSISv2p00_LPC17xx/Debug/libCMSISv2p00_LPC17xx.a(lpc17xx_gpio.o)
 .debug_loc     0x00000000000011dc       0x2a /mnt/785C9EBA5C9E729C/FACULTAD/ED3-Panel-Solar/CMSISv2p00_LPC17xx/Debug/libCMSISv2p00_LPC17xx.a(lpc17xx_libcfg_default.o)
 .debug_loc     0x0000000000001206      0x1a1 /mnt/785C9EBA5C9E729C/FACULTAD/ED3-Panel-Solar/CMSISv2p00_LPC17xx/Debug/libCMSISv2p00_LPC17xx.a(lpc17xx_pinsel.o)
 .debug_loc     0x00000000000013a7      0x6ca /mnt/785C9EBA5C9E729C/FACULTAD/ED3-Panel-Solar/CMSISv2p00_LPC17xx/Debug/libCMSISv2p00_LPC17xx.a(lpc17xx_timer.o)
 .debug_loc     0x0000000000001a71     0x1488 /mnt/785C9EBA5C9E729C/FACULTAD/ED3-Panel-Solar/CMSISv2p00_LPC17xx/Debug/libCMSISv2p00_LPC17xx.a(lpc17xx_uart.o)

Cross Reference Table

Symbol                                            File
ADC_BurstCmd                                      /mnt/785C9EBA5C9E729C/FACULTAD/ED3-Panel-Solar/CMSISv2p00_LPC17xx/Debug/libCMSISv2p00_LPC17xx.a(lpc17xx_adc.o)
                                                  ./src/ldr.o
ADC_ChannelCmd                                    /mnt/785C9EBA5C9E729C/FACULTAD/ED3-Panel-Solar/CMSISv2p00_LPC17xx/Debug/libCMSISv2p00_LPC17xx.a(lpc17xx_adc.o)
                                                  ./src/ldr.o
ADC_ChannelGetData                                /mnt/785C9EBA5C9E729C/FACULTAD/ED3-Panel-Solar/CMSISv2p00_LPC17xx/Debug/libCMSISv2p00_LPC17xx.a(lpc17xx_adc.o)
                                                  ./src/ldr.o
ADC_ChannelGetStatus                              /mnt/785C9EBA5C9E729C/FACULTAD/ED3-Panel-Solar/CMSISv2p00_LPC17xx/Debug/libCMSISv2p00_LPC17xx.a(lpc17xx_adc.o)
                                                  ./src/ldr.o
ADC_DeInit                                        /mnt/785C9EBA5C9E729C/FACULTAD/ED3-Panel-Solar/CMSISv2p00_LPC17xx/Debug/libCMSISv2p00_LPC17xx.a(lpc17xx_adc.o)
ADC_EdgeStartConfig                               /mnt/785C9EBA5C9E729C/FACULTAD/ED3-Panel-Solar/CMSISv2p00_LPC17xx/Debug/libCMSISv2p00_LPC17xx.a(lpc17xx_adc.o)
ADC_GetData                                       /mnt/785C9EBA5C9E729C/FACULTAD/ED3-Panel-Solar/CMSISv2p00_LPC17xx/Debug/libCMSISv2p00_LPC17xx.a(lpc17xx_adc.o)
ADC_GlobalGetData                                 /mnt/785C9EBA5C9E729C/FACULTAD/ED3-Panel-Solar/CMSISv2p00_LPC17xx/Debug/libCMSISv2p00_LPC17xx.a(lpc17xx_adc.o)
ADC_GlobalGetStatus                               /mnt/785C9EBA5C9E729C/FACULTAD/ED3-Panel-Solar/CMSISv2p00_LPC17xx/Debug/libCMSISv2p00_LPC17xx.a(lpc17xx_adc.o)
ADC_IRQHandler                                    ./src/ldr.o
                                                  ./src/cr_startup_lpc175x_6x.o
ADC_Init                                          /mnt/785C9EBA5C9E729C/FACULTAD/ED3-Panel-Solar/CMSISv2p00_LPC17xx/Debug/libCMSISv2p00_LPC17xx.a(lpc17xx_adc.o)
                                                  ./src/ldr.o
ADC_IntConfig                                     /mnt/785C9EBA5C9E729C/FACULTAD/ED3-Panel-Solar/CMSISv2p00_LPC17xx/Debug/libCMSISv2p00_LPC17xx.a(lpc17xx_adc.o)
                                                  ./src/ldr.o
ADC_PowerdownCmd                                  /mnt/785C9EBA5C9E729C/FACULTAD/ED3-Panel-Solar/CMSISv2p00_LPC17xx/Debug/libCMSISv2p00_LPC17xx.a(lpc17xx_adc.o)
ADC_StartCmd                                      /mnt/785C9EBA5C9E729C/FACULTAD/ED3-Panel-Solar/CMSISv2p00_LPC17xx/Debug/libCMSISv2p00_LPC17xx.a(lpc17xx_adc.o)
                                                  ./src/ldr.o
BOD_IRQHandler                                    ./src/cr_startup_lpc175x_6x.o
BusFault_Handler                                  ./src/cr_startup_lpc175x_6x.o
CANActivity_IRQHandler                            ./src/cr_startup_lpc175x_6x.o
CAN_IRQHandler                                    ./src/cr_startup_lpc175x_6x.o
CLKPWR_ConfigPPWR                                 /mnt/785C9EBA5C9E729C/FACULTAD/ED3-Panel-Solar/CMSISv2p00_LPC17xx/Debug/libCMSISv2p00_LPC17xx.a(lpc17xx_clkpwr.o)
                                                  /mnt/785C9EBA5C9E729C/FACULTAD/ED3-Panel-Solar/CMSISv2p00_LPC17xx/Debug/libCMSISv2p00_LPC17xx.a(lpc17xx_uart.o)
                                                  /mnt/785C9EBA5C9E729C/FACULTAD/ED3-Panel-Solar/CMSISv2p00_LPC17xx/Debug/libCMSISv2p00_LPC17xx.a(lpc17xx_timer.o)
                                                  /mnt/785C9EBA5C9E729C/FACULTAD/ED3-Panel-Solar/CMSISv2p00_LPC17xx/Debug/libCMSISv2p00_LPC17xx.a(lpc17xx_gpdma.o)
                                                  /mnt/785C9EBA5C9E729C/FACULTAD/ED3-Panel-Solar/CMSISv2p00_LPC17xx/Debug/libCMSISv2p00_LPC17xx.a(lpc17xx_adc.o)
CLKPWR_DeepPowerDown                              /mnt/785C9EBA5C9E729C/FACULTAD/ED3-Panel-Solar/CMSISv2p00_LPC17xx/Debug/libCMSISv2p00_LPC17xx.a(lpc17xx_clkpwr.o)
CLKPWR_DeepSleep                                  /mnt/785C9EBA5C9E729C/FACULTAD/ED3-Panel-Solar/CMSISv2p00_LPC17xx/Debug/libCMSISv2p00_LPC17xx.a(lpc17xx_clkpwr.o)
CLKPWR_GetPCLK                                    /mnt/785C9EBA5C9E729C/FACULTAD/ED3-Panel-Solar/CMSISv2p00_LPC17xx/Debug/libCMSISv2p00_LPC17xx.a(lpc17xx_clkpwr.o)
                                                  /mnt/785C9EBA5C9E729C/FACULTAD/ED3-Panel-Solar/CMSISv2p00_LPC17xx/Debug/libCMSISv2p00_LPC17xx.a(lpc17xx_uart.o)
                                                  /mnt/785C9EBA5C9E729C/FACULTAD/ED3-Panel-Solar/CMSISv2p00_LPC17xx/Debug/libCMSISv2p00_LPC17xx.a(lpc17xx_timer.o)
                                                  /mnt/785C9EBA5C9E729C/FACULTAD/ED3-Panel-Solar/CMSISv2p00_LPC17xx/Debug/libCMSISv2p00_LPC17xx.a(lpc17xx_adc.o)
CLKPWR_GetPCLKSEL                                 /mnt/785C9EBA5C9E729C/FACULTAD/ED3-Panel-Solar/CMSISv2p00_LPC17xx/Debug/libCMSISv2p00_LPC17xx.a(lpc17xx_clkpwr.o)
CLKPWR_PowerDown                                  /mnt/785C9EBA5C9E729C/FACULTAD/ED3-Panel-Solar/CMSISv2p00_LPC17xx/Debug/libCMSISv2p00_LPC17xx.a(lpc17xx_clkpwr.o)
CLKPWR_SetPCLKDiv                                 /mnt/785C9EBA5C9E729C/FACULTAD/ED3-Panel-Solar/CMSISv2p00_LPC17xx/Debug/libCMSISv2p00_LPC17xx.a(lpc17xx_clkpwr.o)
                                                  /mnt/785C9EBA5C9E729C/FACULTAD/ED3-Panel-Solar/CMSISv2p00_LPC17xx/Debug/libCMSISv2p00_LPC17xx.a(lpc17xx_timer.o)
CLKPWR_Sleep                                      /mnt/785C9EBA5C9E729C/FACULTAD/ED3-Panel-Solar/CMSISv2p00_LPC17xx/Debug/libCMSISv2p00_LPC17xx.a(lpc17xx_clkpwr.o)
CRP_WORD                                          ./src/crp.o
DMA_IRQHandler                                    ./src/bluetooh.o
DebugMon_Handler                                  ./src/cr_startup_lpc175x_6x.o
EINT0_IRQHandler                                  ./src/cr_startup_lpc175x_6x.o
EINT1_IRQHandler                                  ./src/cr_startup_lpc175x_6x.o
EINT2_IRQHandler                                  ./src/cr_startup_lpc175x_6x.o
EINT3_IRQHandler                                  ./src/keyboard.o
                                                  ./src/cr_startup_lpc175x_6x.o
ENET_IRQHandler                                   ./src/cr_startup_lpc175x_6x.o
FIO_ByteClearValue                                /mnt/785C9EBA5C9E729C/FACULTAD/ED3-Panel-Solar/CMSISv2p00_LPC17xx/Debug/libCMSISv2p00_LPC17xx.a(lpc17xx_gpio.o)
FIO_ByteReadValue                                 /mnt/785C9EBA5C9E729C/FACULTAD/ED3-Panel-Solar/CMSISv2p00_LPC17xx/Debug/libCMSISv2p00_LPC17xx.a(lpc17xx_gpio.o)
FIO_ByteSetDir                                    /mnt/785C9EBA5C9E729C/FACULTAD/ED3-Panel-Solar/CMSISv2p00_LPC17xx/Debug/libCMSISv2p00_LPC17xx.a(lpc17xx_gpio.o)
FIO_ByteSetMask                                   /mnt/785C9EBA5C9E729C/FACULTAD/ED3-Panel-Solar/CMSISv2p00_LPC17xx/Debug/libCMSISv2p00_LPC17xx.a(lpc17xx_gpio.o)
FIO_ByteSetValue                                  /mnt/785C9EBA5C9E729C/FACULTAD/ED3-Panel-Solar/CMSISv2p00_LPC17xx/Debug/libCMSISv2p00_LPC17xx.a(lpc17xx_gpio.o)
FIO_ClearInt                                      /mnt/785C9EBA5C9E729C/FACULTAD/ED3-Panel-Solar/CMSISv2p00_LPC17xx/Debug/libCMSISv2p00_LPC17xx.a(lpc17xx_gpio.o)
FIO_ClearValue                                    /mnt/785C9EBA5C9E729C/FACULTAD/ED3-Panel-Solar/CMSISv2p00_LPC17xx/Debug/libCMSISv2p00_LPC17xx.a(lpc17xx_gpio.o)
FIO_GetIntStatus                                  /mnt/785C9EBA5C9E729C/FACULTAD/ED3-Panel-Solar/CMSISv2p00_LPC17xx/Debug/libCMSISv2p00_LPC17xx.a(lpc17xx_gpio.o)
FIO_HalfWordClearValue                            /mnt/785C9EBA5C9E729C/FACULTAD/ED3-Panel-Solar/CMSISv2p00_LPC17xx/Debug/libCMSISv2p00_LPC17xx.a(lpc17xx_gpio.o)
FIO_HalfWordReadValue                             /mnt/785C9EBA5C9E729C/FACULTAD/ED3-Panel-Solar/CMSISv2p00_LPC17xx/Debug/libCMSISv2p00_LPC17xx.a(lpc17xx_gpio.o)
FIO_HalfWordSetDir                                /mnt/785C9EBA5C9E729C/FACULTAD/ED3-Panel-Solar/CMSISv2p00_LPC17xx/Debug/libCMSISv2p00_LPC17xx.a(lpc17xx_gpio.o)
FIO_HalfWordSetMask                               /mnt/785C9EBA5C9E729C/FACULTAD/ED3-Panel-Solar/CMSISv2p00_LPC17xx/Debug/libCMSISv2p00_LPC17xx.a(lpc17xx_gpio.o)
FIO_HalfWordSetValue                              /mnt/785C9EBA5C9E729C/FACULTAD/ED3-Panel-Solar/CMSISv2p00_LPC17xx/Debug/libCMSISv2p00_LPC17xx.a(lpc17xx_gpio.o)
FIO_IntCmd                                        /mnt/785C9EBA5C9E729C/FACULTAD/ED3-Panel-Solar/CMSISv2p00_LPC17xx/Debug/libCMSISv2p00_LPC17xx.a(lpc17xx_gpio.o)
FIO_ReadValue                                     /mnt/785C9EBA5C9E729C/FACULTAD/ED3-Panel-Solar/CMSISv2p00_LPC17xx/Debug/libCMSISv2p00_LPC17xx.a(lpc17xx_gpio.o)
FIO_SetDir                                        /mnt/785C9EBA5C9E729C/FACULTAD/ED3-Panel-Solar/CMSISv2p00_LPC17xx/Debug/libCMSISv2p00_LPC17xx.a(lpc17xx_gpio.o)
FIO_SetMask                                       /mnt/785C9EBA5C9E729C/FACULTAD/ED3-Panel-Solar/CMSISv2p00_LPC17xx/Debug/libCMSISv2p00_LPC17xx.a(lpc17xx_gpio.o)
FIO_SetValue                                      /mnt/785C9EBA5C9E729C/FACULTAD/ED3-Panel-Solar/CMSISv2p00_LPC17xx/Debug/libCMSISv2p00_LPC17xx.a(lpc17xx_gpio.o)
GPDMA_ChannelCmd                                  /mnt/785C9EBA5C9E729C/FACULTAD/ED3-Panel-Solar/CMSISv2p00_LPC17xx/Debug/libCMSISv2p00_LPC17xx.a(lpc17xx_gpdma.o)
                                                  ./src/bluetooh.o
GPDMA_ClearIntPending                             /mnt/785C9EBA5C9E729C/FACULTAD/ED3-Panel-Solar/CMSISv2p00_LPC17xx/Debug/libCMSISv2p00_LPC17xx.a(lpc17xx_gpdma.o)
                                                  ./src/bluetooh.o