Archive member included to satisfy reference by file (symbol)

/mnt/785C9EBA5C9E729C/FACULTAD/ED3-Panel-Solar/CMSISv2p00_LPC17xx/Debug/libCMSISv2p00_LPC17xx.a(system_LPC17xx.o)
                              ./src/cr_startup_lpc175x_6x.o (SystemInit)
/mnt/785C9EBA5C9E729C/FACULTAD/ED3-Panel-Solar/CMSISv2p00_LPC17xx/Debug/libCMSISv2p00_LPC17xx.a(lpc17xx_adc.o)
                              ./src/ldr.o (ADC_Init)
/mnt/785C9EBA5C9E729C/FACULTAD/ED3-Panel-Solar/CMSISv2p00_LPC17xx/Debug/libCMSISv2p00_LPC17xx.a(lpc17xx_clkpwr.o)
                              /mnt/785C9EBA5C9E729C/FACULTAD/ED3-Panel-Solar/CMSISv2p00_LPC17xx/Debug/libCMSISv2p00_LPC17xx.a(lpc17xx_adc.o) (CLKPWR_GetPCLK)
/mnt/785C9EBA5C9E729C/FACULTAD/ED3-Panel-Solar/CMSISv2p00_LPC17xx/Debug/libCMSISv2p00_LPC17xx.a(lpc17xx_gpdma.o)
                              ./src/bluetooh.o (GPDMA_Init)
/mnt/785C9EBA5C9E729C/FACULTAD/ED3-Panel-Solar/CMSISv2p00_LPC17xx/Debug/libCMSISv2p00_LPC17xx.a(lpc17xx_gpio.o)
                              ./src/keyboard.o (GPIO_SetDir)
/mnt/785C9EBA5C9E729C/FACULTAD/ED3-Panel-Solar/CMSISv2p00_LPC17xx/Debug/libCMSISv2p00_LPC17xx.a(lpc17xx_libcfg_default.o)
                              /mnt/785C9EBA5C9E729C/FACULTAD/ED3-Panel-Solar/CMSISv2p00_LPC17xx/Debug/libCMSISv2p00_LPC17xx.a(lpc17xx_adc.o) (check_failed)
/mnt/785C9EBA5C9E729C/FACULTAD/ED3-Panel-Solar/CMSISv2p00_LPC17xx/Debug/libCMSISv2p00_LPC17xx.a(lpc17xx_pinsel.o)
                              ./src/bluetooh.o (PINSEL_ConfigPin)
/mnt/785C9EBA5C9E729C/FACULTAD/ED3-Panel-Solar/CMSISv2p00_LPC17xx/Debug/libCMSISv2p00_LPC17xx.a(lpc17xx_timer.o)
                              ./src/keyboard.o (TIM_ClearIntPending)
/mnt/785C9EBA5C9E729C/FACULTAD/ED3-Panel-Solar/CMSISv2p00_LPC17xx/Debug/libCMSISv2p00_LPC17xx.a(lpc17xx_uart.o)
                              ./src/bluetooh.o (UART_Init)
/usr/local/mcuxpressoide-11.6.0_8187/ide/plugins/com.nxp.mcuxpresso.tools.linux_11.6.0.202112161359/tools/bin/../lib/gcc/arm-none-eabi/10.3.1/../../../../arm-none-eabi/lib/thumb/v7-m/nofp/libcr_semihost.a(_cr__main.o)
                              ./src/cr_startup_lpc175x_6x.o (__main)
/usr/local/mcuxpressoide-11.6.0_8187/ide/plugins/com.nxp.mcuxpresso.tools.linux_11.6.0.202112161359/tools/bin/../lib/gcc/arm-none-eabi/10.3.1/../../../../arm-none-eabi/lib/thumb/v7-m/nofp/libcr_c.a(memset.o)
                              ./src/bluetooh.o (memset)
/usr/local/mcuxpressoide-11.6.0_8187/ide/plugins/com.nxp.mcuxpresso.tools.linux_11.6.0.202112161359/tools/bin/../lib/gcc/arm-none-eabi/10.3.1/../../../../arm-none-eabi/lib/thumb/v7-m/nofp/libcr_c.a(fpprintf.o)
                              ./src/keyboard.o (sprintf)
/usr/local/mcuxpressoide-11.6.0_8187/ide/plugins/com.nxp.mcuxpresso.tools.linux_11.6.0.202112161359/tools/bin/../lib/gcc/arm-none-eabi/10.3.1/../../../../arm-none-eabi/lib/thumb/v7-m/nofp/libcr_c.a(initio.o)
                              /usr/local/mcuxpressoide-11.6.0_8187/ide/plugins/com.nxp.mcuxpresso.tools.linux_11.6.0.202112161359/tools/bin/../lib/gcc/arm-none-eabi/10.3.1/../../../../arm-none-eabi/lib/thumb/v7-m/nofp/libcr_semihost.a(_cr__main.o) (_initio)
/usr/local/mcuxpressoide-11.6.0_8187/ide/plugins/com.nxp.mcuxpresso.tools.linux_11.6.0.202112161359/tools/bin/../lib/gcc/arm-none-eabi/10.3.1/../../../../arm-none-eabi/lib/thumb/v7-m/nofp/libcr_c.a(printf.o)
                              /usr/local/mcuxpressoide-11.6.0_8187/ide/plugins/com.nxp.mcuxpresso.tools.linux_11.6.0.202112161359/tools/bin/../lib/gcc/arm-none-eabi/10.3.1/../../../../arm-none-eabi/lib/thumb/v7-m/nofp/libcr_c.a(fpprintf.o) (__vfprintf)
/usr/local/mcuxpressoide-11.6.0_8187/ide/plugins/com.nxp.mcuxpresso.tools.linux_11.6.0.202112161359/tools/bin/../lib/gcc/arm-none-eabi/10.3.1/../../../../arm-none-eabi/lib/thumb/v7-m/nofp/libcr_c.a(setvbuf.o)
                              /usr/local/mcuxpressoide-11.6.0_8187/ide/plugins/com.nxp.mcuxpresso.tools.linux_11.6.0.202112161359/tools/bin/../lib/gcc/arm-none-eabi/10.3.1/../../../../arm-none-eabi/lib/thumb/v7-m/nofp/libcr_c.a(initio.o) (setvbuf)
/usr/local/mcuxpressoide-11.6.0_8187/ide/plugins/com.nxp.mcuxpresso.tools.linux_11.6.0.202112161359/tools/bin/../lib/gcc/arm-none-eabi/10.3.1/../../../../arm-none-eabi/lib/thumb/v7-m/nofp/libcr_c.a(strcat.o)
                              ./src/bluetooh.o (strcat)
/usr/local/mcuxpressoide-11.6.0_8187/ide/plugins/com.nxp.mcuxpresso.tools.linux_11.6.0.202112161359/tools/bin/../lib/gcc/arm-none-eabi/10.3.1/../../../../arm-none-eabi/lib/thumb/v7-m/nofp/libcr_c.a(strlen.o)
                              /usr/local/mcuxpressoide-11.6.0_8187/ide/plugins/com.nxp.mcuxpresso.tools.linux_11.6.0.202112161359/tools/bin/../lib/gcc/arm-none-eabi/10.3.1/../../../../arm-none-eabi/lib/thumb/v7-m/nofp/libcr_c.a(printf.o) (strlen)
/usr/local/mcuxpressoide-11.6.0_8187/ide/plugins/com.nxp.mcuxpresso.tools.linux_11.6.0.202112161359/tools/bin/../lib/gcc/arm-none-eabi/10.3.1/../../../../arm-none-eabi/lib/thumb/v7-m/nofp/libcr_c.a(_deferredlazyseek.o)
[...]
Memory Configuration

Name             Origin             Length             Attributes
MFlash512        0x0000000000000000 0x0000000000080000 xr
RamLoc32         0x0000000010000000 0x0000000000008000 xrw
RamAHB32         0x000000002007c000 0x0000000000008000 xrw
*default*        0x0000000000000000 0xffffffffffffffff

Linker script and memory map

LOAD ./src/Panel-Solar.o
LOAD ./src/bluetooh.o
LOAD ./src/cr_startup_lpc175x_6x.o
LOAD ./src/crp.o
LOAD ./src/keyboard.o
LOAD ./src/ldr.o
LOAD ./src/stepper_motor.o
LOAD /mnt/785C9EBA5C9E729C/FACULTAD/ED3-Panel-Solar/CMSISv2p00_LPC17xx/Debug/libCMSISv2p00_LPC17xx.a
START GROUP
LOAD /usr/local/mcuxpressoide-11.6.0_8187/ide/plugins/com.nxp.mcuxpresso.tools.linux_11.6.0.202112161359/tools/bin/../lib/gcc/arm-none-eabi/10.3.1/../../../../arm-none-eabi/lib/thumb/v7-m/nofp/libcr_semihost.a
LOAD /usr/local/mcuxpressoide-11.6.0_8187/ide/plugins/com.nxp.mcuxpresso.tools.linux_11.6.0.202112161359/tools/bin/../lib/gcc/arm-none-eabi/10.3.1/../../../../arm-none-eabi/lib/thumb/v7-m/nofp/libcr_c.a
LOAD /usr/local/mcuxpressoide-11.6.0_8187/ide/plugins/com.nxp.mcuxpresso.tools.linux_11.6.0.202112161359/tools/bin/../lib/gcc/arm-none-eabi/10.3.1/thumb/v7-m/nofp/libcr_eabihelpers.a
LOAD /usr/local/mcuxpressoide-11.6.0_8187/ide/plugins/com.nxp.mcuxpresso.tools.linux_11.6.0.202112161359/tools/bin/../lib/gcc/arm-none-eabi/10.3.1/thumb/v7-m/nofp/libgcc.a
END GROUP
                0x0000000000000000                __base_MFlash512 = 0x0
                0x0000000000000000                __base_Flash = 0x0
                0x0000000000080000                __top_MFlash512 = 0x80000
                0x0000000000080000                __top_Flash = 0x80000
                0x0000000010000000                __base_RamLoc32 = 0x10000000
                0x0000000010000000                __base_RAM = 0x10000000
                0x0000000010008000                __top_RamLoc32 = 0x10008000
                0x0000000010008000                __top_RAM = 0x10008000
                0x000000002007c000                __base_RamAHB32 = 0x2007c000
                0x000000002007c000                __base_RAM2 = 0x2007c000
                0x0000000020084000                __top_RamAHB32 = 0x20084000
                0x0000000020084000                __top_RAM2 = 0x20084000

.text           0x0000000000000000     0x4f60
 FILL mask 0xff
                0x0000000000000000                __vectors_start__ = ABSOLUTE (.)
 *(.isr_vector)
 .isr_vector    0x0000000000000000       0xcc ./src/cr_startup_lpc175x_6x.o
                0x0000000000000000                g_pfnVectors
                0x00000000000000cc                . = ALIGN (0x4)
                0x00000000000000cc                __section_table_start = .
                0x00000000000000cc                __data_section_table = .
                0x00000000000000cc        0x4 LONG 0x4f60 LOADADDR (.data)
                0x00000000000000d0        0x4 LONG 0x10000000 ADDR (.data)
                0x00000000000000d4        0x4 LONG 0xb4 SIZEOF (.data)
                0x00000000000000d8        0x4 LONG 0x4f60 LOADADDR (.data_RAM2)
                0x00000000000000dc        0x4 LONG 0x2007c000 ADDR (.data_RAM2)
                0x00000000000000e0        0x4 LONG 0x0 SIZEOF (.data_RAM2)
                0x00000000000000e4                __data_section_table_end = .
                0x00000000000000e4                __bss_section_table = .
                0x00000000000000e4        0x4 LONG 0x100000b4 ADDR (.bss)
                0x00000000000000e8        0x4 LONG 0x454 SIZEOF (.bss)
                0x00000000000000ec        0x4 LONG 0x2007c000 ADDR (.bss_RAM2)
                0x00000000000000f0        0x4 LONG 0x0 SIZEOF (.bss_RAM2)
                0x00000000000000f4                __bss_section_table_end = .
                0x00000000000000f4                __section_table_end = .
 *(.after_vectors*)
 .after_vectors
                0x00000000000000f4      0x130 ./src/cr_startup_lpc175x_6x.o
                0x00000000000000f4                data_init
                0x0000000000000138                bss_init
                0x0000000000000170                ResetISR
                0x00000000000001e8                NMI_Handler
                0x00000000000001ee                HardFault_Handler
                0x00000000000001f4                MemManage_Handler
                0x00000000000001fa                BusFault_Handler
                0x0000000000000200                UsageFault_Handler
                0x0000000000000206                SVC_Handler
                0x000000000000020c                DebugMon_Handler
                0x0000000000000212                PendSV_Handler
                0x0000000000000218                SysTick_Handler
                0x000000000000021e                RIT_IRQHandler
                0x000000000000021e                I2C0_IRQHandler
                0x000000000000021e                USBActivity_IRQHandler
                0x000000000000021e                PWM1_IRQHandler
                0x000000000000021e                I2C1_IRQHandler
                0x000000000000021e                EINT2_IRQHandler
                0x000000000000021e                UART1_IRQHandler
                0x000000000000021e                CANActivity_IRQHandler
                0x000000000000021e                UART0_IRQHandler
                0x000000000000021e                IntDefaultHandler
                0x000000000000021e                PLL0_IRQHandler
                0x000000000000021e                CAN_IRQHandler
                0x000000000000021e                PLL1_IRQHandler
                0x000000000000021e                SSP0_IRQHandler
                0x000000000000021e                I2S_IRQHandler
                0x000000000000021e                I2C2_IRQHandler
                0x000000000000021e                RTC_IRQHandler
                0x000000000000021e                SPI_IRQHandler
                0x000000000000021e                EINT1_IRQHandler
                0x000000000000021e                UART2_IRQHandler
                0x000000000000021e                SSP1_IRQHandler
                0x000000000000021e                USB_IRQHandler
                0x000000000000021e                BOD_IRQHandler
                0x000000000000021e                WDT_IRQHandler
                0x000000000000021e                QEI_IRQHandler
                0x000000000000021e                EINT0_IRQHandler
                0x000000000000021e                UART3_IRQHandler
                0x000000000000021e                MCPWM_IRQHandler
                0x000000000000021e                ENET_IRQHandler
                0x00000000000002fc                . = 0x2fc
 *fill*         0x0000000000000224       0xd8 ff
                0x00000000000002fc                PROVIDE (__CRP_WORD_START__ = .)
 *(.crp)
 .crp           0x00000000000002fc        0x4 ./src/crp.o
                0x00000000000002fc                CRP_WORD
                0x0000000000000300                PROVIDE (__CRP_WORD_END__ = .)
                0x0000000000000001                ASSERT (! ((__CRP_WORD_START__ == __CRP_WORD_END__)), Linker CRP Enabled, but no CRP_WORD provided within application)
 *(.text*)
 .text.main     0x0000000000000300       0x16 ./src/Panel-Solar.o
                0x0000000000000300                main
 *fill*         0x0000000000000316        0x2 ff
 .text.NVIC_EnableIRQ
                0x0000000000000318       0x30 ./src/bluetooh.o
 .text.NVIC_DisableIRQ
                0x0000000000000348       0x34 ./src/bluetooh.o
 .text.initUART
                0x000000000000037c       0x28 ./src/bluetooh.o
                0x000000000000037c                initUART
 .text.config_pin_uart
                0x00000000000003a4       0x36 ./src/bluetooh.o
                0x00000000000003a4                config_pin_uart
 *fill*         0x00000000000003da        0x2 ff
 .text.config_uart
                0x00000000000003dc       0x44 ./src/bluetooh.o
                0x00000000000003dc                config_uart
 .text.config_gpdma
                0x0000000000000420       0x6c ./src/bluetooh.o
                0x0000000000000420                config_gpdma
 .text.DMA_IRQHandler
                0x000000000000048c       0x40 ./src/bluetooh.o
                0x000000000000048c                DMA_IRQHandler
 .text.print_msg
                0x00000000000004cc       0x34 ./src/bluetooh.o
                0x00000000000004cc                print_msg
 .text.NVIC_EnableIRQ
                0x0000000000000500       0x30 ./src/keyboard.o
 .text.NVIC_DisableIRQ
                0x0000000000000530       0x34 ./src/keyboard.o
 .text.init_keyboard
                0x0000000000000564       0x20 ./src/keyboard.o
                0x0000000000000564                init_keyboard
 .text.config_pinsel
                0x0000000000000584       0x4c ./src/keyboard.o
                0x0000000000000584                config_pinsel
 .text.config_gpio_keyboard
                0x00000000000005d0       0x66 ./src/keyboard.o
                0x00000000000005d0                config_gpio_keyboard
 *fill*         0x0000000000000636        0x2 ff
 .text.config_timer2
                0x0000000000000638       0x5c ./src/keyboard.o
                0x0000000000000638                config_timer2
 .text.TIMER2_IRQHandler
                0x0000000000000694       0x94 ./src/keyboard.o
                0x0000000000000694                TIMER2_IRQHandler
 .text.EINT3_IRQHandler
                0x0000000000000728      0x138 ./src/keyboard.o
                0x0000000000000728                EINT3_IRQHandler
 .text.read_keyboard
                0x0000000000000860       0xc4 ./src/keyboard.o
                0x0000000000000860                read_keyboard
 .text.menu     0x0000000000000924       0x28 ./src/keyboard.o
                0x0000000000000924                menu
 .text.manual_mode
                0x000000000000094c      0x144 ./src/keyboard.o
                0x000000000000094c                manual_mode
 .text.automatic_mode
                0x0000000000000a90       0x30 ./src/keyboard.o
                0x0000000000000a90                automatic_mode
 .text.calibrate
                0x0000000000000ac0        0xe ./src/keyboard.o
                0x0000000000000ac0                calibrate
 *fill*         0x0000000000000ace        0x2 ff
 .text.automatic_op_mode
                0x0000000000000ad0       0x30 ./src/keyboard.o
                0x0000000000000ad0                automatic_op_mode
 .text.NVIC_EnableIRQ
                0x0000000000000b00       0x30 ./src/ldr.o
 .text.NVIC_DisableIRQ
                0x0000000000000b30       0x34 ./src/ldr.o
 .text.init_ldr
                0x0000000000000b64       0x18 ./src/ldr.o
                0x0000000000000b64                init_ldr
 .text.config_pin
                0x0000000000000b7c       0x36 ./src/ldr.o
                0x0000000000000b7c                config_pin
 *fill*         0x0000000000000bb2        0x2 ff
 .text.config_adc
                0x0000000000000bb4       0x58 ./src/ldr.o
                0x0000000000000bb4                config_adc
 .text.config_timer1_ldr
                0x0000000000000c0c       0x68 ./src/ldr.o
                0x0000000000000c0c                config_timer1_ldr
 .text.config_timer3_ldr
                0x0000000000000c74       0x68 ./src/ldr.o
                0x0000000000000c74                config_timer3_ldr
 .text.ADC_IRQHandler
                0x0000000000000cdc       0xc4 ./src/ldr.o
                0x0000000000000cdc                ADC_IRQHandler
 .text.TIMER1_IRQHandler
                0x0000000000000da0       0x30 ./src/ldr.o
                0x0000000000000da0                TIMER1_IRQHandler
 .text.TIMER3_IRQHandler
                0x0000000000000dd0       0x94 ./src/ldr.o
                0x0000000000000dd0                TIMER3_IRQHandler
 .text.enable_ldr
                0x0000000000000e64       0x4c ./src/ldr.o
                0x0000000000000e64                enable_ldr
 .text.disable_ldr
                0x0000000000000eb0       0x20 ./src/ldr.o
                0x0000000000000eb0                disable_ldr
 .text.NVIC_EnableIRQ
                0x0000000000000ed0       0x30 ./src/stepper_motor.o
 .text.NVIC_DisableIRQ
                0x0000000000000f00       0x34 ./src/stepper_motor.o
 .text.initStepper
                0x0000000000000f34       0x10 ./src/stepper_motor.o
                0x0000000000000f34                initStepper
 .text.config_gpio_motor
                0x0000000000000f44       0x9e ./src/stepper_motor.o
                0x0000000000000f44                config_gpio_motor
 *fill*         0x0000000000000fe2        0x2 ff
 .text.config_timer0
                0x0000000000000fe4       0x6c ./src/stepper_motor.o
                0x0000000000000fe4                config_timer0
 .text.TIMER0_IRQHandler
                0x0000000000001050       0x8c ./src/stepper_motor.o
                0x0000000000001050                TIMER0_IRQHandler
 .text.set_mode
                0x00000000000010dc       0x6c ./src/stepper_motor.o
                0x00000000000010dc                set_mode
 .text.turnRight
                0x0000000000001148       0xfc ./src/stepper_motor.o
                0x0000000000001148                turnRight
 .text.turnLeft
                0x0000000000001244       0xe8 ./src/stepper_motor.o
                0x0000000000001244                turnLeft
 .text.stopMotor
                0x000000000000132c       0x38 ./src/stepper_motor.o
                0x000000000000132c                stopMotor
 .text.turnAngle
                0x0000000000001364       0x48 ./src/stepper_motor.o
                0x0000000000001364                turnAngle
 .text.start_motor
                0x00000000000013ac       0x18 ./src/stepper_motor.o
                0x00000000000013ac                start_motor
 .text.isCalib  0x00000000000013c4       0x18 ./src/stepper_motor.o
                0x00000000000013c4                isCalib
 .text.get_current_angle
                0x00000000000013dc       0x14 ./src/stepper_motor.o
                0x00000000000013dc                get_current_angle
 .text.SystemInit
                0x00000000000013f0       0xd8 /mnt/785C9EBA5C9E729C/FACULTAD/ED3-Panel-Solar/CMSISv2p00_LPC17xx/Debug/libCMSISv2p00_LPC17xx.a(system_LPC17xx.o)
                0x00000000000013f0                SystemInit
 .text.ADC_Init
                0x00000000000014c8       0x58 /mnt/785C9EBA5C9E729C/FACULTAD/ED3-Panel-Solar/CMSISv2p00_LPC17xx/Debug/libCMSISv2p00_LPC17xx.a(lpc17xx_adc.o)
                0x00000000000014c8                ADC_Init
 .text.ADC_StartCmd
                0x0000000000001520       0x3c /mnt/785C9EBA5C9E729C/FACULTAD/ED3-Panel-Solar/CMSISv2p00_LPC17xx/Debug/libCMSISv2p00_LPC17xx.a(lpc17xx_adc.o)
                0x0000000000001520                ADC_StartCmd
 .text.ADC_BurstCmd
                0x000000000000155c       0x30 /mnt/785C9EBA5C9E729C/FACULTAD/ED3-Panel-Solar/CMSISv2p00_LPC17xx/Debug/libCMSISv2p00_LPC17xx.a(lpc17xx_adc.o)
                0x000000000000155c                ADC_BurstCmd
 .text.ADC_IntConfig
                0x000000000000158c       0x44 /mnt/785C9EBA5C9E729C/FACULTAD/ED3-Panel-Solar/CMSISv2p00_LPC17xx/Debug/libCMSISv2p00_LPC17xx.a(lpc17xx_adc.o)
                0x000000000000158c                ADC_IntConfig
 .text.ADC_ChannelCmd
                0x00000000000015d0       0x34 /mnt/785C9EBA5C9E729C/FACULTAD/ED3-Panel-Solar/CMSISv2p00_LPC17xx/Debug/libCMSISv2p00_LPC17xx.a(lpc17xx_adc.o)
                0x00000000000015d0                ADC_ChannelCmd
 .text.ADC_ChannelGetData
                0x0000000000001604       0x28 /mnt/785C9EBA5C9E729C/FACULTAD/ED3-Panel-Solar/CMSISv2p00_LPC17xx/Debug/libCMSISv2p00_LPC17xx.a(lpc17xx_adc.o)
                0x0000000000001604                ADC_ChannelGetData
 .text.ADC_ChannelGetStatus
                0x000000000000162c       0x48 /mnt/785C9EBA5C9E729C/FACULTAD/ED3-Panel-Solar/CMSISv2p00_LPC17xx/Debug/libCMSISv2p00_LPC17xx.a(lpc17xx_adc.o)
                0x000000000000162c                ADC_ChannelGetStatus
 .text.CLKPWR_SetPCLKDiv
                0x0000000000001674       0x4c /mnt/785C9EBA5C9E729C/FACULTAD/ED3-Panel-Solar/CMSISv2p00_LPC17xx/Debug/libCMSISv2p00_LPC17xx.a(lpc17xx_clkpwr.o)
                0x0000000000001674                CLKPWR_SetPCLKDiv
 .text.CLKPWR_GetPCLKSEL
                0x00000000000016c0       0x20 /mnt/785C9EBA5C9E729C/FACULTAD/ED3-Panel-Solar/CMSISv2p00_LPC17xx/Debug/libCMSISv2p00_LPC17xx.a(lpc17xx_clkpwr.o)
                0x00000000000016c0                CLKPWR_GetPCLKSEL
 .text.CLKPWR_GetPCLK
                0x00000000000016e0       0x20 /mnt/785C9EBA5C9E729C/FACULTAD/ED3-Panel-Solar/CMSISv2p00_LPC17xx/Debug/libCMSISv2p00_LPC17xx.a(lpc17xx_clkpwr.o)
                0x00000000000016e0                CLKPWR_GetPCLK
 .text.CLKPWR_ConfigPPWR
                0x0000000000001700       0x34 /mnt/785C9EBA5C9E729C/FACULTAD/ED3-Panel-Solar/CMSISv2p00_LPC17xx/Debug/libCMSISv2p00_LPC17xx.a(lpc17xx_clkpwr.o)
                0x0000000000001700                CLKPWR_ConfigPPWR
 .text.GPDMA_Init
                0x0000000000001734       0x38 /mnt/785C9EBA5C9E729C/FACULTAD/ED3-Panel-Solar/CMSISv2p00_LPC17xx/Debug/libCMSISv2p00_LPC17xx.a(lpc17xx_gpdma.o)
                0x0000000000001734                GPDMA_Init
 .text.GPDMA_Setup
                0x000000000000176c      0x1d8 /mnt/785C9EBA5C9E729C/FACULTAD/ED3-Panel-Solar/CMSISv2p00_LPC17xx/Debug/libCMSISv2p00_LPC17xx.a(lpc17xx_gpdma.o)
                0x000000000000176c                GPDMA_Setup
 .text.GPDMA_ChannelCmd
                0x0000000000001944       0x1c /mnt/785C9EBA5C9E729C/FACULTAD/ED3-Panel-Solar/CMSISv2p00_LPC17xx/Debug/libCMSISv2p00_LPC17xx.a(lpc17xx_gpdma.o)
                0x0000000000001944                GPDMA_ChannelCmd
 .text.GPDMA_ClearIntPending
                0x0000000000001960       0x50 /mnt/785C9EBA5C9E729C/FACULTAD/ED3-Panel-Solar/CMSISv2p00_LPC17xx/Debug/libCMSISv2p00_LPC17xx.a(lpc17xx_gpdma.o)
                0x0000000000001960                GPDMA_ClearIntPending
 .text.GPIO_GetPointer
                0x00000000000019b0       0x12 /mnt/785C9EBA5C9E729C/FACULTAD/ED3-Panel-Solar/CMSISv2p00_LPC17xx/Debug/libCMSISv2p00_LPC17xx.a(lpc17xx_gpio.o)
 .text.GPIO_SetDir
                0x00000000000019c2       0x18 /mnt/785C9EBA5C9E729C/FACULTAD/ED3-Panel-Solar/CMSISv2p00_LPC17xx/Debug/libCMSISv2p00_LPC17xx.a(lpc17xx_gpio.o)
                0x00000000000019c2                GPIO_SetDir
 .text.GPIO_SetValue
                0x00000000000019da        0xc /mnt/785C9EBA5C9E729C/FACULTAD/ED3-Panel-Solar/CMSISv2p00_LPC17xx/Debug/libCMSISv2p00_LPC17xx.a(lpc17xx_gpio.o)
                0x00000000000019da                GPIO_SetValue
 .text.GPIO_ClearValue
                0x00000000000019e6        0xc /mnt/785C9EBA5C9E729C/FACULTAD/ED3-Panel-Solar/CMSISv2p00_LPC17xx/Debug/libCMSISv2p00_LPC17xx.a(lpc17xx_gpio.o)
                0x00000000000019e6                GPIO_ClearValue
 *fill*         0x00000000000019f2        0x2 ff
 .text.GPIO_IntCmd
                0x00000000000019f4       0x50 /mnt/785C9EBA5C9E729C/FACULTAD/ED3-Panel-Solar/CMSISv2p00_LPC17xx/Debug/libCMSISv2p00_LPC17xx.a(lpc17xx_gpio.o)
                0x00000000000019f4                GPIO_IntCmd
 .text.GPIO_GetIntStatus
                0x0000000000001a44       0x40 /mnt/785C9EBA5C9E729C/FACULTAD/ED3-Panel-Solar/CMSISv2p00_LPC17xx/Debug/libCMSISv2p00_LPC17xx.a(lpc17xx_gpio.o)
                0x0000000000001a44                GPIO_GetIntStatus
 .text.GPIO_ClearInt
                0x0000000000001a84       0x28 /mnt/785C9EBA5C9E729C/FACULTAD/ED3-Panel-Solar/CMSISv2p00_LPC17xx/Debug/libCMSISv2p00_LPC17xx.a(lpc17xx_gpio.o)
                0x0000000000001a84                GPIO_ClearInt
 .text.check_failed
                0x0000000000001aac        0x2 /mnt/785C9EBA5C9E729C/FACULTAD/ED3-Panel-Solar/CMSISv2p00_LPC17xx/Debug/libCMSISv2p00_LPC17xx.a(lpc17xx_libcfg_default.o)
                0x0000000000001aac                check_failed
 *fill*         0x0000000000001aae        0x2 ff
 .text.PINSEL_ConfigPin
                0x0000000000001ab0       0x7c /mnt/785C9EBA5C9E729C/FACULTAD/ED3-Panel-Solar/CMSISv2p00_LPC17xx/Debug/libCMSISv2p00_LPC17xx.a(lpc17xx_pinsel.o)
                0x0000000000001ab0                PINSEL_ConfigPin
 .text.TIM_ClearIntPending
                0x0000000000001b2c       0x4c /mnt/785C9EBA5C9E729C/FACULTAD/ED3-Panel-Solar/CMSISv2p00_LPC17xx/Debug/libCMSISv2p00_LPC17xx.a(lpc17xx_timer.o)
                0x0000000000001b2c                TIM_ClearIntPending
 .text.TIM_Init
                0x0000000000001b78      0x15c /mnt/785C9EBA5C9E729C/FACULTAD/ED3-Panel-Solar/CMSISv2p00_LPC17xx/Debug/libCMSISv2p00_LPC17xx.a(lpc17xx_timer.o)
                0x0000000000001b78                TIM_Init
 .text.TIM_Cmd  0x0000000000001cd4       0x48 /mnt/785C9EBA5C9E729C/FACULTAD/ED3-Panel-Solar/CMSISv2p00_LPC17xx/Debug/libCMSISv2p00_LPC17xx.a(lpc17xx_timer.o)
                0x0000000000001cd4                TIM_Cmd
 .text.TIM_ConfigMatch
                0x0000000000001d1c       0xcc /mnt/785C9EBA5C9E729C/FACULTAD/ED3-Panel-Solar/CMSISv2p00_LPC17xx/Debug/libCMSISv2p00_LPC17xx.a(lpc17xx_timer.o)
                0x0000000000001d1c                TIM_ConfigMatch
 .text.UART_Init
                0x0000000000001de8      0x28c /mnt/785C9EBA5C9E729C/FACULTAD/ED3-Panel-Solar/CMSISv2p00_LPC17xx/Debug/libCMSISv2p00_LPC17xx.a(lpc17xx_uart.o)
                0x0000000000001de8                UART_Init
 .text.UART_ConfigStructInit
                0x0000000000002074       0x12 /mnt/785C9EBA5C9E729C/FACULTAD/ED3-Panel-Solar/CMSISv2p00_LPC17xx/Debug/libCMSISv2p00_LPC17xx.a(lpc17xx_uart.o)
                0x0000000000002074                UART_ConfigStructInit
 *fill*         0x0000000000002086        0x2 ff
 .text.UART_FIFOConfig
                0x0000000000002088       0xa8 /mnt/785C9EBA5C9E729C/FACULTAD/ED3-Panel-Solar/CMSISv2p00_LPC17xx/Debug/libCMSISv2p00_LPC17xx.a(lpc17xx_uart.o)
                0x0000000000002088                UART_FIFOConfig
 .text.UART_FIFOConfigStructInit
                0x0000000000002130        0xe /mnt/785C9EBA5C9E729C/FACULTAD/ED3-Panel-Solar/CMSISv2p00_LPC17xx/Debug/libCMSISv2p00_LPC17xx.a(lpc17xx_uart.o)
                0x0000000000002130                UART_FIFOConfigStructInit
 *fill*         0x000000000000213e        0x2 ff
 .text.UART_TxCmd
                0x0000000000002140       0x60 /mnt/785C9EBA5C9E729C/FACULTAD/ED3-Panel-Solar/CMSISv2p00_LPC17xx/Debug/libCMSISv2p00_LPC17xx.a(lpc17xx_uart.o)
                0x0000000000002140                UART_TxCmd
 .text.__main   0x00000000000021a0        0xe /usr/local/mcuxpressoide-11.6.0_8187/ide/plugins/com.nxp.mcuxpresso.tools.linux_11.6.0.202112161359/tools/bin/../lib/gcc/arm-none-eabi/10.3.1/../../../../arm-none-eabi/lib/thumb/v7-m/nofp/libcr_semihost.a(_cr__main.o)
                0x00000000000021a0                __main
                0x00000000000021a0                __CR_SEMIHOST
 .text.memset   0x00000000000021ae        0x4 /usr/local/mcuxpressoide-11.6.0_8187/ide/plugins/com.nxp.mcuxpresso.tools.linux_11.6.0.202112161359/tools/bin/../lib/gcc/arm-none-eabi/10.3.1/../../../../arm-none-eabi/lib/thumb/v7-m/nofp/libcr_c.a(memset.o)
                0x00000000000021ae                memset
 .text.fp_round
                0x00000000000021b2       0x4c /usr/local/mcuxpressoide-11.6.0_8187/ide/plugins/com.nxp.mcuxpresso.tools.linux_11.6.0.202112161359/tools/bin/../lib/gcc/arm-none-eabi/10.3.1/../../../../arm-none-eabi/lib/thumb/v7-m/nofp/libcr_c.a(fpprintf.o)
 .text.pr_dec.constprop.0
                0x00000000000021fe       0x26 /usr/local/mcuxpressoide-11.6.0_8187/ide/plugins/com.nxp.mcuxpresso.tools.linux_11.6.0.202112161359/tools/bin/../lib/gcc/arm-none-eabi/10.3.1/../../../../arm-none-eabi/lib/thumb/v7-m/nofp/libcr_c.a(fpprintf.o)
 .text.sprintf  0x0000000000002224       0x6c /usr/local/mcuxpressoide-11.6.0_8187/ide/plugins/com.nxp.mcuxpresso.tools.linux_11.6.0.202112161359/tools/bin/../lib/gcc/arm-none-eabi/10.3.1/../../../../arm-none-eabi/lib/thumb/v7-m/nofp/libcr_c.a(fpprintf.o)
                0x0000000000002224                sprintf
 .text.fp_display
                0x0000000000002290      0x950 /usr/local/mcuxpressoide-11.6.0_8187/ide/plugins/com.nxp.mcuxpresso.tools.linux_11.6.0.202112161359/tools/bin/../lib/gcc/arm-none-eabi/10.3.1/../../../../arm-none-eabi/lib/thumb/v7-m/nofp/libcr_c.a(fpprintf.o)
 .text._initio  0x0000000000002be0       0x78 /usr/local/mcuxpressoide-11.6.0_8187/ide/plugins/com.nxp.mcuxpresso.tools.linux_11.6.0.202112161359/tools/bin/../lib/gcc/arm-none-eabi/10.3.1/../../../../arm-none-eabi/lib/thumb/v7-m/nofp/libcr_c.a(initio.o)
                0x0000000000002be0                _initio
 .text.__vfprintf
                0x0000000000002c58      0xbe4 /usr/local/mcuxpressoide-11.6.0_8187/ide/plugins/com.nxp.mcuxpresso.tools.linux_11.6.0.202112161359/tools/bin/../lib/gcc/arm-none-eabi/10.3.1/../../../../arm-none-eabi/lib/thumb/v7-m/nofp/libcr_c.a(printf.o)
                0x0000000000002c58                __vfprintf
 .text.setvbuf  0x000000000000383c       0x3e /usr/local/mcuxpressoide-11.6.0_8187/ide/plugins/com.nxp.mcuxpresso.tools.linux_11.6.0.202112161359/tools/bin/../lib/gcc/arm-none-eabi/10.3.1/../../../../arm-none-eabi/lib/thumb/v7-m/nofp/libcr_c.a(setvbuf.o)
                0x000000000000383c                setvbuf
 .text.strcat   0x000000000000387a       0x1e /usr/local/mcuxpressoide-11.6.0_8187/ide/plugins/com.nxp.mcuxpresso.tools.linux_11.6.0.202112161359/tools/bin/../lib/gcc/arm-none-eabi/10.3.1/../../../../arm-none-eabi/lib/thumb/v7-m/nofp/libcr_c.a(strcat.o)
                0x000000000000387a                strcat
 .text.strlen   0x0000000000003898       0x48 /usr/local/mcuxpressoide-11.6.0_8187/ide/plugins/com.nxp.mcuxpresso.tools.linux_11.6.0.202112161359/tools/bin/../lib/gcc/arm-none-eabi/10.3.1/../../../../arm-none-eabi/lib/thumb/v7-m/nofp/libcr_c.a(strlen.o)
                0x0000000000003898                strlen
 .text._deferredlazyseek
                0x00000000000038e0       0x40 /usr/local/mcuxpressoide-11.6.0_8187/ide/plugins/com.nxp.mcuxpresso.tools.linux_11.6.0.202112161359/tools/bin/../lib/gcc/arm-none-eabi/10.3.1/../../../../arm-none-eabi/lib/thumb/v7-m/nofp/libcr_c.a(_deferredlazyseek.o)
                0x00000000000038e0                _deferredlazyseek
 .text.__flsbuf
                0x0000000000003920      0x140 /usr/local/mcuxpressoide-11.6.0_8187/ide/plugins/com.nxp.mcuxpresso.tools.linux_11.6.0.202112161359/tools/bin/../lib/gcc/arm-none-eabi/10.3.1/../../../../arm-none-eabi/lib/thumb/v7-m/nofp/libcr_c.a(_deferredlazyseek.o)
                0x0000000000003920                __flsbuf
 .text._fdopen  0x0000000000003a60       0x68 /usr/local/mcuxpressoide-11.6.0_8187/ide/plugins/com.nxp.mcuxpresso.tools.linux_11.6.0.202112161359/tools/bin/../lib/gcc/arm-none-eabi/10.3.1/../../../../arm-none-eabi/lib/thumb/v7-m/nofp/libcr_c.a(_fdopen.o)
                0x0000000000003a60                _fdopen
 .text._fflush  0x0000000000003ac8       0x52 /usr/local/mcuxpressoide-11.6.0_8187/ide/plugins/com.nxp.mcuxpresso.tools.linux_11.6.0.202112161359/tools/bin/../lib/gcc/arm-none-eabi/10.3.1/../../../../arm-none-eabi/lib/thumb/v7-m/nofp/libcr_c.a(_fflush.o)
                0x0000000000003ac8                _fflush
 .text._frexpl  0x0000000000003b1a       0x56 /usr/local/mcuxpressoide-11.6.0_8187/ide/plugins/com.nxp.mcuxpresso.tools.linux_11.6.0.202112161359/tools/bin/../lib/gcc/arm-none-eabi/10.3.1/../../../../arm-none-eabi/lib/thumb/v7-m/nofp/libcr_c.a(_frexpl.o)
                0x0000000000003b1a                _frexpl
 .text._ldexpl  0x0000000000003b70       0x48 /usr/local/mcuxpressoide-11.6.0_8187/ide/plugins/com.nxp.mcuxpresso.tools.linux_11.6.0.202112161359/tools/bin/../lib/gcc/arm-none-eabi/10.3.1/../../../../arm-none-eabi/lib/thumb/v7-m/nofp/libcr_c.a(_ldexpl.o)
                0x0000000000003b70                _ldexpl
 .text._Cwritebuf
                0x0000000000003bb8       0x6c /usr/local/mcuxpressoide-11.6.0_8187/ide/plugins/com.nxp.mcuxpresso.tools.linux_11.6.0.202112161359/tools/bin/../lib/gcc/arm-none-eabi/10.3.1/../../../../arm-none-eabi/lib/thumb/v7-m/nofp/libcr_c.a(_writebuf.o)
                0x0000000000003bb8                _Cwritebuf
 .text.malloc   0x0000000000003c24       0xc8 /usr/local/mcuxpressoide-11.6.0_8187/ide/plugins/com.nxp.mcuxpresso.tools.linux_11.6.0.202112161359/tools/bin/../lib/gcc/arm-none-eabi/10.3.1/../../../../arm-none-eabi/lib/thumb/v7-m/nofp/libcr_c.a(alloc.o)
                0x0000000000003c24                malloc
 .text.free     0x0000000000003cec       0x30 /usr/local/mcuxpressoide-11.6.0_8187/ide/plugins/com.nxp.mcuxpresso.tools.linux_11.6.0.202112161359/tools/bin/../lib/gcc/arm-none-eabi/10.3.1/../../../../arm-none-eabi/lib/thumb/v7-m/nofp/libcr_c.a(alloc.o)
                0x0000000000003cec                free
 .text._Csys_alloc
                0x0000000000003d1c       0x20 /usr/local/mcuxpressoide-11.6.0_8187/ide/plugins/com.nxp.mcuxpresso.tools.linux_11.6.0.202112161359/tools/bin/../lib/gcc/arm-none-eabi/10.3.1/../../../../arm-none-eabi/lib/thumb/v7-m/nofp/libcr_c.a(alloc.o)
                0x0000000000003d1c                _Csys_alloc
 .text.fclose   0x0000000000003d3c       0x58 /usr/local/mcuxpressoide-11.6.0_8187/ide/plugins/com.nxp.mcuxpresso.tools.linux_11.6.0.202112161359/tools/bin/../lib/gcc/arm-none-eabi/10.3.1/../../../../arm-none-eabi/lib/thumb/v7-m/nofp/libcr_c.a(fclose.o)
                0x0000000000003d3c                fclose
 .text.fflush   0x0000000000003d94       0x3c /usr/local/mcuxpressoide-11.6.0_8187/ide/plugins/com.nxp.mcuxpresso.tools.linux_11.6.0.202112161359/tools/bin/../lib/gcc/arm-none-eabi/10.3.1/../../../../arm-none-eabi/lib/thumb/v7-m/nofp/libcr_c.a(fflush.o)
                0x0000000000003d94                fflush
 .text.fseek    0x0000000000003dd0       0xfc /usr/local/mcuxpressoide-11.6.0_8187/ide/plugins/com.nxp.mcuxpresso.tools.linux_11.6.0.202112161359/tools/bin/../lib/gcc/arm-none-eabi/10.3.1/../../../../arm-none-eabi/lib/thumb/v7-m/nofp/libcr_c.a(fseek.o)
                0x0000000000003dd0                fseek
 .text.ftell    0x0000000000003ecc       0x44 /usr/local/mcuxpressoide-11.6.0_8187/ide/plugins/com.nxp.mcuxpresso.tools.linux_11.6.0.202112161359/tools/bin/../lib/gcc/arm-none-eabi/10.3.1/../../../../arm-none-eabi/lib/thumb/v7-m/nofp/libcr_c.a(ftell.o)
                0x0000000000003ecc                ftell
 .text.remove   0x0000000000003f10       0x14 /usr/local/mcuxpressoide-11.6.0_8187/ide/plugins/com.nxp.mcuxpresso.tools.linux_11.6.0.202112161359/tools/bin/../lib/gcc/arm-none-eabi/10.3.1/../../../../arm-none-eabi/lib/thumb/v7-m/nofp/libcr_c.a(remove.o)
                0x0000000000003f10                remove
 .text._sbrk    0x0000000000003f24       0x3c /usr/local/mcuxpressoide-11.6.0_8187/ide/plugins/com.nxp.mcuxpresso.tools.linux_11.6.0.202112161359/tools/bin/../lib/gcc/arm-none-eabi/10.3.1/../../../../arm-none-eabi/lib/thumb/v7-m/nofp/libcr_c.a(_cr_sbrk.o)
                0x0000000000003f24                _sbrk
 .text._do_fflush
                0x0000000000003f60       0x40 /usr/local/mcuxpressoide-11.6.0_8187/ide/plugins/com.nxp.mcuxpresso.tools.linux_11.6.0.202112161359/tools/bin/../lib/gcc/arm-none-eabi/10.3.1/../../../../arm-none-eabi/lib/thumb/v7-m/nofp/libcr_c.a(_do_fflush.o)
                0x0000000000003f60                _do_fflush
 .text.__check_heap_overflow
                0x0000000000003fa0       0x14 /usr/local/mcuxpressoide-11.6.0_8187/ide/plugins/com.nxp.mcuxpresso.tools.linux_11.6.0.202112161359/tools/bin/../lib/gcc/arm-none-eabi/10.3.1/../../../../arm-none-eabi/lib/thumb/v7-m/nofp/libcr_c.a(_cr_check_heap.o)
                0x0000000000003fa0                __check_heap_overflow
 .text.__aeabi_division_uldivmod
                0x0000000000003fb4      0x174 /usr/local/mcuxpressoide-11.6.0_8187/ide/plugins/com.nxp.mcuxpresso.tools.linux_11.6.0.202112161359/tools/bin/../lib/gcc/arm-none-eabi/10.3.1/thumb/v7-m/nofp/libcr_eabihelpers.a(division_64.o)
                0x0000000000003fb4                __aeabi_uldivmod
                0x0000000000003fb8                __bhs_ldivmod1
 .text.__aeabi_division_idiv0
                0x0000000000004128        0x2 /usr/local/mcuxpressoide-11.6.0_8187/ide/plugins/com.nxp.mcuxpresso.tools.linux_11.6.0.202112161359/tools/bin/../lib/gcc/arm-none-eabi/10.3.1/thumb/v7-m/nofp/libcr_eabihelpers.a(division_idiv0.o)
                0x0000000000004128                __aeabi_idiv0
 *fill*         0x000000000000412a        0x2 ff
 .text.__aeabi_dmul
                0x000000000000412c       0xfc /usr/local/mcuxpressoide-11.6.0_8187/ide/plugins/com.nxp.mcuxpresso.tools.linux_11.6.0.202112161359/tools/bin/../lib/gcc/arm-none-eabi/10.3.1/thumb/v7-m/nofp/libcr_eabihelpers.a(double.o)
                0x000000000000412c                __aeabi_dmul
 .text.__aeabi_ddiv
                0x0000000000004228      0x134 /usr/local/mcuxpressoide-11.6.0_8187/ide/plugins/com.nxp.mcuxpresso.tools.linux_11.6.0.202112161359/tools/bin/../lib/gcc/arm-none-eabi/10.3.1/thumb/v7-m/nofp/libcr_eabihelpers.a(double.o)
                0x0000000000004228                __aeabi_ddiv
 .text.__aeabi_dsub
                0x000000000000435c      0x1ac /usr/local/mcuxpressoide-11.6.0_8187/ide/plugins/com.nxp.mcuxpresso.tools.linux_11.6.0.202112161359/tools/bin/../lib/gcc/arm-none-eabi/10.3.1/thumb/v7-m/nofp/libcr_eabihelpers.a(double.o)
                0x000000000000435c                __aeabi_dsub
 .text.__aeabi_dadd
                0x0000000000004508      0x110 /usr/local/mcuxpressoide-11.6.0_8187/ide/plugins/com.nxp.mcuxpresso.tools.linux_11.6.0.202112161359/tools/bin/../lib/gcc/arm-none-eabi/10.3.1/thumb/v7-m/nofp/libcr_eabihelpers.a(double.o)
                0x0000000000004508                __aeabi_dadd
 .text.__aeabi_d2iz
                0x0000000000004618       0x42 /usr/local/mcuxpressoide-11.6.0_8187/ide/plugins/com.nxp.mcuxpresso.tools.linux_11.6.0.202112161359/tools/bin/../lib/gcc/arm-none-eabi/10.3.1/thumb/v7-m/nofp/libcr_eabihelpers.a(double.o)
                0x0000000000004618                __aeabi_d2iz
 .text.__bhs_ui2d
                0x000000000000465a       0x46 /usr/local/mcuxpressoide-11.6.0_8187/ide/plugins/com.nxp.mcuxpresso.tools.linux_11.6.0.202112161359/tools/bin/../lib/gcc/arm-none-eabi/10.3.1/thumb/v7-m/nofp/libcr_eabihelpers.a(double.o)
                0x000000000000465a                __bhs_ui2d
 .text.__aeabi_i2d
                0x00000000000046a0       0x12 /usr/local/mcuxpressoide-11.6.0_8187/ide/plugins/com.nxp.mcuxpresso.tools.linux_11.6.0.202112161359/tools/bin/../lib/gcc/arm-none-eabi/10.3.1/thumb/v7-m/nofp/libcr_eabihelpers.a(double.o)
                0x00000000000046a0                __aeabi_i2d
 .text.__aeabi_dcmpeq
                0x00000000000046b2       0x3c /usr/local/mcuxpressoide-11.6.0_8187/ide/plugins/com.nxp.mcuxpresso.tools.linux_11.6.0.202112161359/tools/bin/../lib/gcc/arm-none-eabi/10.3.1/thumb/v7-m/nofp/libcr_eabihelpers.a(double.o)
                0x00000000000046b2                __aeabi_dcmpeq
 .text.__aeabi_dcmplt
                0x00000000000046ee       0x58 /usr/local/mcuxpressoide-11.6.0_8187/ide/plugins/com.nxp.mcuxpresso.tools.linux_11.6.0.202112161359/tools/bin/../lib/gcc/arm-none-eabi/10.3.1/thumb/v7-m/nofp/libcr_eabihelpers.a(double.o)
                0x00000000000046ee                __aeabi_dcmplt
 .text.__aeabi_dcmple
                0x0000000000004746       0x62 /usr/local/mcuxpressoide-11.6.0_8187/ide/plugins/com.nxp.mcuxpresso.tools.linux_11.6.0.202112161359/tools/bin/../lib/gcc/arm-none-eabi/10.3.1/thumb/v7-m/nofp/libcr_eabihelpers.a(double.o)
                0x0000000000004746                __aeabi_dcmple
 .text.__aeabi_dcmpge
                0x00000000000047a8       0x62 /usr/local/mcuxpressoide-11.6.0_8187/ide/plugins/com.nxp.mcuxpresso.tools.linux_11.6.0.202112161359/tools/bin/../lib/gcc/arm-none-eabi/10.3.1/thumb/v7-m/nofp/libcr_eabihelpers.a(double.o)
                0x00000000000047a8                __aeabi_dcmpge
 *fill*         0x000000000000480a        0x2 ff
 .text.__aeabi_fmul
                0x000000000000480c       0xac /usr/local/mcuxpressoide-11.6.0_8187/ide/plugins/com.nxp.mcuxpresso.tools.linux_11.6.0.202112161359/tools/bin/../lib/gcc/arm-none-eabi/10.3.1/thumb/v7-m/nofp/libcr_eabihelpers.a(float.o)
                0x000000000000480c                __aeabi_fmul
 .text.__aeabi_fdiv
                0x00000000000048b8       0xbc /usr/local/mcuxpressoide-11.6.0_8187/ide/plugins/com.nxp.mcuxpresso.tools.linux_11.6.0.202112161359/tools/bin/../lib/gcc/arm-none-eabi/10.3.1/thumb/v7-m/nofp/libcr_eabihelpers.a(float.o)
                0x00000000000048b8                __aeabi_fdiv
 .text.__aeabi_fsub
                0x0000000000004974       0xe4 /usr/local/mcuxpressoide-11.6.0_8187/ide/plugins/com.nxp.mcuxpresso.tools.linux_11.6.0.202112161359/tools/bin/../lib/gcc/arm-none-eabi/10.3.1/thumb/v7-m/nofp/libcr_eabihelpers.a(float.o)
                0x0000000000004974                __aeabi_fsub
 .text.__aeabi_fadd
                0x0000000000004a58       0xb4 /usr/local/mcuxpressoide-11.6.0_8187/ide/plugins/com.nxp.mcuxpresso.tools.linux_11.6.0.202112161359/tools/bin/../lib/gcc/arm-none-eabi/10.3.1/thumb/v7-m/nofp/libcr_eabihelpers.a(float.o)
                0x0000000000004a58                __aeabi_fadd
 .text.__bhs_ui2f
                0x0000000000004b0c       0x26 /usr/local/mcuxpressoide-11.6.0_8187/ide/plugins/com.nxp.mcuxpresso.tools.linux_11.6.0.202112161359/tools/bin/../lib/gcc/arm-none-eabi/10.3.1/thumb/v7-m/nofp/libcr_eabihelpers.a(float.o)
                0x0000000000004b0c                __bhs_ui2f
 .text.__aeabi_ui2f
                0x0000000000004b32        0x8 /usr/local/mcuxpressoide-11.6.0_8187/ide/plugins/com.nxp.mcuxpresso.tools.linux_11.6.0.202112161359/tools/bin/../lib/gcc/arm-none-eabi/10.3.1/thumb/v7-m/nofp/libcr_eabihelpers.a(float.o)
                0x0000000000004b32                __aeabi_ui2f
 .text.__aeabi_fcmplt
                0x0000000000004b3a       0x3a /usr/local/mcuxpressoide-11.6.0_8187/ide/plugins/com.nxp.mcuxpresso.tools.linux_11.6.0.202112161359/tools/bin/../lib/gcc/arm-none-eabi/10.3.1/thumb/v7-m/nofp/libcr_eabihelpers.a(float.o)
                0x0000000000004b3a                __aeabi_fcmplt
 .text.__aeabi_fcmpgt
                0x0000000000004b74       0x3a /usr/local/mcuxpressoide-11.6.0_8187/ide/plugins/com.nxp.mcuxpresso.tools.linux_11.6.0.202112161359/tools/bin/../lib/gcc/arm-none-eabi/10.3.1/thumb/v7-m/nofp/libcr_eabihelpers.a(float.o)
                0x0000000000004b74                __aeabi_fcmpgt
 .text.__aeabi_fcmpge
                0x0000000000004bae       0x3e /usr/local/mcuxpressoide-11.6.0_8187/ide/plugins/com.nxp.mcuxpresso.tools.linux_11.6.0.202112161359/tools/bin/../lib/gcc/arm-none-eabi/10.3.1/thumb/v7-m/nofp/libcr_eabihelpers.a(float.o)
                0x0000000000004bae                __aeabi_fcmpge
 .text.__aeabi_memset_lowlevel
                0x0000000000004bec       0x32 /usr/local/mcuxpressoide-11.6.0_8187/ide/plugins/com.nxp.mcuxpresso.tools.linux_11.6.0.202112161359/tools/bin/../lib/gcc/arm-none-eabi/10.3.1/thumb/v7-m/nofp/libcr_eabihelpers.a(memcpy.o)
                0x0000000000004bec                __aeabi_lowlevel_memset
 *fill*         0x0000000000004c1e        0x2 ff
 .text.__sys_appexit
                0x0000000000004c20        0xc /usr/local/mcuxpressoide-11.6.0_8187/ide/plugins/com.nxp.mcuxpresso.tools.linux_11.6.0.202112161359/tools/bin/../lib/gcc/arm-none-eabi/10.3.1/../../../../arm-none-eabi/lib/thumb/v7-m/nofp/libcr_semihost.a(__sys_appexit.o)
                0x0000000000004c20                __exit
                0x0000000000004c20                __sys_appexit
 .text.__sys_close
                0x0000000000004c2c        0xc /usr/local/mcuxpressoide-11.6.0_8187/ide/plugins/com.nxp.mcuxpresso.tools.linux_11.6.0.202112161359/tools/bin/../lib/gcc/arm-none-eabi/10.3.1/../../../../arm-none-eabi/lib/thumb/v7-m/nofp/libcr_semihost.a(__sys_close.o)
                0x0000000000004c2c                __sys_close
 .text.__sys_flen
                0x0000000000004c38        0xc /usr/local/mcuxpressoide-11.6.0_8187/ide/plugins/com.nxp.mcuxpresso.tools.linux_11.6.0.202112161359/tools/bin/../lib/gcc/arm-none-eabi/10.3.1/../../../../arm-none-eabi/lib/thumb/v7-m/nofp/libcr_semihost.a(__sys_flen.o)
                0x0000000000004c38                __sys_flen
 .text.__sys_istty
                0x0000000000004c44        0xc /usr/local/mcuxpressoide-11.6.0_8187/ide/plugins/com.nxp.mcuxpresso.tools.linux_11.6.0.202112161359/tools/bin/../lib/gcc/arm-none-eabi/10.3.1/../../../../arm-none-eabi/lib/thumb/v7-m/nofp/libcr_semihost.a(__sys_istty.o)
                0x0000000000004c44                __sys_istty
 .text.__sys_remove
                0x0000000000004c50        0xc /usr/local/mcuxpressoide-11.6.0_8187/ide/plugins/com.nxp.mcuxpresso.tools.linux_11.6.0.202112161359/tools/bin/../lib/gcc/arm-none-eabi/10.3.1/../../../../arm-none-eabi/lib/thumb/v7-m/nofp/libcr_semihost.a(__sys_remove.o)
                0x0000000000004c50                __sys_remove
 .text.__sys_seek
                0x0000000000004c5c        0xc /usr/local/mcuxpressoide-11.6.0_8187/ide/plugins/com.nxp.mcuxpresso.tools.linux_11.6.0.202112161359/tools/bin/../lib/gcc/arm-none-eabi/10.3.1/../../../../arm-none-eabi/lib/thumb/v7-m/nofp/libcr_semihost.a(__sys_seek.o)
                0x0000000000004c5c                __sys_seek
 .text.__sys_tmpnam
                0x0000000000004c68        0xc /usr/local/mcuxpressoide-11.6.0_8187/ide/plugins/com.nxp.mcuxpresso.tools.linux_11.6.0.202112161359/tools/bin/../lib/gcc/arm-none-eabi/10.3.1/../../../../arm-none-eabi/lib/thumb/v7-m/nofp/libcr_semihost.a(__sys_tmpnam.o)
                0x0000000000004c68                __sys_tmpnam
 .text.__sys_write
                0x0000000000004c74        0xc /usr/local/mcuxpressoide-11.6.0_8187/ide/plugins/com.nxp.mcuxpresso.tools.linux_11.6.0.202112161359/tools/bin/../lib/gcc/arm-none-eabi/10.3.1/../../../../arm-none-eabi/lib/thumb/v7-m/nofp/libcr_semihost.a(__sys_write.o)
                0x0000000000004c74                __sys_write
 *(.rodata .rodata.* .constdata .constdata.*)
 .rodata.initUART.str1.4
                0x0000000000004c80       0x4c ./src/bluetooh.o
 .rodata.menu.str1.4
                0x0000000000004ccc       0x66 ./src/keyboard.o
 *fill*         0x0000000000004d32        0x2 ff
 .rodata.manual_mode.str1.4
                0x0000000000004d34       0x68 ./src/keyboard.o
 .rodata.automatic_mode.str1.4
                0x0000000000004d9c       0x21 ./src/keyboard.o
 *fill*         0x0000000000004dbd        0x3 ff
 .rodata.automatic_op_mode.str1.4
                0x0000000000004dc0       0x30 ./src/keyboard.o
 .rodata.TIMER3_IRQHandler.str1.4
                0x0000000000004df0       0x1a ./src/ldr.o
 .rodata.ADC_Init.str1.1
                0x0000000000004e0a        0xe /mnt/785C9EBA5C9E729C/FACULTAD/ED3-Panel-Solar/CMSISv2p00_LPC17xx/Debug/libCMSISv2p00_LPC17xx.a(lpc17xx_adc.o)
 .rodata.CSWTCH.5
                0x0000000000004e18        0x4 /mnt/785C9EBA5C9E729C/FACULTAD/ED3-Panel-Solar/CMSISv2p00_LPC17xx/Debug/libCMSISv2p00_LPC17xx.a(lpc17xx_clkpwr.o)
 .rodata.GPDMA_IntGetStatus.str1.1
                0x0000000000004e1c       0x10 /mnt/785C9EBA5C9E729C/FACULTAD/ED3-Panel-Solar/CMSISv2p00_LPC17xx/Debug/libCMSISv2p00_LPC17xx.a(lpc17xx_gpdma.o)
 .rodata.GPDMA_LUTPerAddr
                0x0000000000004e2c       0x60 /mnt/785C9EBA5C9E729C/FACULTAD/ED3-Panel-Solar/CMSISv2p00_LPC17xx/Debug/libCMSISv2p00_LPC17xx.a(lpc17xx_gpdma.o)
                0x0000000000004e2c                GPDMA_LUTPerAddr
 .rodata.GPDMA_LUTPerBurst
                0x0000000000004e8c       0x18 /mnt/785C9EBA5C9E729C/FACULTAD/ED3-Panel-Solar/CMSISv2p00_LPC17xx/Debug/libCMSISv2p00_LPC17xx.a(lpc17xx_gpdma.o)
                0x0000000000004e8c                GPDMA_LUTPerBurst
 .rodata.GPDMA_LUTPerWid
                0x0000000000004ea4       0x18 /mnt/785C9EBA5C9E729C/FACULTAD/ED3-Panel-Solar/CMSISv2p00_LPC17xx/Debug/libCMSISv2p00_LPC17xx.a(lpc17xx_gpdma.o)
                0x0000000000004ea4                GPDMA_LUTPerWid
 .rodata.TIM_GetIntStatus.str1.1
                0x0000000000004ebc       0x10 /mnt/785C9EBA5C9E729C/FACULTAD/ED3-Panel-Solar/CMSISv2p00_LPC17xx/Debug/libCMSISv2p00_LPC17xx.a(lpc17xx_timer.o)
 .rodata.UART_Init.str1.1
                0x0000000000004ecc        0xf /mnt/785C9EBA5C9E729C/FACULTAD/ED3-Panel-Solar/CMSISv2p00_LPC17xx/Debug/libCMSISv2p00_LPC17xx.a(lpc17xx_uart.o)
 .rodata.fp_display.str1.1
                0x0000000000004edb       0x34 /usr/local/mcuxpressoide-11.6.0_8187/ide/plugins/com.nxp.mcuxpresso.tools.linux_11.6.0.202112161359/tools/bin/../lib/gcc/arm-none-eabi/10.3.1/../../../../arm-none-eabi/lib/thumb/v7-m/nofp/libcr_c.a(fpprintf.o)
                                         0x35 (size before relaxing)
 .rodata._initio.str1.1
                0x0000000000004f0f        0x4 /usr/local/mcuxpressoide-11.6.0_8187/ide/plugins/com.nxp.mcuxpresso.tools.linux_11.6.0.202112161359/tools/bin/../lib/gcc/arm-none-eabi/10.3.1/../../../../arm-none-eabi/lib/thumb/v7-m/nofp/libcr_c.a(initio.o)
 .rodata.__vfprintf.str1.1
                0x0000000000004f13       0x31 /usr/local/mcuxpressoide-11.6.0_8187/ide/plugins/com.nxp.mcuxpresso.tools.linux_11.6.0.202112161359/tools/bin/../lib/gcc/arm-none-eabi/10.3.1/../../../../arm-none-eabi/lib/thumb/v7-m/nofp/libcr_c.a(printf.o)
                                         0x38 (size before relaxing)
 .rodata._Csys_alloc.str1.1
                0x0000000000004f44       0x18 /usr/local/mcuxpressoide-11.6.0_8187/ide/plugins/com.nxp.mcuxpresso.tools.linux_11.6.0.202112161359/tools/bin/../lib/gcc/arm-none-eabi/10.3.1/../../../../arm-none-eabi/lib/thumb/v7-m/nofp/libcr_c.a(alloc.o)
 .rodata.__num_Ciob_streams
                0x0000000000004f5c        0x4 /usr/local/mcuxpressoide-11.6.0_8187/ide/plugins/com.nxp.mcuxpresso.tools.linux_11.6.0.202112161359/tools/bin/../lib/gcc/arm-none-eabi/10.3.1/../../../../arm-none-eabi/lib/thumb/v7-m/nofp/libcr_semihost.a(__ciob.o)
                0x0000000000004f5c                __num_Ciob_streams
                0x0000000000004f60                . = ALIGN (0x4)

.glue_7         0x0000000000004f60        0x0
 .glue_7        0x0000000000004f60        0x0 linker stubs

.glue_7t        0x0000000000004f60        0x0
 .glue_7t       0x0000000000004f60        0x0 linker stubs

.vfp11_veneer   0x0000000000004f60        0x0
 .vfp11_veneer  0x0000000000004f60        0x0 linker stubs

.v4_bx          0x0000000000004f60        0x0
 .v4_bx         0x0000000000004f60        0x0 linker stubs

.iplt           0x0000000000004f60        0x0
 .iplt          0x0000000000004f60        0x0 ./src/Panel-Solar.o

.rel.dyn        0x0000000000004f60        0x0
 .rel.iplt      0x0000000000004f60        0x0 ./src/Panel-Solar.o

.ARM.extab
 *(.ARM.extab* .gnu.linkonce.armextab.*)

.ARM.exidx      0x0000000000004f60        0x0
                0x0000000000004f60                __exidx_start = .
 *(.ARM.exidx* .gnu.linkonce.armexidx.*)
                0x0000000000004f60                __exidx_end = .
                0x0000000000004f60                _etext = .

.data_RAM2      0x000000002007c000        0x0 load address 0x0000000000004f60
 FILL mask 0xff
                [!provide]                        PROVIDE (__start_data_RAM2 = .)
                [!provide]                        PROVIDE (__start_data_RamAHB32 = .)
 *(.ramfunc.$RAM2)
 *(.ramfunc.$RamAHB32)
 *(.data.$RAM2)
 *(.data.$RamAHB32)
 *(.data.$RAM2.*)
 *(.data.$RamAHB32.*)
                0x000000002007c000                . = ALIGN (0x4)
                [!provide]                        PROVIDE (__end_data_RAM2 = .)
                [!provide]                        PROVIDE (__end_data_RamAHB32 = .)

.uninit_RESERVED
                0x0000000010000000        0x0
                0x0000000010000000                _start_uninit_RESERVED = .
 *(.bss.$RESERVED*)
                0x0000000010000000                . = ALIGN (0x4)
                0x0000000010000000                _end_uninit_RESERVED = .

.data           0x0000000010000000       0xb4 load address 0x0000000000004f60
 FILL mask 0xff
                0x0000000010000000                _data = .
                [!provide]                        PROVIDE (__start_data_RAM = .)
                [!provide]                        PROVIDE (__start_data_RamLoc32 = .)
 *(vtable)
 *(.ramfunc*)
 *(CodeQuickAccess)
 *(DataQuickAccess)
 *(RamFunction)
 *(.data*)
 .data.keyboard
                0x0000000010000000       0x40 ./src/keyboard.o
                0x0000000010000000                keyboard
 .data.match_val_ldr
                0x0000000010000040        0x4 ./src/ldr.o
                0x0000000010000040                match_val_ldr
 .data.match_val_op
                0x0000000010000044        0x4 ./src/ldr.o
                0x0000000010000044                match_val_op
 .data.match_val
                0x0000000010000048        0x4 ./src/stepper_motor.o
                0x0000000010000048                match_val
 .data.clockwise
                0x000000001000004c        0x1 ./src/stepper_motor.o
                0x000000001000004c                clockwise
 *fill*         0x000000001000004d        0x3 ff
 .data.seq_half_step_right
                0x0000000010000050       0x20 ./src/stepper_motor.o
                0x0000000010000050                seq_half_step_right
 .data.seq_half_step_left
                0x0000000010000070       0x20 ./src/stepper_motor.o
                0x0000000010000070                seq_half_step_left
 .data.SystemCoreClock
                0x0000000010000090        0x4 /mnt/785C9EBA5C9E729C/FACULTAD/ED3-Panel-Solar/CMSISv2p00_LPC17xx/Debug/libCMSISv2p00_LPC17xx.a(system_LPC17xx.o)
                0x0000000010000090                SystemCoreClock
 .data.pGPDMACh
                0x0000000010000094       0x20 /mnt/785C9EBA5C9E729C/FACULTAD/ED3-Panel-Solar/CMSISv2p00_LPC17xx/Debug/libCMSISv2p00_LPC17xx.a(lpc17xx_gpdma.o)
                0x0000000010000094                pGPDMACh
                0x00000000100000b4                . = ALIGN (0x4)
                0x00000000100000b4                _edata = .
                [!provide]                        PROVIDE (__end_data_RAM = .)
                [!provide]                        PROVIDE (__end_data_RamLoc32 = .)

.igot.plt       0x00000000100000b4        0x0 load address 0x0000000000005014
 .igot.plt      0x00000000100000b4        0x0 ./src/Panel-Solar.o

.bss_RAM2       0x000000002007c000        0x0
                [!provide]                        PROVIDE (__start_bss_RAM2 = .)
                [!provide]                        PROVIDE (__start_bss_RamAHB32 = .)
 *(.bss.$RAM2)
 *(.bss.$RamAHB32)
 *(.bss.$RAM2.*)
 *(.bss.$RamAHB32.*)
                0x000000002007c000                . = ALIGN ((. != 0x0)?0x4:0x1)
                [!provide]                        PROVIDE (__end_bss_RAM2 = .)
                [!provide]                        PROVIDE (__end_bss_RamAHB32 = .)

.bss            0x00000000100000b4      0x454
                0x00000000100000b4                _bss = .
                [!provide]                        PROVIDE (__start_bss_RAM = .)
                [!provide]                        PROVIDE (__start_bss_RamLoc32 = .)
 *(.bss*)
 .bss.GPDMA_Struct
                0x00000000100000b4       0x24 ./src/bluetooh.o
                0x00000000100000b4                GPDMA_Struct
 .bss.str_send_package
                0x00000000100000d8      0x200 ./src/bluetooh.o
                0x00000000100000d8                str_send_package
 .bss.col_val   0x00000000100002d8        0x1 ./src/keyboard.o
                0x00000000100002d8                col_val
 .bss.interrupted
                0x00000000100002d9        0x1 ./src/keyboard.o
                0x00000000100002d9                interrupted
 *fill*         0x00000000100002da        0x2 
 .bss.key       0x00000000100002dc        0x4 ./src/keyboard.o
                0x00000000100002dc                key
 .bss.global_state
                0x00000000100002e0        0x1 ./src/keyboard.o
                0x00000000100002e0                global_state
 *fill*         0x00000000100002e1        0x3 
 .bss.angle_n   0x00000000100002e4        0x4 ./src/keyboard.o
                0x00000000100002e4                angle_n
 .bss.manual    0x00000000100002e8        0x1 ./src/keyboard.o
                0x00000000100002e8                manual
 .bss.calibrated
                0x00000000100002e9        0x1 ./src/keyboard.o
                0x00000000100002e9                calibrated
 .bss.cont.0    0x00000000100002ea        0x1 ./src/keyboard.o
 *fill*         0x00000000100002eb        0x1 
 .bss.ldr_1_val
                0x00000000100002ec        0x4 ./src/ldr.o
                0x00000000100002ec                ldr_1_val
 .bss.ldr_2_val
                0x00000000100002f0        0x4 ./src/ldr.o
                0x00000000100002f0                ldr_2_val
 .bss.operating_time
                0x00000000100002f4        0x4 ./src/ldr.o
                0x00000000100002f4                operating_time
 .bss.total_op_time
                0x00000000100002f8        0x4 ./src/ldr.o
                0x00000000100002f8                total_op_time
 .bss.i         0x00000000100002fc        0x1 ./src/ldr.o
                0x00000000100002fc                i
 *fill*         0x00000000100002fd        0x3 
 .bss.error     0x0000000010000300        0x4 ./src/ldr.o
                0x0000000010000300                error
 .bss.steps_to_turn
                0x0000000010000304        0x4 ./src/stepper_motor.o
                0x0000000010000304                steps_to_turn
 .bss.steps     0x0000000010000308        0x4 ./src/stepper_motor.o
                0x0000000010000308                steps
 .bss.flag      0x000000001000030c        0x1 ./src/stepper_motor.o
                0x000000001000030c                flag
 .bss.state     0x000000001000030d        0x1 ./src/stepper_motor.o
                0x000000001000030d                state
 .bss.manual_mod
                0x000000001000030e        0x1 ./src/stepper_motor.o
                0x000000001000030e                manual_mod
 .bss.calib     0x000000001000030f        0x1 ./src/stepper_motor.o
                0x000000001000030f                calib
 .bss.current_angle
                0x0000000010000310        0x4 ./src/stepper_motor.o
                0x0000000010000310                current_angle
 .bss.prev_angle
                0x0000000010000314        0x4 ./src/stepper_motor.o
                0x0000000010000314                prev_angle
 .bss.total_steps
                0x0000000010000318        0x4 ./src/stepper_motor.o
                0x0000000010000318                total_steps
 .bss.errno     0x000000001000031c        0x4 /usr/local/mcuxpressoide-11.6.0_8187/ide/plugins/com.nxp.mcuxpresso.tools.linux_11.6.0.202112161359/tools/bin/../lib/gcc/arm-none-eabi/10.3.1/../../../../arm-none-eabi/lib/thumb/v7-m/nofp/libcr_c.a(errno.o)
                0x000000001000031c                errno
 .bss.__end_of_heap
                0x0000000010000320        0x4 /usr/local/mcuxpressoide-11.6.0_8187/ide/plugins/com.nxp.mcuxpresso.tools.linux_11.6.0.202112161359/tools/bin/../lib/gcc/arm-none-eabi/10.3.1/../../../../arm-none-eabi/lib/thumb/v7-m/nofp/libcr_c.a(__init_alloc.o)
                0x0000000010000320                __end_of_heap
 .bss.__heaps   0x0000000010000324        0x4 /usr/local/mcuxpressoide-11.6.0_8187/ide/plugins/com.nxp.mcuxpresso.tools.linux_11.6.0.202112161359/tools/bin/../lib/gcc/arm-none-eabi/10.3.1/../../../../arm-none-eabi/lib/thumb/v7-m/nofp/libcr_c.a(__init_alloc.o)
                0x0000000010000324                __heaps
 .bss.__Ciob    0x0000000010000328      0x1e0 /usr/local/mcuxpressoide-11.6.0_8187/ide/plugins/com.nxp.mcuxpresso.tools.linux_11.6.0.202112161359/tools/bin/../lib/gcc/arm-none-eabi/10.3.1/../../../../arm-none-eabi/lib/thumb/v7-m/nofp/libcr_semihost.a(__ciob.o)
                0x0000000010000328                __Ciob
 *(COMMON)
                0x0000000010000508                . = ALIGN (0x4)
                0x0000000010000508                _ebss = .
                [!provide]                        PROVIDE (__end_bss_RAM = .)
                [!provide]                        PROVIDE (__end_bss_RamLoc32 = .)
                [!provide]                        PROVIDE (end = .)

.noinit_RAM2    0x000000002007c000        0x0
                [!provide]                        PROVIDE (__start_noinit_RAM2 = .)
                [!provide]                        PROVIDE (__start_noinit_RamAHB32 = .)
 *(.noinit.$RAM2)
 *(.noinit.$RamAHB32)
 *(.noinit.$RAM2.*)
 *(.noinit.$RamAHB32.*)
                0x000000002007c000                . = ALIGN (0x4)
                [!provide]                        PROVIDE (__end_noinit_RAM2 = .)
                [!provide]                        PROVIDE (__end_noinit_RamAHB32 = .)

.noinit         0x0000000010000508        0x0
                0x0000000010000508                _noinit = .
                [!provide]                        PROVIDE (__start_noinit_RAM = .)
                [!provide]                        PROVIDE (__start_noinit_RamLoc32 = .)
 *(.noinit*)
                0x0000000010000508                . = ALIGN (0x4)
                0x0000000010000508                _end_noinit = .
                [!provide]                        PROVIDE (__end_noinit_RAM = .)
                [!provide]                        PROVIDE (__end_noinit_RamLoc32 = .)
                0x0000000010000508                PROVIDE (_pvHeapStart = DEFINED (__user_heap_base)?__user_heap_base:.)
                0x0000000010008000                PROVIDE (_vStackTop = DEFINED (__user_stack_top)?__user_stack_top:(__top_RamLoc32 - 0x0))
                0xffffffffefff74c6                PROVIDE (__valid_user_code_checksum = (0x0 - ((((((_vStackTop + (ResetISR + 0x1)) + (NMI_Handler + 0x1)) + (HardFault_Handler + 0x1)) + (DEFINED (MemManage_Handler)?MemManage_Handler:0x0 + 0x1)) + (DEFINED (BusFault_Handler)?BusFault_Handler:0x0 + 0x1)) + (DEFINED (UsageFault_Handler)?UsageFault_Handler:0x0 + 0x1))))
                0x0000000000000000                _image_start = LOADADDR (.text)
                0x0000000000005014                _image_end = (LOADADDR (.data) + SIZEOF (.data))
                0x0000000000005014                _image_size = (_image_end - _image_start)
OUTPUT(Panel-Solar.axf elf32-littlearm)
LOAD linker stubs

.debug_info     0x0000000000000000     0x930e
 .debug_info    0x0000000000000000       0x94 ./src/Panel-Solar.o
 .debug_info    0x0000000000000094      0x9d1 ./src/bluetooh.o
 .debug_info    0x0000000000000a65      0x27f ./src/cr_startup_lpc175x_6x.o
 .debug_info    0x0000000000000ce4       0x40 ./src/crp.o
 .debug_info    0x0000000000000d24      0xcda ./src/keyboard.o
 .debug_info    0x00000000000019fe      0x9f4 ./src/ldr.o
 .debug_info    0x00000000000023f2      0xbcd ./src/stepper_motor.o
 .debug_info    0x0000000000002fbf      0x347 /mnt/785C9EBA5C9E729C/FACULTAD/ED3-Panel-Solar/CMSISv2p00_LPC17xx/Debug/libCMSISv2p00_LPC17xx.a(system_LPC17xx.o)
 .debug_info    0x0000000000003306      0x8f0 /mnt/785C9EBA5C9E729C/FACULTAD/ED3-Panel-Solar/CMSISv2p00_LPC17xx/Debug/libCMSISv2p00_LPC17xx.a(lpc17xx_adc.o)
 .debug_info    0x0000000000003bf6      0x6ca /mnt/785C9EBA5C9E729C/FACULTAD/ED3-Panel-Solar/CMSISv2p00_LPC17xx/Debug/libCMSISv2p00_LPC17xx.a(lpc17xx_clkpwr.o)
 .debug_info    0x00000000000042c0     0x112b /mnt/785C9EBA5C9E729C/FACULTAD/ED3-Panel-Solar/CMSISv2p00_LPC17xx/Debug/libCMSISv2p00_LPC17xx.a(lpc17xx_gpdma.o)
 .debug_info    0x00000000000053eb     0x101b /mnt/785C9EBA5C9E729C/FACULTAD/ED3-Panel-Solar/CMSISv2p00_LPC17xx/Debug/libCMSISv2p00_LPC17xx.a(lpc17xx_gpio.o)
 .debug_info    0x0000000000006406       0xd4 /mnt/785C9EBA5C9E729C/FACULTAD/ED3-Panel-Solar/CMSISv2p00_LPC17xx/Debug/libCMSISv2p00_LPC17xx.a(lpc17xx_libcfg_default.o)
 .debug_info    0x00000000000064da      0x544 /mnt/785C9EBA5C9E729C/FACULTAD/ED3-Panel-Solar/CMSISv2p00_LPC17xx/Debug/libCMSISv2p00_LPC17xx.a(lpc17xx_pinsel.o)
 .debug_info    0x0000000000006a1e      0xc54 /mnt/785C9EBA5C9E729C/FACULTAD/ED3-Panel-Solar/CMSISv2p00_LPC17xx/Debug/libCMSISv2p00_LPC17xx.a(lpc17xx_timer.o)
 .debug_info    0x0000000000007672     0x1c9c /mnt/785C9EBA5C9E729C/FACULTAD/ED3-Panel-Solar/CMSISv2p00_LPC17xx/Debug/libCMSISv2p00_LPC17xx.a(lpc17xx_uart.o)

.debug_abbrev   0x0000000000000000     0x1e0b
 .debug_abbrev  0x0000000000000000       0x49 ./src/Panel-Solar.o
 .debug_abbrev  0x0000000000000049      0x25b ./src/bluetooh.o
 .debug_abbrev  0x00000000000002a4      0x122 ./src/cr_startup_lpc175x_6x.o
 .debug_abbrev  0x00000000000003c6       0x38 ./src/crp.o
 .debug_abbrev  0x00000000000003fe      0x2a6 ./src/keyboard.o
 .debug_abbrev  0x00000000000006a4      0x21b ./src/ldr.o
 .debug_abbrev  0x00000000000008bf      0x288 ./src/stepper_motor.o
 .debug_abbrev  0x0000000000000b47      0x10e /mnt/785C9EBA5C9E729C/FACULTAD/ED3-Panel-Solar/CMSISv2p00_LPC17xx/Debug/libCMSISv2p00_LPC17xx.a(system_LPC17xx.o)
 .debug_abbrev  0x0000000000000c55      0x1bb /mnt/785C9EBA5C9E729C/FACULTAD/ED3-Panel-Solar/CMSISv2p00_LPC17xx/Debug/libCMSISv2p00_LPC17xx.a(lpc17xx_adc.o)
 .debug_abbrev  0x0000000000000e10      0x1f1 /mnt/785C9EBA5C9E729C/FACULTAD/ED3-Panel-Solar/CMSISv2p00_LPC17xx/Debug/libCMSISv2p00_LPC17xx.a(lpc17xx_clkpwr.o)
 .debug_abbrev  0x0000000000001001      0x287 /mnt/785C9EBA5C9E729C/FACULTAD/ED3-Panel-Solar/CMSISv2p00_LPC17xx/Debug/libCMSISv2p00_LPC17xx.a(lpc17xx_gpdma.o)
 .debug_abbrev  0x0000000000001288      0x329 /mnt/785C9EBA5C9E729C/FACULTAD/ED3-Panel-Solar/CMSISv2p00_LPC17xx/Debug/libCMSISv2p00_LPC17xx.a(lpc17xx_gpio.o)
 .debug_abbrev  0x00000000000015b1       0x75 /mnt/785C9EBA5C9E729C/FACULTAD/ED3-Panel-Solar/CMSISv2p00_LPC17xx/Debug/libCMSISv2p00_LPC17xx.a(lpc17xx_libcfg_default.o)
 .debug_abbrev  0x0000000000001626      0x1b9 /mnt/785C9EBA5C9E729C/FACULTAD/ED3-Panel-Solar/CMSISv2p00_LPC17xx/Debug/libCMSISv2p00_LPC17xx.a(lpc17xx_pinsel.o)
 .debug_abbrev  0x00000000000017df      0x2c8 /mnt/785C9EBA5C9E729C/FACULTAD/ED3-Panel-Solar/CMSISv2p00_LPC17xx/Debug/libCMSISv2p00_LPC17xx.a(lpc17xx_timer.o)
 .debug_abbrev  0x0000000000001aa7      0x364 /mnt/785C9EBA5C9E729C/FACULTAD/ED3-Panel-Solar/CMSISv2p00_LPC17xx/Debug/libCMSISv2p00_LPC17xx.a(lpc17xx_uart.o)

.debug_aranges  0x0000000000000000      0x698
 .debug_aranges
                0x0000000000000000       0x20 ./src/Panel-Solar.o
 .debug_aranges
                0x0000000000000020       0x60 ./src/bluetooh.o
 .debug_aranges
                0x0000000000000080       0x80 ./src/cr_startup_lpc175x_6x.o
 .debug_aranges
                0x0000000000000100       0x18 ./src/crp.o
 .debug_aranges
                0x0000000000000118       0x90 ./src/keyboard.o
 .debug_aranges
                0x00000000000001a8       0x78 ./src/ldr.o
 .debug_aranges
                0x0000000000000220       0x88 ./src/stepper_motor.o
 .debug_aranges
                0x00000000000002a8       0x28 /mnt/785C9EBA5C9E729C/FACULTAD/ED3-Panel-Solar/CMSISv2p00_LPC17xx/Debug/libCMSISv2p00_LPC17xx.a(system_LPC17xx.o)
 .debug_aranges
                0x00000000000002d0       0x80 /mnt/785C9EBA5C9E729C/FACULTAD/ED3-Panel-Solar/CMSISv2p00_LPC17xx/Debug/libCMSISv2p00_LPC17xx.a(lpc17xx_adc.o)
 .debug_aranges
                0x0000000000000350       0x58 /mnt/785C9EBA5C9E729C/FACULTAD/ED3-Panel-Solar/CMSISv2p00_LPC17xx/Debug/libCMSISv2p00_LPC17xx.a(lpc17xx_clkpwr.o)
 .debug_aranges
                0x00000000000003a8       0x40 /mnt/785C9EBA5C9E729C/FACULTAD/ED3-Panel-Solar/CMSISv2p00_LPC17xx/Debug/libCMSISv2p00_LPC17xx.a(lpc17xx_gpdma.o)
 .debug_aranges
                0x00000000000003e8       0xe8 /mnt/785C9EBA5C9E729C/FACULTAD/ED3-Panel-Solar/CMSISv2p00_LPC17xx/Debug/libCMSISv2p00_LPC17xx.a(lpc17xx_gpio.o)
 .debug_aranges
                0x00000000000004d0       0x20 /mnt/785C9EBA5C9E729C/FACULTAD/ED3-Panel-Solar/CMSISv2p00_LPC17xx/Debug/libCMSISv2p00_LPC17xx.a(lpc17xx_libcfg_default.o)
 .debug_aranges
                0x00000000000004f0       0x30 /mnt/785C9EBA5C9E729C/FACULTAD/ED3-Panel-Solar/CMSISv2p00_LPC17xx/Debug/libCMSISv2p00_LPC17xx.a(lpc17xx_pinsel.o)
 .debug_aranges
                0x0000000000000520       0x80 /mnt/785C9EBA5C9E729C/FACULTAD/ED3-Panel-Solar/CMSISv2p00_LPC17xx/Debug/libCMSISv2p00_LPC17xx.a(lpc17xx_timer.o)
 .debug_aranges
                0x00000000000005a0       0xf8 /mnt/785C9EBA5C9E729C/FACULTAD/ED3-Panel-Solar/CMSISv2p00_LPC17xx/Debug/libCMSISv2p00_LPC17xx.a(lpc17xx_uart.o)

.debug_ranges   0x0000000000000000      0x6c0
 .debug_ranges  0x0000000000000000       0x10 ./src/Panel-Solar.o
 .debug_ranges  0x0000000000000010       0x50 ./src/bluetooh.o
 .debug_ranges  0x0000000000000060       0x70 ./src/cr_startup_lpc175x_6x.o
 .debug_ranges  0x00000000000000d0       0x80 ./src/keyboard.o
 .debug_ranges  0x0000000000000150       0x68 ./src/ldr.o
 .debug_ranges  0x00000000000001b8       0x78 ./src/stepper_motor.o
 .debug_ranges  0x0000000000000230       0x18 /mnt/785C9EBA5C9E729C/FACULTAD/ED3-Panel-Solar/CMSISv2p00_LPC17xx/Debug/libCMSISv2p00_LPC17xx.a(system_LPC17xx.o)
 .debug_ranges  0x0000000000000248       0x70 /mnt/785C9EBA5C9E729C/FACULTAD/ED3-Panel-Solar/CMSISv2p00_LPC17xx/Debug/libCMSISv2p00_LPC17xx.a(lpc17xx_adc.o)
 .debug_ranges  0x00000000000002b8       0x48 /mnt/785C9EBA5C9E729C/FACULTAD/ED3-Panel-Solar/CMSISv2p00_LPC17xx/Debug/libCMSISv2p00_LPC17xx.a(lpc17xx_clkpwr.o)
 .debug_ranges  0x0000000000000300       0x30 /mnt/785C9EBA5C9E729C/FACULTAD/ED3-Panel-Solar/CMSISv2p00_LPC17xx/Debug/libCMSISv2p00_LPC17xx.a(lpc17xx_gpdma.o)
 .debug_ranges  0x0000000000000330      0x108 /mnt/785C9EBA5C9E729C/FACULTAD/ED3-Panel-Solar/CMSISv2p00_LPC17xx/Debug/libCMSISv2p00_LPC17xx.a(lpc17xx_gpio.o)
 .debug_ranges  0x0000000000000438       0x10 /mnt/785C9EBA5C9E729C/FACULTAD/ED3-Panel-Solar/CMSISv2p00_LPC17xx/Debug/libCMSISv2p00_LPC17xx.a(lpc17xx_libcfg_default.o)
 .debug_ranges  0x0000000000000448       0x60 /mnt/785C9EBA5C9E729C/FACULTAD/ED3-Panel-Solar/CMSISv2p00_LPC17xx/Debug/libCMSISv2p00_LPC17xx.a(lpc17xx_pinsel.o)
 .debug_ranges  0x00000000000004a8       0xe8 /mnt/785C9EBA5C9E729C/FACULTAD/ED3-Panel-Solar/CMSISv2p00_LPC17xx/Debug/libCMSISv2p00_LPC17xx.a(lpc17xx_timer.o)
 .debug_ranges  0x0000000000000590      0x130 /mnt/785C9EBA5C9E729C/FACULTAD/ED3-Panel-Solar/CMSISv2p00_LPC17xx/Debug/libCMSISv2p00_LPC17xx.a(lpc17xx_uart.o)

.debug_macro    0x0000000000000000     0x4e8d
 .debug_macro   0x0000000000000000      0x13f ./src/Panel-Solar.o
 .debug_macro   0x000000000000013f      0xa7e ./src/Panel-Solar.o
 .debug_macro   0x0000000000000bbd       0x1c ./src/Panel-Solar.o
 .debug_macro   0x0000000000000bd9       0x2e ./src/Panel-Solar.o
 .debug_macro   0x0000000000000c07       0x10 ./src/Panel-Solar.o
 .debug_macro   0x0000000000000c17      0x12e ./src/Panel-Solar.o
 .debug_macro   0x0000000000000d45      0x5b3 ./src/Panel-Solar.o
 .debug_macro   0x00000000000012f8       0x18 ./src/Panel-Solar.o
 .debug_macro   0x0000000000001310      0x7af ./src/Panel-Solar.o
 .debug_macro   0x0000000000001abf      0x2c7 ./src/Panel-Solar.o
 .debug_macro   0x0000000000001d86       0x63 ./src/Panel-Solar.o
 .debug_macro   0x0000000000001de9      0x13f ./src/Panel-Solar.o
 .debug_macro   0x0000000000001f28       0xeb ./src/Panel-Solar.o
 .debug_macro   0x0000000000002013       0x46 ./src/Panel-Solar.o
 .debug_macro   0x0000000000002059       0xea ./src/Panel-Solar.o
 .debug_macro   0x0000000000002143      0x33a ./src/Panel-Solar.o
 .debug_macro   0x000000000000247d      0x2ae ./src/Panel-Solar.o
 .debug_macro   0x000000000000272b       0x22 ./src/Panel-Solar.o
 .debug_macro   0x000000000000274d       0x9a ./src/Panel-Solar.o
 .debug_macro   0x00000000000027e7       0x34 ./src/Panel-Solar.o
 .debug_macro   0x000000000000281b       0x28 ./src/Panel-Solar.o
 .debug_macro   0x0000000000002843       0x16 ./src/Panel-Solar.o
 .debug_macro   0x0000000000002859       0xe3 ./src/bluetooh.o
 .debug_macro   0x000000000000293c      0x334 ./src/bluetooh.o
 .debug_macro   0x0000000000002c70      0x145 ./src/bluetooh.o
 .debug_macro   0x0000000000002db5       0x1d ./src/cr_startup_lpc175x_6x.o
 .debug_macro   0x0000000000002dd2       0x1a ./src/crp.o
 .debug_macro   0x0000000000002dec       0x34 ./src/crp.o
 .debug_macro   0x0000000000002e20      0x12f ./src/keyboard.o
 .debug_macro   0x0000000000002f4f       0x40 ./src/keyboard.o
 .debug_macro   0x0000000000002f8f      0x133 ./src/ldr.o
 .debug_macro   0x00000000000030c2      0x12f ./src/stepper_motor.o
 .debug_macro   0x00000000000031f1      0x12b /mnt/785C9EBA5C9E729C/FACULTAD/ED3-Panel-Solar/CMSISv2p00_LPC17xx/Debug/libCMSISv2p00_LPC17xx.a(system_LPC17xx.o)
 .debug_macro   0x000000000000331c      0xa78 /mnt/785C9EBA5C9E729C/FACULTAD/ED3-Panel-Solar/CMSISv2p00_LPC17xx/Debug/libCMSISv2p00_LPC17xx.a(system_LPC17xx.o)
 .debug_macro   0x0000000000003d94       0x9f /mnt/785C9EBA5C9E729C/FACULTAD/ED3-Panel-Solar/CMSISv2p00_LPC17xx/Debug/libCMSISv2p00_LPC17xx.a(lpc17xx_adc.o)
 .debug_macro   0x0000000000003e33       0xe5 /mnt/785C9EBA5C9E729C/FACULTAD/ED3-Panel-Solar/CMSISv2p00_LPC17xx/Debug/libCMSISv2p00_LPC17xx.a(lpc17xx_adc.o)
 .debug_macro   0x0000000000003f18      0x2f7 /mnt/785C9EBA5C9E729C/FACULTAD/ED3-Panel-Solar/CMSISv2p00_LPC17xx/Debug/libCMSISv2p00_LPC17xx.a(lpc17xx_adc.o)
 .debug_macro   0x000000000000420f       0xdd /mnt/785C9EBA5C9E729C/FACULTAD/ED3-Panel-Solar/CMSISv2p00_LPC17xx/Debug/libCMSISv2p00_LPC17xx.a(lpc17xx_adc.o)
 .debug_macro   0x00000000000042ec       0x8d /mnt/785C9EBA5C9E729C/FACULTAD/ED3-Panel-Solar/CMSISv2p00_LPC17xx/Debug/libCMSISv2p00_LPC17xx.a(lpc17xx_clkpwr.o)
 .debug_macro   0x0000000000004379      0x2f1 /mnt/785C9EBA5C9E729C/FACULTAD/ED3-Panel-Solar/CMSISv2p00_LPC17xx/Debug/libCMSISv2p00_LPC17xx.a(lpc17xx_clkpwr.o)
 .debug_macro   0x000000000000466a       0x9f /mnt/785C9EBA5C9E729C/FACULTAD/ED3-Panel-Solar/CMSISv2p00_LPC17xx/Debug/libCMSISv2p00_LPC17xx.a(lpc17xx_gpdma.o)
 .debug_macro   0x0000000000004709      0x2a8 /mnt/785C9EBA5C9E729C/FACULTAD/ED3-Panel-Solar/CMSISv2p00_LPC17xx/Debug/libCMSISv2p00_LPC17xx.a(lpc17xx_gpdma.o)
 .debug_macro   0x00000000000049b1       0x96 /mnt/785C9EBA5C9E729C/FACULTAD/ED3-Panel-Solar/CMSISv2p00_LPC17xx/Debug/libCMSISv2p00_LPC17xx.a(lpc17xx_gpio.o)
 .debug_macro   0x0000000000004a47       0x5a /mnt/785C9EBA5C9E729C/FACULTAD/ED3-Panel-Solar/CMSISv2p00_LPC17xx/Debug/libCMSISv2p00_LPC17xx.a(lpc17xx_libcfg_default.o)
 .debug_macro   0x0000000000004aa1       0x5d /mnt/785C9EBA5C9E729C/FACULTAD/ED3-Panel-Solar/CMSISv2p00_LPC17xx/Debug/libCMSISv2p00_LPC17xx.a(lpc17xx_libcfg_default.o)
 .debug_macro   0x0000000000004afe       0xd7 /mnt/785C9EBA5C9E729C/FACULTAD/ED3-Panel-Solar/CMSISv2p00_LPC17xx/Debug/libCMSISv2p00_LPC17xx.a(lpc17xx_libcfg_default.o)
 .debug_macro   0x0000000000004bd5       0x8d /mnt/785C9EBA5C9E729C/FACULTAD/ED3-Panel-Solar/CMSISv2p00_LPC17xx/Debug/libCMSISv2p00_LPC17xx.a(lpc17xx_pinsel.o)
 .debug_macro   0x0000000000004c62       0xa8 /mnt/785C9EBA5C9E729C/FACULTAD/ED3-Panel-Solar/CMSISv2p00_LPC17xx/Debug/libCMSISv2p00_LPC17xx.a(lpc17xx_timer.o)
 .debug_macro   0x0000000000004d0a       0xe4 /mnt/785C9EBA5C9E729C/FACULTAD/ED3-Panel-Solar/CMSISv2p00_LPC17xx/Debug/libCMSISv2p00_LPC17xx.a(lpc17xx_timer.o)
 .debug_macro   0x0000000000004dee       0x9f /mnt/785C9EBA5C9E729C/FACULTAD/ED3-Panel-Solar/CMSISv2p00_LPC17xx/Debug/libCMSISv2p00_LPC17xx.a(lpc17xx_uart.o)

.debug_line     0x0000000000000000     0x5b96
 .debug_line    0x0000000000000000      0x389 ./src/Panel-Solar.o
 .debug_line    0x0000000000000389      0x466 ./src/bluetooh.o
 .debug_line    0x00000000000007ef      0x160 ./src/cr_startup_lpc175x_6x.o
 .debug_line    0x000000000000094f       0xb5 ./src/crp.o
 .debug_line    0x0000000000000a04      0x71f ./src/keyboard.o
 .debug_line    0x0000000000001123      0x58a ./src/ldr.o
 .debug_line    0x00000000000016ad      0x661 ./src/stepper_motor.o
 .debug_line    0x0000000000001d0e      0x43c /mnt/785C9EBA5C9E729C/FACULTAD/ED3-Panel-Solar/CMSISv2p00_LPC17xx/Debug/libCMSISv2p00_LPC17xx.a(system_LPC17xx.o)
 .debug_line    0x000000000000214a      0x694 /mnt/785C9EBA5C9E729C/FACULTAD/ED3-Panel-Solar/CMSISv2p00_LPC17xx/Debug/libCMSISv2p00_LPC17xx.a(lpc17xx_adc.o)
 .debug_line    0x00000000000027de      0x465 /mnt/785C9EBA5C9E729C/FACULTAD/ED3-Panel-Solar/CMSISv2p00_LPC17xx/Debug/libCMSISv2p00_LPC17xx.a(lpc17xx_clkpwr.o)
 .debug_line    0x0000000000002c43      0x631 /mnt/785C9EBA5C9E729C/FACULTAD/ED3-Panel-Solar/CMSISv2p00_LPC17xx/Debug/libCMSISv2p00_LPC17xx.a(lpc17xx_gpdma.o)
 .debug_line    0x0000000000003274      0x859 /mnt/785C9EBA5C9E729C/FACULTAD/ED3-Panel-Solar/CMSISv2p00_LPC17xx/Debug/libCMSISv2p00_LPC17xx.a(lpc17xx_gpio.o)
 .debug_line    0x0000000000003acd      0x21f /mnt/785C9EBA5C9E729C/FACULTAD/ED3-Panel-Solar/CMSISv2p00_LPC17xx/Debug/libCMSISv2p00_LPC17xx.a(lpc17xx_libcfg_default.o)
 .debug_line    0x0000000000003cec      0x37b /mnt/785C9EBA5C9E729C/FACULTAD/ED3-Panel-Solar/CMSISv2p00_LPC17xx/Debug/libCMSISv2p00_LPC17xx.a(lpc17xx_pinsel.o)
 .debug_line    0x0000000000004067      0x945 /mnt/785C9EBA5C9E729C/FACULTAD/ED3-Panel-Solar/CMSISv2p00_LPC17xx/Debug/libCMSISv2p00_LPC17xx.a(lpc17xx_timer.o)
 .debug_line    0x00000000000049ac     0x11ea /mnt/785C9EBA5C9E729C/FACULTAD/ED3-Panel-Solar/CMSISv2p00_LPC17xx/Debug/libCMSISv2p00_LPC17xx.a(lpc17xx_uart.o)

.debug_str      0x0000000000000000    0x10a0c
 .debug_str     0x0000000000000000     0xc9e6 ./src/Panel-Solar.o
                                       0xca76 (size before relaxing)
 .debug_str     0x000000000000c9e6      0x6da ./src/bluetooh.o
                                       0xbeb3 (size before relaxing)
 .debug_str     0x000000000000d0c0      0x1c2 ./src/cr_startup_lpc175x_6x.o
                                       0x2ec0 (size before relaxing)
 .debug_str     0x000000000000d282       0xe9 ./src/crp.o
                                       0x2de1 (size before relaxing)
 .debug_str     0x000000000000d36b      0x4c5 ./src/keyboard.o
                                       0xd232 (size before relaxing)
 .debug_str     0x000000000000d830      0x307 ./src/ldr.o
                                       0xd214 (size before relaxing)
 .debug_str     0x000000000000db37      0x14f ./src/stepper_motor.o
                                       0xd1bb (size before relaxing)
 .debug_str     0x000000000000dc86      0x53a /mnt/785C9EBA5C9E729C/FACULTAD/ED3-Panel-Solar/CMSISv2p00_LPC17xx/Debug/libCMSISv2p00_LPC17xx.a(system_LPC17xx.o)
                                       0x88ae (size before relaxing)
 .debug_str     0x000000000000e1c0     0x1526 /mnt/785C9EBA5C9E729C/FACULTAD/ED3-Panel-Solar/CMSISv2p00_LPC17xx/Debug/libCMSISv2p00_LPC17xx.a(lpc17xx_adc.o)
                                       0xa495 (size before relaxing)
 .debug_str     0x000000000000f6e6      0x100 /mnt/785C9EBA5C9E729C/FACULTAD/ED3-Panel-Solar/CMSISv2p00_LPC17xx/Debug/libCMSISv2p00_LPC17xx.a(lpc17xx_clkpwr.o)
                                       0x9aa8 (size before relaxing)
 .debug_str     0x000000000000f7e6      0x38d /mnt/785C9EBA5C9E729C/FACULTAD/ED3-Panel-Solar/CMSISv2p00_LPC17xx/Debug/libCMSISv2p00_LPC17xx.a(lpc17xx_gpdma.o)
                                       0xb2f9 (size before relaxing)
 .debug_str     0x000000000000fb73      0x281 /mnt/785C9EBA5C9E729C/FACULTAD/ED3-Panel-Solar/CMSISv2p00_LPC17xx/Debug/libCMSISv2p00_LPC17xx.a(lpc17xx_gpio.o)
                                       0x8e07 (size before relaxing)
 .debug_str     0x000000000000fdf4       0x2d /mnt/785C9EBA5C9E729C/FACULTAD/ED3-Panel-Solar/CMSISv2p00_LPC17xx/Debug/libCMSISv2p00_LPC17xx.a(lpc17xx_libcfg_default.o)
                                       0x46d5 (size before relaxing)
 .debug_str     0x000000000000fe21      0x211 /mnt/785C9EBA5C9E729C/FACULTAD/ED3-Panel-Solar/CMSISv2p00_LPC17xx/Debug/libCMSISv2p00_LPC17xx.a(lpc17xx_pinsel.o)
                                       0x8d20 (size before relaxing)
 .debug_str     0x0000000000010032      0x294 /mnt/785C9EBA5C9E729C/FACULTAD/ED3-Panel-Solar/CMSISv2p00_LPC17xx/Debug/libCMSISv2p00_LPC17xx.a(lpc17xx_timer.o)
                                       0xaacd (size before relaxing)
 .debug_str     0x00000000000102c6      0x746 /mnt/785C9EBA5C9E729C/FACULTAD/ED3-Panel-Solar/CMSISv2p00_LPC17xx/Debug/libCMSISv2p00_LPC17xx.a(lpc17xx_uart.o)
                                       0xbb5d (size before relaxing)

.comment        0x0000000000000000       0x49
 .comment       0x0000000000000000       0x49 ./src/Panel-Solar.o
                                         0x4a (size before relaxing)
 .comment       0x0000000000000049       0x4a ./src/bluetooh.o
 .comment       0x0000000000000049       0x4a ./src/cr_startup_lpc175x_6x.o
 .comment       0x0000000000000049       0x4a ./src/crp.o
 .comment       0x0000000000000049       0x4a ./src/keyboard.o
 .comment       0x0000000000000049       0x4a ./src/ldr.o
 .comment       0x0000000000000049       0x4a ./src/stepper_motor.o
 .comment       0x0000000000000049       0x4a /mnt/785C9EBA5C9E729C/FACULTAD/ED3-Panel-Solar/CMSISv2p00_LPC17xx/Debug/libCMSISv2p00_LPC17xx.a(system_LPC17xx.o)
 .comment       0x0000000000000049       0x4a /mnt/785C9EBA5C9E729C/FACULTAD/ED3-Panel-Solar/CMSISv2p00_LPC17xx/Debug/libCMSISv2p00_LPC17xx.a(lpc17xx_adc.o)
 .comment       0x0000000000000049       0x4a /mnt/785C9EBA5C9E729C/FACULTAD/ED3-Panel-Solar/CMSISv2p00_LPC17xx/Debug/libCMSISv2p00_LPC17xx.a(lpc17xx_clkpwr.o)
 .comment       0x0000000000000049       0x4a /mnt/785C9EBA5C9E729C/FACULTAD/ED3-Panel-Solar/CMSISv2p00_LPC17xx/Debug/libCMSISv2p00_LPC17xx.a(lpc17xx_gpdma.o)
 .comment       0x0000000000000049       0x4a /mnt/785C9EBA5C9E729C/FACULTAD/ED3-Panel-Solar/CMSISv2p00_LPC17xx/Debug/libCMSISv2p00_LPC17xx.a(lpc17xx_gpio.o)
 .comment       0x0000000000000049       0x4a /mnt/785C9EBA5C9E729C/FACULTAD/ED3-Panel-Solar/CMSISv2p00_LPC17xx/Debug/libCMSISv2p00_LPC17xx.a(lpc17xx_libcfg_default.o)
 .comment       0x0000000000000049       0x4a /mnt/785C9EBA5C9E729C/FACULTAD/ED3-Panel-Solar/CMSISv2p00_LPC17xx/Debug/libCMSISv2p00_LPC17xx.a(lpc17xx_pinsel.o)
 .comment       0x0000000000000049       0x4a /mnt/785C9EBA5C9E729C/FACULTAD/ED3-Panel-Solar/CMSISv2p00_LPC17xx/Debug/libCMSISv2p00_LPC17xx.a(lpc17xx_timer.o)
 .comment       0x0000000000000049       0x4a /mnt/785C9EBA5C9E729C/FACULTAD/ED3-Panel-Solar/CMSISv2p00_LPC17xx/Debug/libCMSISv2p00_LPC17xx.a(lpc17xx_uart.o)
 .comment       0x0000000000000049       0x4a /usr/local/mcuxpressoide-11.6.0_8187/ide/plugins/com.nxp.mcuxpresso.tools.linux_11.6.0.202112161359/tools/bin/../lib/gcc/arm-none-eabi/10.3.1/../../../../arm-none-eabi/lib/thumb/v7-m/nofp/libcr_semihost.a(_cr__main.o)
 .comment       0x0000000000000049       0x4a /usr/local/mcuxpressoide-11.6.0_8187/ide/plugins/com.nxp.mcuxpresso.tools.linux_11.6.0.202112161359/tools/bin/../lib/gcc/arm-none-eabi/10.3.1/../../../../arm-none-eabi/lib/thumb/v7-m/nofp/libcr_c.a(memset.o)
 .comment       0x0000000000000049       0x4a /usr/local/mcuxpressoide-11.6.0_8187/ide/plugins/com.nxp.mcuxpresso.tools.linux_11.6.0.202112161359/tools/bin/../lib/gcc/arm-none-eabi/10.3.1/../../../../arm-none-eabi/lib/thumb/v7-m/nofp/libcr_c.a(fpprintf.o)
 .comment       0x0000000000000049       0x4a /usr/local/mcuxpressoide-11.6.0_8187/ide/plugins/com.nxp.mcuxpresso.tools.linux_11.6.0.202112161359/tools/bin/../lib/gcc/arm-none-eabi/10.3.1/../../../../arm-none-eabi/lib/thumb/v7-m/nofp/libcr_c.a(initio.o)
 .comment       0x0000000000000049       0x4a /usr/local/mcuxpressoide-11.6.0_8187/ide/plugins/com.nxp.mcuxpresso.tools.linux_11.6.0.202112161359/tools/bin/../lib/gcc/arm-none-eabi/10.3.1/../../../../arm-none-eabi/lib/thumb/v7-m/nofp/libcr_c.a(printf.o)
 .comment       0x0000000000000049       0x4a /usr/local/mcuxpressoide-11.6.0_8187/ide/plugins/com.nxp.mcuxpresso.tools.linux_11.6.0.202112161359/tools/bin/../lib/gcc/arm-none-eabi/10.3.1/../../../../arm-none-eabi/lib/thumb/v7-m/nofp/libcr_c.a(setvbuf.o)
 .comment       0x0000000000000049       0x4a /usr/local/mcuxpressoide-11.6.0_8187/ide/plugins/com.nxp.mcuxpresso.tools.linux_11.6.0.202112161359/tools/bin/../lib/gcc/arm-none-eabi/10.3.1/../../../../arm-none-eabi/lib/thumb/v7-m/nofp/libcr_c.a(strcat.o)
 .comment       0x0000000000000049       0x4a /usr/local/mcuxpressoide-11.6.0_8187/ide/plugins/com.nxp.mcuxpresso.tools.linux_11.6.0.202112161359/tools/bin/../lib/gcc/arm-none-eabi/10.3.1/../../../../arm-none-eabi/lib/thumb/v7-m/nofp/libcr_c.a(strlen.o)
 .comment       0x0000000000000049       0x4a /usr/local/mcuxpressoide-11.6.0_8187/ide/plugins/com.nxp.mcuxpresso.tools.linux_11.6.0.202112161359/tools/bin/../lib/gcc/arm-none-eabi/10.3.1/../../../../arm-none-eabi/lib/thumb/v7-m/nofp/libcr_c.a(_deferredlazyseek.o)
 .comment       0x0000000000000049       0x4a /usr/local/mcuxpressoide-11.6.0_8187/ide/plugins/com.nxp.mcuxpresso.tools.linux_11.6.0.202112161359/tools/bin/../lib/gcc/arm-none-eabi/10.3.1/../../../../arm-none-eabi/lib/thumb/v7-m/nofp/libcr_c.a(_fdopen.o)
 .comment       0x0000000000000049       0x4a /usr/local/mcuxpressoide-11.6.0_8187/ide/plugins/com.nxp.mcuxpresso.tools.linux_11.6.0.202112161359/tools/bin/../lib/gcc/arm-none-eabi/10.3.1/../../../../arm-none-eabi/lib/thumb/v7-m/nofp/libcr_c.a(_fflush.o)
 .comment       0x0000000000000049       0x4a /usr/local/mcuxpressoide-11.6.0_8187/ide/plugins/com.nxp.mcuxpresso.tools.linux_11.6.0.202112161359/tools/bin/../lib/gcc/arm-none-eabi/10.3.1/../../../../arm-none-eabi/lib/thumb/v7-m/nofp/libcr_c.a(_frexpl.o)
 .comment       0x0000000000000049       0x4a /usr/local/mcuxpressoide-11.6.0_8187/ide/plugins/com.nxp.mcuxpresso.tools.linux_11.6.0.202112161359/tools/bin/../lib/gcc/arm-none-eabi/10.3.1/../../../../arm-none-eabi/lib/thumb/v7-m/nofp/libcr_c.a(_ldexpl.o)
 .comment       0x0000000000000049       0x4a /usr/local/mcuxpressoide-11.6.0_8187/ide/plugins/com.nxp.mcuxpresso.tools.linux_11.6.0.202112161359/tools/bin/../lib/gcc/arm-none-eabi/10.3.1/../../../../arm-none-eabi/lib/thumb/v7-m/nofp/libcr_c.a(_writebuf.o)
 .comment       0x0000000000000049       0x4a /usr/local/mcuxpressoide-11.6.0_8187/ide/plugins/com.nxp.mcuxpresso.tools.linux_11.6.0.202112161359/tools/bin/../lib/gcc/arm-none-eabi/10.3.1/../../../../arm-none-eabi/lib/thumb/v7-m/nofp/libcr_c.a(alloc.o)
 .comment       0x0000000000000049       0x4a /usr/local/mcuxpressoide-11.6.0_8187/ide/plugins/com.nxp.mcuxpresso.tools.linux_11.6.0.202112161359/tools/bin/../lib/gcc/arm-none-eabi/10.3.1/../../../../arm-none-eabi/lib/thumb/v7-m/nofp/libcr_c.a(errno.o)
 .comment       0x0000000000000049       0x4a /usr/local/mcuxpressoide-11.6.0_8187/ide/plugins/com.nxp.mcuxpresso.tools.linux_11.6.0.202112161359/tools/bin/../lib/gcc/arm-none-eabi/10.3.1/../../../../arm-none-eabi/lib/thumb/v7-m/nofp/libcr_c.a(fclose.o)
 .comment       0x0000000000000049       0x4a /usr/local/mcuxpressoide-11.6.0_8187/ide/plugins/com.nxp.mcuxpresso.tools.linux_11.6.0.202112161359/tools/bin/../lib/gcc/arm-none-eabi/10.3.1/../../../../arm-none-eabi/lib/thumb/v7-m/nofp/libcr_c.a(fflush.o)
 .comment       0x0000000000000049       0x4a /usr/local/mcuxpressoide-11.6.0_8187/ide/plugins/com.nxp.mcuxpresso.tools.linux_11.6.0.202112161359/tools/bin/../lib/gcc/arm-none-eabi/10.3.1/../../../../arm-none-eabi/lib/thumb/v7-m/nofp/libcr_c.a(fseek.o)
 .comment       0x0000000000000049       0x4a /usr/local/mcuxpressoide-11.6.0_8187/ide/plugins/com.nxp.mcuxpresso.tools.linux_11.6.0.202112161359/tools/bin/../lib/gcc/arm-none-eabi/10.3.1/../../../../arm-none-eabi/lib/thumb/v7-m/nofp/libcr_c.a(ftell.o)
 .comment       0x0000000000000049       0x4a /usr/local/mcuxpressoide-11.6.0_8187/ide/plugins/com.nxp.mcuxpresso.tools.linux_11.6.0.202112161359/tools/bin/../lib/gcc/arm-none-eabi/10.3.1/../../../../arm-none-eabi/lib/thumb/v7-m/nofp/libcr_c.a(remove.o)
 .comment       0x0000000000000049       0x4a /usr/local/mcuxpressoide-11.6.0_8187/ide/plugins/com.nxp.mcuxpresso.tools.linux_11.6.0.202112161359/tools/bin/../lib/gcc/arm-none-eabi/10.3.1/../../../../arm-none-eabi/lib/thumb/v7-m/nofp/libcr_c.a(__init_alloc.o)
 .comment       0x0000000000000049       0x4a /usr/local/mcuxpressoide-11.6.0_8187/ide/plugins/com.nxp.mcuxpresso.tools.linux_11.6.0.202112161359/tools/bin/../lib/gcc/arm-none-eabi/10.3.1/../../../../arm-none-eabi/lib/thumb/v7-m/nofp/libcr_c.a(_cr_sbrk.o)
 .comment       0x0000000000000049       0x4a /usr/local/mcuxpressoide-11.6.0_8187/ide/plugins/com.nxp.mcuxpresso.tools.linux_11.6.0.202112161359/tools/bin/../lib/gcc/arm-none-eabi/10.3.1/../../../../arm-none-eabi/lib/thumb/v7-m/nofp/libcr_c.a(_do_fflush.o)
 .comment       0x0000000000000049       0x4a /usr/local/mcuxpressoide-11.6.0_8187/ide/plugins/com.nxp.mcuxpresso.tools.linux_11.6.0.202112161359/tools/bin/../lib/gcc/arm-none-eabi/10.3.1/../../../../arm-none-eabi/lib/thumb/v7-m/nofp/libcr_c.a(_cr_check_heap.o)
 .comment       0x0000000000000049       0x4a /usr/local/mcuxpressoide-11.6.0_8187/ide/plugins/com.nxp.mcuxpresso.tools.linux_11.6.0.202112161359/tools/bin/../lib/gcc/arm-none-eabi/10.3.1/thumb/v7-m/nofp/libcr_eabihelpers.a(double.o)
 .comment       0x0000000000000049       0x4a /usr/local/mcuxpressoide-11.6.0_8187/ide/plugins/com.nxp.mcuxpresso.tools.linux_11.6.0.202112161359/tools/bin/../lib/gcc/arm-none-eabi/10.3.1/thumb/v7-m/nofp/libcr_eabihelpers.a(float.o)
 .comment       0x0000000000000049       0x4a /usr/local/mcuxpressoide-11.6.0_8187/ide/plugins/com.nxp.mcuxpresso.tools.linux_11.6.0.202112161359/tools/bin/../lib/gcc/arm-none-eabi/10.3.1/../../../../arm-none-eabi/lib/thumb/v7-m/nofp/libcr_semihost.a(__ciob.o)

.ARM.attributes
                0x0000000000000000       0x2b
 .ARM.attributes
                0x0000000000000000       0x2d ./src/Panel-Solar.o
 .ARM.attributes
                0x000000000000002d       0x2d ./src/bluetooh.o
 .ARM.attributes
                0x000000000000005a       0x2d ./src/cr_startup_lpc175x_6x.o
 .ARM.attributes
                0x0000000000000087       0x2d ./src/crp.o
 .ARM.attributes
                0x00000000000000b4       0x2d ./src/keyboard.o
 .ARM.attributes
                0x00000000000000e1       0x2d ./src/ldr.o
 .ARM.attributes
                0x000000000000010e       0x2d ./src/stepper_motor.o
 .ARM.attributes
                0x000000000000013b       0x2d /mnt/785C9EBA5C9E729C/FACULTAD/ED3-Panel-Solar/CMSISv2p00_LPC17xx/Debug/libCMSISv2p00_LPC17xx.a(system_LPC17xx.o)
 .ARM.attributes
                0x0000000000000168       0x2d /mnt/785C9EBA5C9E729C/FACULTAD/ED3-Panel-Solar/CMSISv2p00_LPC17xx/Debug/libCMSISv2p00_LPC17xx.a(lpc17xx_adc.o)
 .ARM.attributes
                0x0000000000000195       0x2d /mnt/785C9EBA5C9E729C/FACULTAD/ED3-Panel-Solar/CMSISv2p00_LPC17xx/Debug/libCMSISv2p00_LPC17xx.a(lpc17xx_clkpwr.o)
 .ARM.attributes
                0x00000000000001c2       0x2d /mnt/785C9EBA5C9E729C/FACULTAD/ED3-Panel-Solar/CMSISv2p00_LPC17xx/Debug/libCMSISv2p00_LPC17xx.a(lpc17xx_gpdma.o)
 .ARM.attributes
                0x00000000000001ef       0x2d /mnt/785C9EBA5C9E729C/FACULTAD/ED3-Panel-Solar/CMSISv2p00_LPC17xx/Debug/libCMSISv2p00_LPC17xx.a(lpc17xx_gpio.o)
 .ARM.attributes
                0x000000000000021c       0x2d /mnt/785C9EBA5C9E729C/FACULTAD/ED3-Panel-Solar/CMSISv2p00_LPC17xx/Debug/libCMSISv2p00_LPC17xx.a(lpc17xx_libcfg_default.o)
 .ARM.attributes
                0x0000000000000249       0x2d /mnt/785C9EBA5C9E729C/FACULTAD/ED3-Panel-Solar/CMSISv2p00_LPC17xx/Debug/libCMSISv2p00_LPC17xx.a(lpc17xx_pinsel.o)
 .ARM.attributes
                0x0000000000000276       0x2d /mnt/785C9EBA5C9E729C/FACULTAD/ED3-Panel-Solar/CMSISv2p00_LPC17xx/Debug/libCMSISv2p00_LPC17xx.a(lpc17xx_timer.o)
 .ARM.attributes
                0x00000000000002a3       0x2d /mnt/785C9EBA5C9E729C/FACULTAD/ED3-Panel-Solar/CMSISv2p00_LPC17xx/Debug/libCMSISv2p00_LPC17xx.a(lpc17xx_uart.o)
 .ARM.attributes
                0x00000000000002d0       0x2d /usr/local/mcuxpressoide-11.6.0_8187/ide/plugins/com.nxp.mcuxpresso.tools.linux_11.6.0.202112161359/tools/bin/../lib/gcc/arm-none-eabi/10.3.1/../../../../arm-none-eabi/lib/thumb/v7-m/nofp/libcr_semihost.a(_cr__main.o)
 .ARM.attributes
                0x00000000000002fd       0x2d /usr/local/mcuxpressoide-11.6.0_8187/ide/plugins/com.nxp.mcuxpresso.tools.linux_11.6.0.202112161359/tools/bin/../lib/gcc/arm-none-eabi/10.3.1/../../../../arm-none-eabi/lib/thumb/v7-m/nofp/libcr_c.a(memset.o)
 .ARM.attributes
                0x000000000000032a       0x2d /usr/local/mcuxpressoide-11.6.0_8187/ide/plugins/com.nxp.mcuxpresso.tools.linux_11.6.0.202112161359/tools/bin/../lib/gcc/arm-none-eabi/10.3.1/../../../../arm-none-eabi/lib/thumb/v7-m/nofp/libcr_c.a(fpprintf.o)
 .ARM.attributes
                0x0000000000000357       0x2d /usr/local/mcuxpressoide-11.6.0_8187/ide/plugins/com.nxp.mcuxpresso.tools.linux_11.6.0.202112161359/tools/bin/../lib/gcc/arm-none-eabi/10.3.1/../../../../arm-none-eabi/lib/thumb/v7-m/nofp/libcr_c.a(initio.o)
 .ARM.attributes
                0x0000000000000384       0x2d /usr/local/mcuxpressoide-11.6.0_8187/ide/plugins/com.nxp.mcuxpresso.tools.linux_11.6.0.202112161359/tools/bin/../lib/gcc/arm-none-eabi/10.3.1/../../../../arm-none-eabi/lib/thumb/v7-m/nofp/libcr_c.a(printf.o)
 .ARM.attributes
                0x00000000000003b1       0x2d /usr/local/mcuxpressoide-11.6.0_8187/ide/plugins/com.nxp.mcuxpresso.tools.linux_11.6.0.202112161359/tools/bin/../lib/gcc/arm-none-eabi/10.3.1/../../../../arm-none-eabi/lib/thumb/v7-m/nofp/libcr_c.a(setvbuf.o)
 .ARM.attributes
                0x00000000000003de       0x2d /usr/local/mcuxpressoide-11.6.0_8187/ide/plugins/com.nxp.mcuxpresso.tools.linux_11.6.0.202112161359/tools/bin/../lib/gcc/arm-none-eabi/10.3.1/../../../../arm-none-eabi/lib/thumb/v7-m/nofp/libcr_c.a(strcat.o)
 .ARM.attributes
                0x000000000000040b       0x2d /usr/local/mcuxpressoide-11.6.0_8187/ide/plugins/com.nxp.mcuxpresso.tools.linux_11.6.0.202112161359/tools/bin/../lib/gcc/arm-none-eabi/10.3.1/../../../../arm-none-eabi/lib/thumb/v7-m/nofp/libcr_c.a(strlen.o)
 .ARM.attributes
                0x0000000000000438       0x2d /usr/local/mcuxpressoide-11.6.0_8187/ide/plugins/com.nxp.mcuxpresso.tools.linux_11.6.0.202112161359/tools/bin/../lib/gcc/arm-none-eabi/10.3.1/../../../../arm-none-eabi/lib/thumb/v7-m/nofp/libcr_c.a(_deferredlazyseek.o)
 .ARM.attributes
                0x0000000000000465       0x2d /usr/local/mcuxpressoide-11.6.0_8187/ide/plugins/com.nxp.mcuxpresso.tools.linux_11.6.0.202112161359/tools/bin/../lib/gcc/arm-none-eabi/10.3.1/../../../../arm-none-eabi/lib/thumb/v7-m/nofp/libcr_c.a(_fdopen.o)
 .ARM.attributes
                0x0000000000000492       0x2d /usr/local/mcuxpressoide-11.6.0_8187/ide/plugins/com.nxp.mcuxpresso.tools.linux_11.6.0.202112161359/tools/bin/../lib/gcc/arm-none-eabi/10.3.1/../../../../arm-none-eabi/lib/thumb/v7-m/nofp/libcr_c.a(_fflush.o)
 .ARM.attributes
                0x00000000000004bf       0x2d /usr/local/mcuxpressoide-11.6.0_8187/ide/plugins/com.nxp.mcuxpresso.tools.linux_11.6.0.202112161359/tools/bin/../lib/gcc/arm-none-eabi/10.3.1/../../../../arm-none-eabi/lib/thumb/v7-m/nofp/libcr_c.a(_frexpl.o)
 .ARM.attributes
                0x00000000000004ec       0x2d /usr/local/mcuxpressoide-11.6.0_8187/ide/plugins/com.nxp.mcuxpresso.tools.linux_11.6.0.202112161359/tools/bin/../lib/gcc/arm-none-eabi/10.3.1/../../../../arm-none-eabi/lib/thumb/v7-m/nofp/libcr_c.a(_ldexpl.o)
 .ARM.attributes
                0x0000000000000519       0x2d /usr/local/mcuxpressoide-11.6.0_8187/ide/plugins/com.nxp.mcuxpresso.tools.linux_11.6.0.202112161359/tools/bin/../lib/gcc/arm-none-eabi/10.3.1/../../../../arm-none-eabi/lib/thumb/v7-m/nofp/libcr_c.a(_writebuf.o)
 .ARM.attributes
                0x0000000000000546       0x2d /usr/local/mcuxpressoide-11.6.0_8187/ide/plugins/com.nxp.mcuxpresso.tools.linux_11.6.0.202112161359/tools/bin/../lib/gcc/arm-none-eabi/10.3.1/../../../../arm-none-eabi/lib/thumb/v7-m/nofp/libcr_c.a(alloc.o)
 .ARM.attributes
                0x0000000000000573       0x2d /usr/local/mcuxpressoide-11.6.0_8187/ide/plugins/com.nxp.mcuxpresso.tools.linux_11.6.0.202112161359/tools/bin/../lib/gcc/arm-none-eabi/10.3.1/../../../../arm-none-eabi/lib/thumb/v7-m/nofp/libcr_c.a(errno.o)
 .ARM.attributes
                0x00000000000005a0       0x2d /usr/local/mcuxpressoide-11.6.0_8187/ide/plugins/com.nxp.mcuxpresso.tools.linux_11.6.0.202112161359/tools/bin/../lib/gcc/arm-none-eabi/10.3.1/../../../../arm-none-eabi/lib/thumb/v7-m/nofp/libcr_c.a(fclose.o)
 .ARM.attributes
                0x00000000000005cd       0x2d /usr/local/mcuxpressoide-11.6.0_8187/ide/plugins/com.nxp.mcuxpresso.tools.linux_11.6.0.202112161359/tools/bin/../lib/gcc/arm-none-eabi/10.3.1/../../../../arm-none-eabi/lib/thumb/v7-m/nofp/libcr_c.a(fflush.o)
 .ARM.attributes
                0x00000000000005fa       0x2d /usr/local/mcuxpressoide-11.6.0_8187/ide/plugins/com.nxp.mcuxpresso.tools.linux_11.6.0.202112161359/tools/bin/../lib/gcc/arm-none-eabi/10.3.1/../../../../arm-none-eabi/lib/thumb/v7-m/nofp/libcr_c.a(fseek.o)
 .ARM.attributes
                0x0000000000000627       0x2d /usr/local/mcuxpressoide-11.6.0_8187/ide/plugins/com.nxp.mcuxpresso.tools.linux_11.6.0.202112161359/tools/bin/../lib/gcc/arm-none-eabi/10.3.1/../../../../arm-none-eabi/lib/thumb/v7-m/nofp/libcr_c.a(ftell.o)
 .ARM.attributes
                0x0000000000000654       0x2d /usr/local/mcuxpressoide-11.6.0_8187/ide/plugins/com.nxp.mcuxpresso.tools.linux_11.6.0.202112161359/tools/bin/../lib/gcc/arm-none-eabi/10.3.1/../../../../arm-none-eabi/lib/thumb/v7-m/nofp/libcr_c.a(remove.o)
 .ARM.attributes
                0x0000000000000681       0x2d /usr/local/mcuxpressoide-11.6.0_8187/ide/plugins/com.nxp.mcuxpresso.tools.linux_11.6.0.202112161359/tools/bin/../lib/gcc/arm-none-eabi/10.3.1/../../../../arm-none-eabi/lib/thumb/v7-m/nofp/libcr_c.a(__init_alloc.o)
 .ARM.attributes
                0x00000000000006ae       0x2d /usr/local/mcuxpressoide-11.6.0_8187/ide/plugins/com.nxp.mcuxpresso.tools.linux_11.6.0.202112161359/tools/bin/../lib/gcc/arm-none-eabi/10.3.1/../../../../arm-none-eabi/lib/thumb/v7-m/nofp/libcr_c.a(_cr_sbrk.o)
 .ARM.attributes
                0x00000000000006db       0x2d /usr/local/mcuxpressoide-11.6.0_8187/ide/plugins/com.nxp.mcuxpresso.tools.linux_11.6.0.202112161359/tools/bin/../lib/gcc/arm-none-eabi/10.3.1/../../../../arm-none-eabi/lib/thumb/v7-m/nofp/libcr_c.a(_do_fflush.o)
 .ARM.attributes
                0x0000000000000708       0x2d /usr/local/mcuxpressoide-11.6.0_8187/ide/plugins/com.nxp.mcuxpresso.tools.linux_11.6.0.202112161359/tools/bin/../lib/gcc/arm-none-eabi/10.3.1/../../../../arm-none-eabi/lib/thumb/v7-m/nofp/libcr_c.a(_cr_check_heap.o)
 .ARM.attributes