/mnt/785C9EBA5C9E729C/FACULTAD/ED3-Panel-Solar/CMSISv2p00_LPC17xx/inc/core_cm3.h:928:22:NVIC_EnableIRQ	16	static
/mnt/785C9EBA5C9E729C/FACULTAD/ED3-Panel-Solar/CMSISv2p00_LPC17xx/inc/core_cm3.h:941:22:NVIC_DisableIRQ	16	static
../src/keyboard.c:41:6:init_keyboard	8	static
../src/keyboard.c:58:6:config_pinsel	16	static
../src/keyboard.c:83:6:config_gpio_keyboard	8	static
../src/keyboard.c:105:6:config_timer2	32	static
../src/keyboard.c:128:6:TIMER2_IRQHandler	8	static
../src/keyboard.c:167:6:EINT3_IRQHandler	16	static
../src/keyboard.c:210:6:read_keyboard	8	static
../src/keyboard.c:233:9:get_key	4	static
../src/keyboard.c:237:6:menu	16	static
../src/keyboard.c:249:6:manual_mode	104	static
../src/keyboard.c:290:6:automatic_mode	16	static
../src/keyboard.c:299:6:calibrate	16	static
../src/keyboard.c:305:6:automatic_op_mode	16	static
