/mnt/785C9EBA5C9E729C/FACULTAD/ED3-Panel-Solar/CMSISv2p00_LPC17xx/inc/core_cm3.h:928:22:NVIC_EnableIRQ	16	static
/mnt/785C9EBA5C9E729C/FACULTAD/ED3-Panel-Solar/CMSISv2p00_LPC17xx/inc/core_cm3.h:941:22:NVIC_DisableIRQ	16	static
../src/ldr.c:33:6:init_ldr	8	static
../src/ldr.c:40:6:config_pin	16	static
../src/ldr.c:53:6:config_adc	8	static
../src/ldr.c:68:6:config_timer1_ldr	32	static
../src/ldr.c:89:6:config_timer3_ldr	32	static
../src/ldr.c:110:6:ADC_IRQHandler	8	static
../src/ldr.c:133:6:TIMER1_IRQHandler	8	static
../src/ldr.c:140:6:TIMER3_IRQHandler	40	static
../src/ldr.c:163:6:enable_ldr	16	static
../src/ldr.c:174:6:disable_ldr	8	static
