/mnt/785C9EBA5C9E729C/FACULTAD/ED3-Panel-Solar/CMSISv2p00_LPC17xx/inc/core_cm3.h:928:22:NVIC_EnableIRQ	16	static
/mnt/785C9EBA5C9E729C/FACULTAD/ED3-Panel-Solar/CMSISv2p00_LPC17xx/inc/core_cm3.h:941:22:NVIC_DisableIRQ	16	static
../src/stepper_motor.c:53:6:initStepper	8	static
../src/stepper_motor.c:58:6:config_gpio_motor	16	static
../src/stepper_motor.c:85:6:config_timer0	32	static
../src/stepper_motor.c:116:6:TIMER0_IRQHandler	8	static
../src/stepper_motor.c:139:6:set_mode	16	static
../src/stepper_motor.c:152:6:turnRight	16	static
../src/stepper_motor.c:178:6:turnLeft	8	static
../src/stepper_motor.c:198:6:stopMotor	8	static
../src/stepper_motor.c:214:6:turnAngle	24	static
../src/stepper_motor.c:224:6:start_motor	8	static
../src/stepper_motor.c:230:6:isCalib	4	static
../src/stepper_motor.c:234:7:get_current_angle	4	static
