/mnt/785C9EBA5C9E729C/FACULTAD/ED3-Panel-Solar/CMSISv2p00_LPC17xx/inc/core_cm3.h:928:22:NVIC_EnableIRQ	16	static
/mnt/785C9EBA5C9E729C/FACULTAD/ED3-Panel-Solar/CMSISv2p00_LPC17xx/inc/core_cm3.h:941:22:NVIC_DisableIRQ	16	static
../src/stepper_motor.c:50:6:initStepper	8	static
../src/stepper_motor.c:55:6:config_gpio_motor	16	static
../src/stepper_motor.c:82:6:config_timer0	32	static
../src/stepper_motor.c:103:6:TIMER0_IRQHandler	8	static
../src/stepper_motor.c:124:6:set_mode	16	static
../src/stepper_motor.c:136:6:turnRight	16	static
../src/stepper_motor.c:160:6:turnLeft	8	static
../src/stepper_motor.c:180:6:stopMotor	8	static
../src/stepper_motor.c:188:6:turnAngle	24	static
../src/stepper_motor.c:197:6:start_motor	8	static
../src/stepper_motor.c:203:6:set_calib	16	static
../src/stepper_motor.c:209:7:get_current_angle	4	static
