13:33:17 **** Incremental Build of configuration Debug for project Panel-Solar ****
make -r -j8 all 
make[1]: No se hace nada para 'main-build'.
Performing post-build steps
arm-none-eabi-size "Panel-Solar.axf"; # arm-none-eabi-objcopy -v -O binary "Panel-Solar.axf" "Panel-Solar.bin" ; # checksum -p LPC1769 -d "Panel-Solar.bin";
   text	   data	    bss	    dec	    hex	filename
  20764	    172	   1148	  22084	   5644	Panel-Solar.axf
 

13:33:18 Build Finished. 0 errors, 0 warnings. (took 1s.440ms)

